Archive member included to satisfy reference by file (symbol)

e:/dev/tools/gcc-arm-none-eabi-10-2020-q4-major/bin/../lib/gcc/arm-none-eabi/10.2.1/../../../../arm-none-eabi/lib/thumb/v7-m/nofp\libstdc++.a(class_type_info.o)
                              build/Intercom.o (vtable for __cxxabiv1::__class_type_info)
e:/dev/tools/gcc-arm-none-eabi-10-2020-q4-major/bin/../lib/gcc/arm-none-eabi/10.2.1/../../../../arm-none-eabi/lib/thumb/v7-m/nofp\libstdc++.a(del_ops.o)
                              build/Intercom.o (operator delete(void*, unsigned int))
e:/dev/tools/gcc-arm-none-eabi-10-2020-q4-major/bin/../lib/gcc/arm-none-eabi/10.2.1/../../../../arm-none-eabi/lib/thumb/v7-m/nofp\libstdc++.a(eh_arm.o)
                              build/Intercom.o (__cxa_end_cleanup)
e:/dev/tools/gcc-arm-none-eabi-10-2020-q4-major/bin/../lib/gcc/arm-none-eabi/10.2.1/../../../../arm-none-eabi/lib/thumb/v7-m/nofp\libstdc++.a(eh_exception.o)
                              e:/dev/tools/gcc-arm-none-eabi-10-2020-q4-major/bin/../lib/gcc/arm-none-eabi/10.2.1/../../../../arm-none-eabi/lib/thumb/v7-m/nofp\libstdc++.a(eh_arm.o) (typeinfo for __cxxabiv1::__forced_unwind)
e:/dev/tools/gcc-arm-none-eabi-10-2020-q4-major/bin/../lib/gcc/arm-none-eabi/10.2.1/../../../../arm-none-eabi/lib/thumb/v7-m/nofp\libstdc++.a(eh_globals.o)
                              e:/dev/tools/gcc-arm-none-eabi-10-2020-q4-major/bin/../lib/gcc/arm-none-eabi/10.2.1/../../../../arm-none-eabi/lib/thumb/v7-m/nofp\libstdc++.a(eh_arm.o) (__cxa_get_globals)
e:/dev/tools/gcc-arm-none-eabi-10-2020-q4-major/bin/../lib/gcc/arm-none-eabi/10.2.1/../../../../arm-none-eabi/lib/thumb/v7-m/nofp\libstdc++.a(eh_personality.o)
                              build/Intercom.o (__gxx_personality_v0)
e:/dev/tools/gcc-arm-none-eabi-10-2020-q4-major/bin/../lib/gcc/arm-none-eabi/10.2.1/../../../../arm-none-eabi/lib/thumb/v7-m/nofp\libstdc++.a(eh_terminate.o)
                              e:/dev/tools/gcc-arm-none-eabi-10-2020-q4-major/bin/../lib/gcc/arm-none-eabi/10.2.1/../../../../arm-none-eabi/lib/thumb/v7-m/nofp\libstdc++.a(eh_arm.o) (std::terminate())
e:/dev/tools/gcc-arm-none-eabi-10-2020-q4-major/bin/../lib/gcc/arm-none-eabi/10.2.1/../../../../arm-none-eabi/lib/thumb/v7-m/nofp\libstdc++.a(eh_unex_handler.o)
                              e:/dev/tools/gcc-arm-none-eabi-10-2020-q4-major/bin/../lib/gcc/arm-none-eabi/10.2.1/../../../../arm-none-eabi/lib/thumb/v7-m/nofp\libstdc++.a(eh_terminate.o) (__cxxabiv1::__unexpected_handler)
e:/dev/tools/gcc-arm-none-eabi-10-2020-q4-major/bin/../lib/gcc/arm-none-eabi/10.2.1/../../../../arm-none-eabi/lib/thumb/v7-m/nofp\libstdc++.a(guard.o)
                              build/main.o (__cxa_guard_acquire)
e:/dev/tools/gcc-arm-none-eabi-10-2020-q4-major/bin/../lib/gcc/arm-none-eabi/10.2.1/../../../../arm-none-eabi/lib/thumb/v7-m/nofp\libstdc++.a(guard_error.o)
                              e:/dev/tools/gcc-arm-none-eabi-10-2020-q4-major/bin/../lib/gcc/arm-none-eabi/10.2.1/../../../../arm-none-eabi/lib/thumb/v7-m/nofp\libstdc++.a(guard.o) (__gnu_cxx::recursive_init_error::~recursive_init_error())
e:/dev/tools/gcc-arm-none-eabi-10-2020-q4-major/bin/../lib/gcc/arm-none-eabi/10.2.1/../../../../arm-none-eabi/lib/thumb/v7-m/nofp\libstdc++.a(new_op.o)
                              build/Intercom.o (operator new(unsigned int))
e:/dev/tools/gcc-arm-none-eabi-10-2020-q4-major/bin/../lib/gcc/arm-none-eabi/10.2.1/../../../../arm-none-eabi/lib/thumb/v7-m/nofp\libstdc++.a(pure.o)
                              build/Intercom.o (__cxa_pure_virtual)
e:/dev/tools/gcc-arm-none-eabi-10-2020-q4-major/bin/../lib/gcc/arm-none-eabi/10.2.1/../../../../arm-none-eabi/lib/thumb/v7-m/nofp\libstdc++.a(si_class_type_info.o)
                              build/Intercom.o (vtable for __cxxabiv1::__si_class_type_info)
e:/dev/tools/gcc-arm-none-eabi-10-2020-q4-major/bin/../lib/gcc/arm-none-eabi/10.2.1/../../../../arm-none-eabi/lib/thumb/v7-m/nofp\libstdc++.a(tinfo.o)
                              e:/dev/tools/gcc-arm-none-eabi-10-2020-q4-major/bin/../lib/gcc/arm-none-eabi/10.2.1/../../../../arm-none-eabi/lib/thumb/v7-m/nofp\libstdc++.a(class_type_info.o) (std::type_info::~type_info())
e:/dev/tools/gcc-arm-none-eabi-10-2020-q4-major/bin/../lib/gcc/arm-none-eabi/10.2.1/../../../../arm-none-eabi/lib/thumb/v7-m/nofp\libstdc++.a(vterminate.o)
                              e:/dev/tools/gcc-arm-none-eabi-10-2020-q4-major/bin/../lib/gcc/arm-none-eabi/10.2.1/../../../../arm-none-eabi/lib/thumb/v7-m/nofp\libstdc++.a(eh_terminate.o) (__gnu_cxx::__verbose_terminate_handler())
e:/dev/tools/gcc-arm-none-eabi-10-2020-q4-major/bin/../lib/gcc/arm-none-eabi/10.2.1/../../../../arm-none-eabi/lib/thumb/v7-m/nofp\libstdc++.a(bad_alloc.o)
                              e:/dev/tools/gcc-arm-none-eabi-10-2020-q4-major/bin/../lib/gcc/arm-none-eabi/10.2.1/../../../../arm-none-eabi/lib/thumb/v7-m/nofp\libstdc++.a(new_op.o) (std::bad_alloc::~bad_alloc())
[...]
Memory Configuration

Name             Origin             Length             Attributes
RAM              0x20000000         0x00018000         xrw
FLASH            0x08000000         0x00100000         xr
*default*        0x00000000         0xffffffff

Linker script and memory map

LOAD e:/dev/tools/gcc-arm-none-eabi-10-2020-q4-major/bin/../lib/gcc/arm-none-eabi/10.2.1/thumb/v7-m/nofp/crti.o
LOAD e:/dev/tools/gcc-arm-none-eabi-10-2020-q4-major/bin/../lib/gcc/arm-none-eabi/10.2.1/thumb/v7-m/nofp/crtbegin.o
LOAD e:/dev/tools/gcc-arm-none-eabi-10-2020-q4-major/bin/../lib/gcc/arm-none-eabi/10.2.1/../../../../arm-none-eabi/lib/thumb/v7-m/nofp/crt0.o
LOAD build/ConstantRelay.o
LOAD build/Flags.o
LOAD build/ImpulseRelay.o
LOAD build/Intercom.o
LOAD build/InterruptPin.o
LOAD build/InvertedPinOut.o
LOAD build/PinIn.o
LOAD build/PinOut.o
LOAD build/Timer.o
LOAD build/UART_Print.o
LOAD build/main.o
LOAD build/stm32f1xx_hal_msp.o
LOAD build/stm32f1xx_it.o
LOAD build/system_stm32f1xx.o
LOAD build/wiegand.o
LOAD build/stm32f1xx_hal.o
LOAD build/stm32f1xx_hal_cortex.o
LOAD build/stm32f1xx_hal_dma.o
LOAD build/stm32f1xx_hal_exti.o
LOAD build/stm32f1xx_hal_flash.o
LOAD build/stm32f1xx_hal_flash_ex.o
LOAD build/stm32f1xx_hal_gpio.o
LOAD build/stm32f1xx_hal_gpio_ex.o
LOAD build/stm32f1xx_hal_pwr.o
LOAD build/stm32f1xx_hal_rcc.o
LOAD build/stm32f1xx_hal_rcc_ex.o
LOAD build/stm32f1xx_hal_tim.o
LOAD build/stm32f1xx_hal_tim_ex.o
LOAD build/stm32f1xx_hal_uart.o
LOAD build/startup_stm32f103xg.o
LOAD e:/dev/tools/gcc-arm-none-eabi-10-2020-q4-major/bin/../lib/gcc/arm-none-eabi/10.2.1/../../../../arm-none-eabi/lib/thumb/v7-m/nofp\libnosys.a
LOAD e:/dev/tools/gcc-arm-none-eabi-10-2020-q4-major/bin/../lib/gcc/arm-none-eabi/10.2.1/../../../../arm-none-eabi/lib/thumb/v7-m/nofp\libstdc++.a
LOAD e:/dev/tools/gcc-arm-none-eabi-10-2020-q4-major/bin/../lib/gcc/arm-none-eabi/10.2.1/../../../../arm-none-eabi/lib/thumb/v7-m/nofp\libm.a
LOAD e:/dev/tools/gcc-arm-none-eabi-10-2020-q4-major/bin/../lib/gcc/arm-none-eabi/10.2.1/../../../../arm-none-eabi/lib/thumb/v7-m/nofp\libc.a
START GROUP
LOAD e:/dev/tools/gcc-arm-none-eabi-10-2020-q4-major/bin/../lib/gcc/arm-none-eabi/10.2.1/thumb/v7-m/nofp\libgcc.a
LOAD e:/dev/tools/gcc-arm-none-eabi-10-2020-q4-major/bin/../lib/gcc/arm-none-eabi/10.2.1/../../../../arm-none-eabi/lib/thumb/v7-m/nofp\libc.a
END GROUP
START GROUP
LOAD e:/dev/tools/gcc-arm-none-eabi-10-2020-q4-major/bin/../lib/gcc/arm-none-eabi/10.2.1/thumb/v7-m/nofp\libgcc.a
LOAD e:/dev/tools/gcc-arm-none-eabi-10-2020-q4-major/bin/../lib/gcc/arm-none-eabi/10.2.1/../../../../arm-none-eabi/lib/thumb/v7-m/nofp\libc.a
LOAD e:/dev/tools/gcc-arm-none-eabi-10-2020-q4-major/bin/../lib/gcc/arm-none-eabi/10.2.1/../../../../arm-none-eabi/lib/thumb/v7-m/nofp\libnosys.a
END GROUP
LOAD e:/dev/tools/gcc-arm-none-eabi-10-2020-q4-major/bin/../lib/gcc/arm-none-eabi/10.2.1/thumb/v7-m/nofp/crtend.o
LOAD e:/dev/tools/gcc-arm-none-eabi-10-2020-q4-major/bin/../lib/gcc/arm-none-eabi/10.2.1/thumb/v7-m/nofp/crtn.o
                0x20018000                _estack = 0x20018000
                0x00000200                _Min_Heap_Size = 0x200
                0x00000400                _Min_Stack_Size = 0x400

.isr_vector     0x08000000      0x1e4
                0x08000000                . = ALIGN (0x4)
 *(.isr_vector)
 .isr_vector    0x08000000      0x1e4 build/startup_stm32f103xg.o
                0x08000000                g_pfnVectors
                0x080001e4                . = ALIGN (0x4)

.text           0x080001e8    0x1173c
                0x080001e8                . = ALIGN (0x4)
 *(.text)
 .text          0x080001e8       0x40 e:/dev/tools/gcc-arm-none-eabi-10-2020-q4-major/bin/../lib/gcc/arm-none-eabi/10.2.1/thumb/v7-m/nofp/crtbegin.o
 .text          0x08000228     0x5fd8 e:/dev/tools/gcc-arm-none-eabi-10-2020-q4-major/bin/../lib/gcc/arm-none-eabi/10.2.1/../../../../arm-none-eabi/lib/thumb/v7-m/nofp\libstdc++.a(cp-demangle.o)
                0x08006118                __cxa_demangle
                0x080061dc                __gcclibcxx_demangle_callback
 .text          0x08006200       0xec e:/dev/tools/gcc-arm-none-eabi-10-2020-q4-major/bin/../lib/gcc/arm-none-eabi/10.2.1/../../../../arm-none-eabi/lib/thumb/v7-m/nofp\libc.a(lib_a-memcpy.o)
                0x08006200                memcpy
 .text          0x080062ec      0x1bc e:/dev/tools/gcc-arm-none-eabi-10-2020-q4-major/bin/../lib/gcc/arm-none-eabi/10.2.1/../../../../arm-none-eabi/lib/thumb/v7-m/nofp\libc.a(lib_a-strcmp.o)
                0x080062ec                strcmp
 .text          0x080064a8      0x378 e:/dev/tools/gcc-arm-none-eabi-10-2020-q4-major/bin/../lib/gcc/arm-none-eabi/10.2.1/thumb/v7-m/nofp\libgcc.a(_arm_addsubdf3.o)
                0x080064a8                __aeabi_drsub
                0x080064b0                __aeabi_dsub
                0x080064b0                __subdf3
                0x080064b4                __aeabi_dadd
                0x080064b4                __adddf3
                0x0800672c                __floatunsidf
                0x0800672c                __aeabi_ui2d
                0x0800674c                __floatsidf
                0x0800674c                __aeabi_i2d
                0x08006770                __aeabi_f2d
                0x08006770                __extendsfdf2
                0x080067b4                __floatundidf
                0x080067b4                __aeabi_ul2d
                0x080067c4                __floatdidf
                0x080067c4                __aeabi_l2d
 .text          0x08006820      0x424 e:/dev/tools/gcc-arm-none-eabi-10-2020-q4-major/bin/../lib/gcc/arm-none-eabi/10.2.1/thumb/v7-m/nofp\libgcc.a(_arm_muldivdf3.o)
                0x08006820                __aeabi_dmul
                0x08006820                __muldf3
                0x08006a74                __divdf3
                0x08006a74                __aeabi_ddiv
 .text          0x08006c44      0x110 e:/dev/tools/gcc-arm-none-eabi-10-2020-q4-major/bin/../lib/gcc/arm-none-eabi/10.2.1/thumb/v7-m/nofp\libgcc.a(_arm_cmpdf2.o)
                0x08006c44                __gtdf2
                0x08006c44                __gedf2
                0x08006c4c                __ltdf2
                0x08006c4c                __ledf2
                0x08006c54                __nedf2
                0x08006c54                __eqdf2
                0x08006c54                __cmpdf2
                0x08006cd0                __aeabi_cdrcmple
                0x08006ce0                __aeabi_cdcmpeq
                0x08006ce0                __aeabi_cdcmple
                0x08006cf0                __aeabi_dcmpeq
                0x08006d04                __aeabi_dcmplt
                0x08006d18                __aeabi_dcmple
                0x08006d2c                __aeabi_dcmpge
                0x08006d40                __aeabi_dcmpgt
 .text          0x08006d54       0x2c e:/dev/tools/gcc-arm-none-eabi-10-2020-q4-major/bin/../lib/gcc/arm-none-eabi/10.2.1/thumb/v7-m/nofp\libgcc.a(_arm_unorddf2.o)
                0x08006d54                __unorddf2
                0x08006d54                __aeabi_dcmpun
 .text          0x08006d80       0x50 e:/dev/tools/gcc-arm-none-eabi-10-2020-q4-major/bin/../lib/gcc/arm-none-eabi/10.2.1/thumb/v7-m/nofp\libgcc.a(_arm_fixdfsi.o)
                0x08006d80                __aeabi_d2iz
                0x08006d80                __fixdfsi
 .text          0x08006dd0       0x30 e:/dev/tools/gcc-arm-none-eabi-10-2020-q4-major/bin/../lib/gcc/arm-none-eabi/10.2.1/thumb/v7-m/nofp\libgcc.a(_aeabi_uldivmod.o)
                0x08006dd0                __aeabi_uldivmod
 .text          0x08006e00      0x2d4 e:/dev/tools/gcc-arm-none-eabi-10-2020-q4-major/bin/../lib/gcc/arm-none-eabi/10.2.1/thumb/v7-m/nofp\libgcc.a(_udivmoddi4.o)
                0x08006e00                __udivmoddi4
 .text          0x080070d4      0x9e4 e:/dev/tools/gcc-arm-none-eabi-10-2020-q4-major/bin/../lib/gcc/arm-none-eabi/10.2.1/thumb/v7-m/nofp\libgcc.a(unwind-arm.o)
                0x08007394                _Unwind_GetCFA
                0x08007398                __gnu_Unwind_RaiseException
                0x08007400                __gnu_Unwind_ForcedUnwind
                0x08007414                __gnu_Unwind_Resume
                0x08007458                __gnu_Unwind_Resume_or_Rethrow
                0x0800746c                _Unwind_Complete
                0x08007470                _Unwind_DeleteException
                0x0800747c                _Unwind_VRS_Get
                0x080074c8                _Unwind_VRS_Set
                0x08007510                __gnu_Unwind_Backtrace
                0x08007838                __aeabi_unwind_cpp_pr0
                0x0800783c                __aeabi_unwind_cpp_pr1
                0x08007840                __aeabi_unwind_cpp_pr2
                0x08007844                _Unwind_VRS_Pop
 .text          0x08007ab8      0x1ac e:/dev/tools/gcc-arm-none-eabi-10-2020-q4-major/bin/../lib/gcc/arm-none-eabi/10.2.1/thumb/v7-m/nofp\libgcc.a(libunwind.o)
                0x08007ab8                __restore_core_regs
                0x08007ab8                restore_core_regs
                0x08007ad0                __gnu_Unwind_Restore_VFP
                0x08007ad8                __gnu_Unwind_Save_VFP
                0x08007ae0                __gnu_Unwind_Restore_VFP_D
                0x08007ae8                __gnu_Unwind_Save_VFP_D
                0x08007af0                __gnu_Unwind_Restore_VFP_D_16_to_31
                0x08007af8                __gnu_Unwind_Save_VFP_D_16_to_31
                0x08007b00                __gnu_Unwind_Restore_WMMXD
                0x08007b44                __gnu_Unwind_Save_WMMXD
                0x08007b88                __gnu_Unwind_Restore_WMMXC
                0x08007b9c                __gnu_Unwind_Save_WMMXC
                0x08007bb0                ___Unwind_RaiseException
                0x08007bb0                _Unwind_RaiseException
                0x08007bd4                _Unwind_Resume
                0x08007bd4                ___Unwind_Resume
                0x08007bf8                _Unwind_Resume_or_Rethrow
                0x08007bf8                ___Unwind_Resume_or_Rethrow
                0x08007c1c                _Unwind_ForcedUnwind
                0x08007c1c                ___Unwind_ForcedUnwind
                0x08007c40                ___Unwind_Backtrace
                0x08007c40                _Unwind_Backtrace
 .text          0x08007c64      0x38c e:/dev/tools/gcc-arm-none-eabi-10-2020-q4-major/bin/../lib/gcc/arm-none-eabi/10.2.1/thumb/v7-m/nofp\libgcc.a(pr-support.o)
                0x08007cbc                __gnu_unwind_execute
                0x08007fa0                __gnu_unwind_frame
                0x08007fd0                _Unwind_GetRegionStart
                0x08007fdc                _Unwind_GetLanguageSpecificData
 .text          0x08007ff0        0x4 e:/dev/tools/gcc-arm-none-eabi-10-2020-q4-major/bin/../lib/gcc/arm-none-eabi/10.2.1/thumb/v7-m/nofp\libgcc.a(_dvmd_tls.o)
                0x08007ff0                __aeabi_idiv0
                0x08007ff0                __aeabi_ldiv0
 *(.text*)
 .text._ZN10ClosedMode13KeyReadHandleEv
                0x08007ff4       0x30 build/Intercom.o
                0x08007ff4                ClosedMode::KeyReadHandle()
 .text._ZN8OpenMode13KeyReadHandleEv
                0x08008024       0x40 build/Intercom.o
                0x08008024                OpenMode::KeyReadHandle()
 .text._ZN4ModeD2Ev
                0x08008064        0xc build/Intercom.o
                0x08008064                Mode::~Mode()
                0x08008064                Mode::~Mode()
 .text._ZN12CondOpenModeD2Ev
                0x08008070       0x14 build/Intercom.o
                0x08008070                CondOpenMode::~CondOpenMode()
                0x08008070                CondOpenMode::~CondOpenMode()
 .text._ZN12CondOpenModeD0Ev
                0x08008084       0x1c build/Intercom.o
                0x08008084                CondOpenMode::~CondOpenMode()
 .text._ZN8OpenModeD2Ev
                0x080080a0       0x14 build/Intercom.o
                0x080080a0                OpenMode::~OpenMode()
                0x080080a0                OpenMode::~OpenMode()
 .text._ZN8OpenModeD0Ev
                0x080080b4       0x1c build/Intercom.o
                0x080080b4                OpenMode::~OpenMode()
 .text._ZN10ClosedModeD2Ev
                0x080080d0       0x14 build/Intercom.o
                0x080080d0                ClosedMode::~ClosedMode()
                0x080080d0                ClosedMode::~ClosedMode()
 .text._ZN10ClosedModeD0Ev
                0x080080e4       0x1c build/Intercom.o
                0x080080e4                ClosedMode::~ClosedMode()
 .text._ZN10NormalModeD2Ev
                0x08008100       0x14 build/Intercom.o
                0x08008100                NormalMode::~NormalMode()
                0x08008100                NormalMode::~NormalMode()
 .text._ZN10NormalModeD0Ev
                0x08008114       0x1c build/Intercom.o
                0x08008114                NormalMode::~NormalMode()
 .text._ZN4Mode7setModeEP7Context
                0x08008130        0x4 build/Intercom.o
                0x08008130                Mode::setMode(Context*)
 .text._ZN7ContextD2Ev
                0x08008134       0x12 build/Intercom.o
                0x08008134                Context::~Context()
                0x08008134                Context::~Context()
 .text._ZN7Context12TransitionToEP4Mode
                0x08008146       0x10 build/Intercom.o
                0x08008146                Context::TransitionTo(Mode*)
 *fill*         0x08008156        0x2 
 .text._ZN7ContextC2E12IntercomMode
                0x08008158       0x94 build/Intercom.o
                0x08008158                Context::Context(IntercomMode)
                0x08008158                Context::Context(IntercomMode)
 .text._ZN12CondOpenMode13KeyReadHandleEv
                0x080081ec       0x6c build/Intercom.o
                0x080081ec                CondOpenMode::KeyReadHandle()
 .text._ZN7Context12KeyReadEventEv
                0x08008258        0xc build/Intercom.o
                0x08008258                Context::KeyReadEvent()
 .text._Z10verifyCodem
                0x08008264       0x1c build/Intercom.o
                0x08008264                verifyCode(unsigned long)
 .text._ZN10NormalMode13KeyReadHandleEv
                0x08008280       0x58 build/Intercom.o
                0x08008280                NormalMode::KeyReadHandle()
 .text._Z8intercombb
                0x080082d8       0x54 build/Intercom.o
                0x080082d8                intercom(bool, bool)
 .text._ZN12InterruptPinC2EP12GPIO_TypeDeft
                0x0800832c        0xc build/InterruptPin.o
                0x0800832c                InterruptPin::InterruptPin(GPIO_TypeDef*, unsigned short)
                0x0800832c                InterruptPin::InterruptPin(GPIO_TypeDef*, unsigned short)
 .text._ZN12InterruptPin14isStateChangedEv
                0x08008338        0xe build/InterruptPin.o
                0x08008338                InterruptPin::isStateChanged()
 .text._ZN12InterruptPin15setStateChangedEv
                0x08008346        0x6 build/InterruptPin.o
                0x08008346                InterruptPin::setStateChanged()
 .text._ZN14InvertedPinOutC2EP12GPIO_TypeDeft
                0x0800834c        0xc build/InvertedPinOut.o
                0x0800834c                InvertedPinOut::InvertedPinOut(GPIO_TypeDef*, unsigned short)
                0x0800834c                InvertedPinOut::InvertedPinOut(GPIO_TypeDef*, unsigned short)
 .text._ZN14InvertedPinOut6turnOnEv
                0x08008358        0xa build/InvertedPinOut.o
                0x08008358                InvertedPinOut::turnOn()
 .text._ZN14InvertedPinOut7turnOffEv
                0x08008362        0xa build/InvertedPinOut.o
                0x08008362                InvertedPinOut::turnOff()
 .text._ZN5PinInC2EP12GPIO_TypeDeft
                0x0800836c       0x2c build/PinIn.o
                0x0800836c                PinIn::PinIn(GPIO_TypeDef*, unsigned short)
                0x0800836c                PinIn::PinIn(GPIO_TypeDef*, unsigned short)
 .text._ZN5PinIn8getStateEv
                0x08008398       0x16 build/PinIn.o
                0x08008398                PinIn::getState()
 *fill*         0x080083ae        0x2 
 .text._ZN6PinOutC2EP12GPIO_TypeDeft
                0x080083b0       0x68 build/PinOut.o
                0x080083b0                PinOut::PinOut(GPIO_TypeDef*, unsigned short)
                0x080083b0                PinOut::PinOut(GPIO_TypeDef*, unsigned short)
 .text._ZN6PinOut8setStateE5State
                0x08008418       0x22 build/PinOut.o
                0x08008418                PinOut::setState(State)
 .text._ZN6PinOut6turnOnEv
                0x0800843a        0xa build/PinOut.o
                0x0800843a                PinOut::turnOn()
 .text._ZN6PinOut7turnOffEv
                0x08008444        0xa build/PinOut.o
                0x08008444                PinOut::turnOff()
 .text._ZN5TimerC2Emm
                0x0800844e        0x6 build/Timer.o
                0x0800844e                Timer::Timer(unsigned long, unsigned long)
                0x0800844e                Timer::Timer(unsigned long, unsigned long)
 .text._ZN5Timer5startEv
                0x08008454        0xc build/Timer.o
                0x08008454                Timer::start()
 .text._ZN5Timer12getStartTimeEv
                0x08008460        0x4 build/Timer.o
                0x08008460                Timer::getStartTime()
 .text._ZN5Timer11setLastTickEv
                0x08008464        0xc build/Timer.o
                0x08008464                Timer::setLastTick()
 .text._ZN5Timer11getLastTickEv
                0x08008470        0x4 build/Timer.o
                0x08008470                Timer::getLastTick()
 .text._ZL12MX_GPIO_Initv
                0x08008474       0xe8 build/main.o
 .text._Z41__static_initialization_and_destruction_0ii
                0x0800855c       0x9c build/main.o
 .text._Z12DenyKeyEventv
                0x080085f8       0xf8 build/main.o
                0x080085f8                DenyKeyEvent()
 .text.HAL_GPIO_EXTI_Callback
                0x080086f0       0xb8 build/main.o
                0x080086f0                HAL_GPIO_EXTI_Callback
 .text._Z11UART_PrintfPKcz
                0x080087a8       0x3c build/main.o
                0x080087a8                UART_Printf(char const*, ...)
 .text._Z14TimeTrackEventv
                0x080087e4       0x50 build/main.o
                0x080087e4                TimeTrackEvent()
 .text._Z15DoorSensorEventv
                0x08008834       0x7c build/main.o
                0x08008834                DoorSensorEvent()
 .text._Z18ButtonPressedEventv
                0x080088b0       0x64 build/main.o
                0x080088b0                ButtonPressedEvent()
 .text._Z17TempOpenModeEventv
                0x08008914      0x1b0 build/main.o
                0x08008914                TempOpenModeEvent()
 .text._Z14TempAlarmEventv
                0x08008ac4       0xcc build/main.o
                0x08008ac4                TempAlarmEvent()
 .text._Z10AlarmEventv
                0x08008b90      0x104 build/main.o
                0x08008b90                AlarmEvent()
 .text._Z10switchModev
                0x08008c94       0x94 build/main.o
                0x08008c94                switchMode()
 .text._Z15ChangeModeEventv
                0x08008d28       0x28 build/main.o
                0x08008d28                ChangeModeEvent()
 .text.Error_Handler
                0x08008d50        0x4 build/main.o
                0x08008d50                Error_Handler
 .text._Z18SystemClock_Configv
                0x08008d54       0x62 build/main.o
                0x08008d54                SystemClock_Config()
 *fill*         0x08008db6        0x2 
 .text._ZL19MX_USART1_UART_Initv
                0x08008db8       0x34 build/main.o
 .text.main     0x08008dec       0x84 build/main.o
                0x08008dec                main
 .text._GLOBAL__sub_I_huart1
                0x08008e70        0xe build/main.o
 *fill*         0x08008e7e        0x2 
 .text.HAL_MspInit
                0x08008e80       0x40 build/stm32f1xx_hal_msp.o
                0x08008e80                HAL_MspInit
 .text.HAL_UART_MspInit
                0x08008ec0       0x88 build/stm32f1xx_hal_msp.o
                0x08008ec0                HAL_UART_MspInit
 .text.NMI_Handler
                0x08008f48        0x2 build/stm32f1xx_it.o
                0x08008f48                NMI_Handler
 .text.HardFault_Handler
                0x08008f4a        0x2 build/stm32f1xx_it.o
                0x08008f4a                HardFault_Handler
 .text.MemManage_Handler
                0x08008f4c        0x2 build/stm32f1xx_it.o
                0x08008f4c                MemManage_Handler
 .text.BusFault_Handler
                0x08008f4e        0x2 build/stm32f1xx_it.o
                0x08008f4e                BusFault_Handler
 .text.UsageFault_Handler
                0x08008f50        0x2 build/stm32f1xx_it.o
                0x08008f50                UsageFault_Handler
 .text.SVC_Handler
                0x08008f52        0x2 build/stm32f1xx_it.o
                0x08008f52                SVC_Handler
 .text.DebugMon_Handler
                0x08008f54        0x2 build/stm32f1xx_it.o
                0x08008f54                DebugMon_Handler
 .text.PendSV_Handler
                0x08008f56        0x2 build/stm32f1xx_it.o
                0x08008f56                PendSV_Handler
 .text.SysTick_Handler
                0x08008f58        0x8 build/stm32f1xx_it.o
                0x08008f58                SysTick_Handler
 .text.EXTI0_IRQHandler
                0x08008f60        0xa build/stm32f1xx_it.o
                0x08008f60                EXTI0_IRQHandler
 .text.EXTI1_IRQHandler
                0x08008f6a        0xa build/stm32f1xx_it.o
                0x08008f6a                EXTI1_IRQHandler
 .text.EXTI2_IRQHandler
                0x08008f74        0xa build/stm32f1xx_it.o
                0x08008f74                EXTI2_IRQHandler
 .text.EXTI3_IRQHandler
                0x08008f7e        0xa build/stm32f1xx_it.o
                0x08008f7e                EXTI3_IRQHandler
 .text.EXTI9_5_IRQHandler
                0x08008f88       0x18 build/stm32f1xx_it.o
                0x08008f88                EXTI9_5_IRQHandler
 .text.USART1_IRQHandler
                0x08008fa0       0x10 build/stm32f1xx_it.o
                0x08008fa0                USART1_IRQHandler
 .text.SystemInit
                0x08008fb0        0x2 build/system_stm32f1xx.o
                0x08008fb0                SystemInit
 *fill*         0x08008fb2        0x2 
 .text.getCode  0x08008fb4        0xc build/wiegand.o
                0x08008fb4                getCode
 .text.ReadD0   0x08008fc0       0x54 build/wiegand.o
                0x08008fc0                ReadD0
 .text.ReadD1   0x08009014       0x64 build/wiegand.o
                0x08009014                ReadD1
 .text.GetCardId
                0x08009078       0x30 build/wiegand.o
                0x08009078                GetCardId
 .text.translateEnterEscapeKeyPress
                0x080090a8       0x10 build/wiegand.o
                0x080090a8                translateEnterEscapeKeyPress
 .text.wig_available
                0x080090b8      0x148 build/wiegand.o
                0x080090b8                wig_available
 .text.HAL_InitTick
                0x08009200       0x4c build/stm32f1xx_hal.o
                0x08009200                HAL_InitTick
 .text.HAL_Init
                0x0800924c       0x24 build/stm32f1xx_hal.o
                0x0800924c                HAL_Init
 .text.HAL_IncTick
                0x08009270       0x18 build/stm32f1xx_hal.o
                0x08009270                HAL_IncTick
 .text.HAL_GetTick
                0x08009288        0xc build/stm32f1xx_hal.o
                0x08009288                HAL_GetTick
 .text.HAL_NVIC_SetPriorityGrouping
                0x08009294       0x24 build/stm32f1xx_hal_cortex.o
                0x08009294                HAL_NVIC_SetPriorityGrouping
 .text.HAL_NVIC_SetPriority
                0x080092b8       0x70 build/stm32f1xx_hal_cortex.o
                0x080092b8                HAL_NVIC_SetPriority
 .text.HAL_NVIC_EnableIRQ
                0x08009328       0x1c build/stm32f1xx_hal_cortex.o
                0x08009328                HAL_NVIC_EnableIRQ
 .text.HAL_SYSTICK_Config
                0x08009344       0x28 build/stm32f1xx_hal_cortex.o
                0x08009344                HAL_SYSTICK_Config
 .text.HAL_DMA_Abort_IT
                0x0800936c      0x168 build/stm32f1xx_hal_dma.o
                0x0800936c                HAL_DMA_Abort_IT
 .text.HAL_GPIO_Init
                0x080094d4      0x240 build/stm32f1xx_hal_gpio.o
                0x080094d4                HAL_GPIO_Init
 .text.HAL_GPIO_ReadPin
                0x08009714        0xe build/stm32f1xx_hal_gpio.o
                0x08009714                HAL_GPIO_ReadPin
 .text.HAL_GPIO_WritePin
                0x08009722        0xc build/stm32f1xx_hal_gpio.o
                0x08009722                HAL_GPIO_WritePin
 *fill*         0x0800972e        0x2 
 .text.HAL_GPIO_EXTI_IRQHandler
                0x08009730       0x1c build/stm32f1xx_hal_gpio.o
                0x08009730                HAL_GPIO_EXTI_IRQHandler
 .text.RCC_Delay
                0x0800974c       0x2c build/stm32f1xx_hal_rcc.o
 .text.HAL_RCC_OscConfig
                0x08009778      0x410 build/stm32f1xx_hal_rcc.o
                0x08009778                HAL_RCC_OscConfig
 .text.HAL_RCC_GetSysClockFreq
                0x08009b88       0x6c build/stm32f1xx_hal_rcc.o
                0x08009b88                HAL_RCC_GetSysClockFreq
 .text.HAL_RCC_ClockConfig
                0x08009bf4      0x16c build/stm32f1xx_hal_rcc.o
                0x08009bf4                HAL_RCC_ClockConfig
 .text.HAL_RCC_GetHCLKFreq
                0x08009d60        0xc build/stm32f1xx_hal_rcc.o
                0x08009d60                HAL_RCC_GetHCLKFreq
 .text.HAL_RCC_GetPCLK1Freq
                0x08009d6c       0x20 build/stm32f1xx_hal_rcc.o
                0x08009d6c                HAL_RCC_GetPCLK1Freq
 .text.HAL_RCC_GetPCLK2Freq
                0x08009d8c       0x20 build/stm32f1xx_hal_rcc.o
                0x08009d8c                HAL_RCC_GetPCLK2Freq
 .text.UART_EndRxTransfer
                0x08009dac       0x1c build/stm32f1xx_hal_uart.o
 .text.UART_Transmit_IT
                0x08009dc8       0x60 build/stm32f1xx_hal_uart.o
 .text.UART_SetConfig
                0x08009e28       0x94 build/stm32f1xx_hal_uart.o
 .text.UART_WaitOnFlagUntilTimeout
                0x08009ebc       0x6c build/stm32f1xx_hal_uart.o
 .text.HAL_UART_Init
                0x08009f28       0x5e build/stm32f1xx_hal_uart.o
                0x08009f28                HAL_UART_Init
 .text.HAL_UART_Transmit
                0x08009f86       0xd8 build/stm32f1xx_hal_uart.o
                0x08009f86                HAL_UART_Transmit
 .text.HAL_UART_TxCpltCallback
                0x0800a05e        0x2 build/stm32f1xx_hal_uart.o
                0x0800a05e                HAL_UART_TxCpltCallback
 .text.UART_EndTransmit_IT
                0x0800a060       0x1a build/stm32f1xx_hal_uart.o
 .text.HAL_UART_RxCpltCallback
                0x0800a07a        0x2 build/stm32f1xx_hal_uart.o
                0x0800a07a                HAL_UART_RxCpltCallback
 .text.UART_Receive_IT
                0x0800a07c       0x94 build/stm32f1xx_hal_uart.o
 .text.HAL_UART_ErrorCallback
                0x0800a110        0x2 build/stm32f1xx_hal_uart.o
                0x0800a110                HAL_UART_ErrorCallback
 *fill*         0x0800a112        0x2 
 .text.HAL_UART_IRQHandler
                0x0800a114      0x128 build/stm32f1xx_hal_uart.o
                0x0800a114                HAL_UART_IRQHandler
 .text.UART_DMAAbortOnError
                0x0800a23c       0x10 build/stm32f1xx_hal_uart.o
 .text.Reset_Handler
                0x0800a24c       0x48 build/startup_stm32f103xg.o
                0x0800a24c                Reset_Handler
 .text.Default_Handler
                0x0800a294        0x2 build/startup_stm32f103xg.o
                0x0800a294                RTC_Alarm_IRQHandler
                0x0800a294                TIM8_CC_IRQHandler
                0x0800a294                TIM1_CC_IRQHandler
                0x0800a294                TIM6_IRQHandler
                0x0800a294                PVD_IRQHandler
                0x0800a294                SDIO_IRQHandler
                0x0800a294                TIM8_TRG_COM_TIM14_IRQHandler
                0x0800a294                TIM1_UP_TIM10_IRQHandler
                0x0800a294                TIM8_UP_TIM13_IRQHandler
                0x0800a294                I2C2_EV_IRQHandler
                0x0800a294                ADC1_2_IRQHandler
                0x0800a294                SPI1_IRQHandler
                0x0800a294                TAMPER_IRQHandler
                0x0800a294                TIM1_BRK_TIM9_IRQHandler
                0x0800a294                DMA2_Channel2_IRQHandler
                0x0800a294                DMA1_Channel4_IRQHandler
                0x0800a294                USART3_IRQHandler
                0x0800a294                RTC_IRQHandler
                0x0800a294                DMA1_Channel7_IRQHandler
                0x0800a294                CAN1_RX1_IRQHandler
                0x0800a294                UART5_IRQHandler
                0x0800a294                ADC3_IRQHandler
                0x0800a294                TIM4_IRQHandler
                0x0800a294                DMA2_Channel1_IRQHandler
                0x0800a294                I2C1_EV_IRQHandler
                0x0800a294                DMA1_Channel6_IRQHandler
                0x0800a294                UART4_IRQHandler
                0x0800a294                TIM3_IRQHandler
                0x0800a294                RCC_IRQHandler
                0x0800a294                TIM8_BRK_TIM12_IRQHandler
                0x0800a294                DMA1_Channel1_IRQHandler
                0x0800a294                Default_Handler
                0x0800a294                EXTI15_10_IRQHandler
                0x0800a294                TIM7_IRQHandler
                0x0800a294                TIM5_IRQHandler
                0x0800a294                SPI2_IRQHandler
                0x0800a294                DMA1_Channel5_IRQHandler
                0x0800a294                EXTI4_IRQHandler
                0x0800a294                USB_LP_CAN1_RX0_IRQHandler
                0x0800a294                USB_HP_CAN1_TX_IRQHandler
                0x0800a294                DMA1_Channel3_IRQHandler
                0x0800a294                FSMC_IRQHandler
                0x0800a294                WWDG_IRQHandler
                0x0800a294                TIM2_IRQHandler
                0x0800a294                TIM1_TRG_COM_TIM11_IRQHandler
                0x0800a294                DMA2_Channel4_5_IRQHandler
                0x0800a294                USART2_IRQHandler
                0x0800a294                I2C2_ER_IRQHandler
                0x0800a294                DMA1_Channel2_IRQHandler
                0x0800a294                CAN1_SCE_IRQHandler
                0x0800a294                FLASH_IRQHandler
                0x0800a294                SPI3_IRQHandler
                0x0800a294                I2C1_ER_IRQHandler
                0x0800a294                USBWakeUp_IRQHandler
                0x0800a294                DMA2_Channel3_IRQHandler
 *fill*         0x0800a296        0x2 
 .text._ZNK10__cxxabiv117__class_type_info11__do_upcastEPKS0_PPv
                0x0800a298       0x34 e:/dev/tools/gcc-arm-none-eabi-10-2020-q4-major/bin/../lib/gcc/arm-none-eabi/10.2.1/../../../../arm-none-eabi/lib/thumb/v7-m/nofp\libstdc++.a(class_type_info.o)
                0x0800a298                __cxxabiv1::__class_type_info::__do_upcast(__cxxabiv1::__class_type_info const*, void**) const
 .text._ZNK10__cxxabiv117__class_type_info20__do_find_public_srcEiPKvPKS0_S2_
                0x0800a2cc        0xc e:/dev/tools/gcc-arm-none-eabi-10-2020-q4-major/bin/../lib/gcc/arm-none-eabi/10.2.1/../../../../arm-none-eabi/lib/thumb/v7-m/nofp\libstdc++.a(class_type_info.o)
                0x0800a2cc                __cxxabiv1::__class_type_info::__do_find_public_src(int, void const*, __cxxabiv1::__class_type_info const*, void const*) const
 .text._ZN10__cxxabiv117__class_type_infoD2Ev
                0x0800a2d8       0x14 e:/dev/tools/gcc-arm-none-eabi-10-2020-q4-major/bin/../lib/gcc/arm-none-eabi/10.2.1/../../../../arm-none-eabi/lib/thumb/v7-m/nofp\libstdc++.a(class_type_info.o)
                0x0800a2d8                __cxxabiv1::__class_type_info::~__class_type_info()
                0x0800a2d8                __cxxabiv1::__class_type_info::~__class_type_info()
 .text._ZN10__cxxabiv117__class_type_infoD0Ev
                0x0800a2ec       0x1c e:/dev/tools/gcc-arm-none-eabi-10-2020-q4-major/bin/../lib/gcc/arm-none-eabi/10.2.1/../../../../arm-none-eabi/lib/thumb/v7-m/nofp\libstdc++.a(class_type_info.o)
                0x0800a2ec                __cxxabiv1::__class_type_info::~__class_type_info()
 .text._ZNK10__cxxabiv117__class_type_info12__do_dyncastEiNS0_10__sub_kindEPKS0_PKvS3_S5_RNS0_16__dyncast_resultE
                0x0800a308       0x44 e:/dev/tools/gcc-arm-none-eabi-10-2020-q4-major/bin/../lib/gcc/arm-none-eabi/10.2.1/../../../../arm-none-eabi/lib/thumb/v7-m/nofp\libstdc++.a(class_type_info.o)
                0x0800a308                __cxxabiv1::__class_type_info::__do_dyncast(int, __cxxabiv1::__class_type_info::__sub_kind, __cxxabiv1::__class_type_info const*, void const*, __cxxabiv1::__class_type_info const*, void const*, __cxxabiv1::__class_type_info::__dyncast_result&) const
 .text._ZNK10__cxxabiv117__class_type_info11__do_upcastEPKS0_PKvRNS0_15__upcast_resultE
                0x0800a34c       0x1c e:/dev/tools/gcc-arm-none-eabi-10-2020-q4-major/bin/../lib/gcc/arm-none-eabi/10.2.1/../../../../arm-none-eabi/lib/thumb/v7-m/nofp\libstdc++.a(class_type_info.o)
                0x0800a34c                __cxxabiv1::__class_type_info::__do_upcast(__cxxabiv1::__class_type_info const*, void const*, __cxxabiv1::__class_type_info::__upcast_result&) const
 .text._ZNK10__cxxabiv117__class_type_info10__do_catchEPKSt9type_infoPPvj
                0x0800a368       0x2c e:/dev/tools/gcc-arm-none-eabi-10-2020-q4-major/bin/../lib/gcc/arm-none-eabi/10.2.1/../../../../arm-none-eabi/lib/thumb/v7-m/nofp\libstdc++.a(class_type_info.o)
                0x0800a368                __cxxabiv1::__class_type_info::__do_catch(std::type_info const*, void**, unsigned int) const
 .text._ZdlPvj  0x0800a394        0x4 e:/dev/tools/gcc-arm-none-eabi-10-2020-q4-major/bin/../lib/gcc/arm-none-eabi/10.2.1/../../../../arm-none-eabi/lib/thumb/v7-m/nofp\libstdc++.a(del_ops.o)
                0x0800a394                operator delete(void*, unsigned int)
 .text.__cxa_end_cleanup
                0x0800a398        0xc e:/dev/tools/gcc-arm-none-eabi-10-2020-q4-major/bin/../lib/gcc/arm-none-eabi/10.2.1/../../../../arm-none-eabi/lib/thumb/v7-m/nofp\libstdc++.a(eh_arm.o)
                0x0800a398                __cxa_end_cleanup
 .text.__cxa_type_match
                0x0800a3a4       0xb4 e:/dev/tools/gcc-arm-none-eabi-10-2020-q4-major/bin/../lib/gcc/arm-none-eabi/10.2.1/../../../../arm-none-eabi/lib/thumb/v7-m/nofp\libstdc++.a(eh_arm.o)
                0x0800a3a4                __cxa_type_match
 .text.__cxa_begin_cleanup
                0x0800a458       0x64 e:/dev/tools/gcc-arm-none-eabi-10-2020-q4-major/bin/../lib/gcc/arm-none-eabi/10.2.1/../../../../arm-none-eabi/lib/thumb/v7-m/nofp\libstdc++.a(eh_arm.o)
                0x0800a458                __cxa_begin_cleanup
 .text.__gnu_end_cleanup
                0x0800a4bc       0x70 e:/dev/tools/gcc-arm-none-eabi-10-2020-q4-major/bin/../lib/gcc/arm-none-eabi/10.2.1/../../../../arm-none-eabi/lib/thumb/v7-m/nofp\libstdc++.a(eh_arm.o)
                0x0800a4bc                __gnu_end_cleanup
 .text._ZNSt9exceptionD2Ev
                0x0800a52c        0x4 e:/dev/tools/gcc-arm-none-eabi-10-2020-q4-major/bin/../lib/gcc/arm-none-eabi/10.2.1/../../../../arm-none-eabi/lib/thumb/v7-m/nofp\libstdc++.a(eh_exception.o)
                0x0800a52c                std::exception::~exception()
                0x0800a52c                std::exception::~exception()
 .text._ZNSt13bad_exceptionD2Ev
                0x0800a530        0x4 e:/dev/tools/gcc-arm-none-eabi-10-2020-q4-major/bin/../lib/gcc/arm-none-eabi/10.2.1/../../../../arm-none-eabi/lib/thumb/v7-m/nofp\libstdc++.a(eh_exception.o)
                0x0800a530                std::bad_exception::~bad_exception()
                0x0800a530                std::bad_exception::~bad_exception()
 .text._ZNKSt9exception4whatEv
                0x0800a534        0x8 e:/dev/tools/gcc-arm-none-eabi-10-2020-q4-major/bin/../lib/gcc/arm-none-eabi/10.2.1/../../../../arm-none-eabi/lib/thumb/v7-m/nofp\libstdc++.a(eh_exception.o)
                0x0800a534                std::exception::what() const
                0x0800a534                transaction clone for std::exception::what() const
 .text._ZNKSt13bad_exception4whatEv
                0x0800a53c        0x8 e:/dev/tools/gcc-arm-none-eabi-10-2020-q4-major/bin/../lib/gcc/arm-none-eabi/10.2.1/../../../../arm-none-eabi/lib/thumb/v7-m/nofp\libstdc++.a(eh_exception.o)
                0x0800a53c                std::bad_exception::what() const
                0x0800a53c                transaction clone for std::bad_exception::what() const
 .text._ZNSt13bad_exceptionD0Ev
                0x0800a544       0x10 e:/dev/tools/gcc-arm-none-eabi-10-2020-q4-major/bin/../lib/gcc/arm-none-eabi/10.2.1/../../../../arm-none-eabi/lib/thumb/v7-m/nofp\libstdc++.a(eh_exception.o)
                0x0800a544                std::bad_exception::~bad_exception()
 .text.__cxa_get_globals_fast
                0x0800a554        0x8 e:/dev/tools/gcc-arm-none-eabi-10-2020-q4-major/bin/../lib/gcc/arm-none-eabi/10.2.1/../../../../arm-none-eabi/lib/thumb/v7-m/nofp\libstdc++.a(eh_globals.o)
                0x0800a554                __cxa_get_globals_fast
 .text.__cxa_get_globals
                0x0800a55c        0x8 e:/dev/tools/gcc-arm-none-eabi-10-2020-q4-major/bin/../lib/gcc/arm-none-eabi/10.2.1/../../../../arm-none-eabi/lib/thumb/v7-m/nofp\libstdc++.a(eh_globals.o)
                0x0800a55c                __cxa_get_globals
 .text._ZL28read_encoded_value_with_basehjPKhPj
                0x0800a564       0xc0 e:/dev/tools/gcc-arm-none-eabi-10-2020-q4-major/bin/../lib/gcc/arm-none-eabi/10.2.1/../../../../arm-none-eabi/lib/thumb/v7-m/nofp\libstdc++.a(eh_personality.o)
 .text._ZL21base_of_encoded_valuehP15_Unwind_Context
                0x0800a624       0x48 e:/dev/tools/gcc-arm-none-eabi-10-2020-q4-major/bin/../lib/gcc/arm-none-eabi/10.2.1/../../../../arm-none-eabi/lib/thumb/v7-m/nofp\libstdc++.a(eh_personality.o)
 .text._ZL17parse_lsda_headerP15_Unwind_ContextPKhP16lsda_header_info
                0x0800a66c       0x94 e:/dev/tools/gcc-arm-none-eabi-10-2020-q4-major/bin/../lib/gcc/arm-none-eabi/10.2.1/../../../../arm-none-eabi/lib/thumb/v7-m/nofp\libstdc++.a(eh_personality.o)
 .text.__gxx_personality_v0
                0x0800a700      0x4a4 e:/dev/tools/gcc-arm-none-eabi-10-2020-q4-major/bin/../lib/gcc/arm-none-eabi/10.2.1/../../../../arm-none-eabi/lib/thumb/v7-m/nofp\libstdc++.a(eh_personality.o)
                0x0800a700                __gxx_personality_v0
 .text._ZN10__cxxabiv111__terminateEPFvvE
                0x0800aba4       0x28 e:/dev/tools/gcc-arm-none-eabi-10-2020-q4-major/bin/../lib/gcc/arm-none-eabi/10.2.1/../../../../arm-none-eabi/lib/thumb/v7-m/nofp\libstdc++.a(eh_terminate.o)
                0x0800aba4                __cxxabiv1::__terminate(void (*)())
 .text._ZSt9terminatev
                0x0800abcc       0x14 e:/dev/tools/gcc-arm-none-eabi-10-2020-q4-major/bin/../lib/gcc/arm-none-eabi/10.2.1/../../../../arm-none-eabi/lib/thumb/v7-m/nofp\libstdc++.a(eh_terminate.o)
                0x0800abcc                std::terminate()
 .text._ZN10__cxxabiv112__unexpectedEPFvvE
                0x0800abe0        0x8 e:/dev/tools/gcc-arm-none-eabi-10-2020-q4-major/bin/../lib/gcc/arm-none-eabi/10.2.1/../../../../arm-none-eabi/lib/thumb/v7-m/nofp\libstdc++.a(eh_terminate.o)
                0x0800abe0                __cxxabiv1::__unexpected(void (*)())
 .text._ZSt10unexpectedv
                0x0800abe8       0x14 e:/dev/tools/gcc-arm-none-eabi-10-2020-q4-major/bin/../lib/gcc/arm-none-eabi/10.2.1/../../../../arm-none-eabi/lib/thumb/v7-m/nofp\libstdc++.a(eh_terminate.o)
                0x0800abe8                std::unexpected()
 .text._ZSt13get_terminatev
                0x0800abfc       0x10 e:/dev/tools/gcc-arm-none-eabi-10-2020-q4-major/bin/../lib/gcc/arm-none-eabi/10.2.1/../../../../arm-none-eabi/lib/thumb/v7-m/nofp\libstdc++.a(eh_terminate.o)
                0x0800abfc                std::get_terminate()
 .text._ZSt14get_unexpectedv
                0x0800ac0c       0x10 e:/dev/tools/gcc-arm-none-eabi-10-2020-q4-major/bin/../lib/gcc/arm-none-eabi/10.2.1/../../../../arm-none-eabi/lib/thumb/v7-m/nofp\libstdc++.a(eh_terminate.o)
                0x0800ac0c                std::get_unexpected()
 .text.__cxa_guard_acquire
                0x0800ac1c       0x38 e:/dev/tools/gcc-arm-none-eabi-10-2020-q4-major/bin/../lib/gcc/arm-none-eabi/10.2.1/../../../../arm-none-eabi/lib/thumb/v7-m/nofp\libstdc++.a(guard.o)
                0x0800ac1c                __cxa_guard_acquire
 .text.__cxa_guard_abort
                0x0800ac54        0x8 e:/dev/tools/gcc-arm-none-eabi-10-2020-q4-major/bin/../lib/gcc/arm-none-eabi/10.2.1/../../../../arm-none-eabi/lib/thumb/v7-m/nofp\libstdc++.a(guard.o)
                0x0800ac54                __cxa_guard_abort
 .text.__cxa_guard_release
                0x0800ac5c        0x8 e:/dev/tools/gcc-arm-none-eabi-10-2020-q4-major/bin/../lib/gcc/arm-none-eabi/10.2.1/../../../../arm-none-eabi/lib/thumb/v7-m/nofp\libstdc++.a(guard.o)
                0x0800ac5c                __cxa_guard_release
 .text._ZN9__gnu_cxx20recursive_init_errorD2Ev
                0x0800ac64       0x14 e:/dev/tools/gcc-arm-none-eabi-10-2020-q4-major/bin/../lib/gcc/arm-none-eabi/10.2.1/../../../../arm-none-eabi/lib/thumb/v7-m/nofp\libstdc++.a(guard_error.o)
                0x0800ac64                __gnu_cxx::recursive_init_error::~recursive_init_error()
                0x0800ac64                __gnu_cxx::recursive_init_error::~recursive_init_error()
 .text._ZN9__gnu_cxx20recursive_init_errorD0Ev
                0x0800ac78       0x1c e:/dev/tools/gcc-arm-none-eabi-10-2020-q4-major/bin/../lib/gcc/arm-none-eabi/10.2.1/../../../../arm-none-eabi/lib/thumb/v7-m/nofp\libstdc++.a(guard_error.o)
                0x0800ac78                __gnu_cxx::recursive_init_error::~recursive_init_error()
 .text._ZN9__gnu_cxx20recursive_init_errorC2Ev
                0x0800ac94        0xc e:/dev/tools/gcc-arm-none-eabi-10-2020-q4-major/bin/../lib/gcc/arm-none-eabi/10.2.1/../../../../arm-none-eabi/lib/thumb/v7-m/nofp\libstdc++.a(guard_error.o)
                0x0800ac94                __gnu_cxx::recursive_init_error::recursive_init_error()
                0x0800ac94                __gnu_cxx::recursive_init_error::recursive_init_error()
 .text._Znwj    0x0800aca0       0x3c e:/dev/tools/gcc-arm-none-eabi-10-2020-q4-major/bin/../lib/gcc/arm-none-eabi/10.2.1/../../../../arm-none-eabi/lib/thumb/v7-m/nofp\libstdc++.a(new_op.o)
                0x0800aca0                operator new(unsigned int)
 .text.__cxa_pure_virtual
                0x0800acdc       0x14 e:/dev/tools/gcc-arm-none-eabi-10-2020-q4-major/bin/../lib/gcc/arm-none-eabi/10.2.1/../../../../arm-none-eabi/lib/thumb/v7-m/nofp\libstdc++.a(pure.o)
                0x0800acdc                __cxa_pure_virtual
 .text._ZN10__cxxabiv120__si_class_type_infoD2Ev
                0x0800acf0       0x14 e:/dev/tools/gcc-arm-none-eabi-10-2020-q4-major/bin/../lib/gcc/arm-none-eabi/10.2.1/../../../../arm-none-eabi/lib/thumb/v7-m/nofp\libstdc++.a(si_class_type_info.o)
                0x0800acf0                __cxxabiv1::__si_class_type_info::~__si_class_type_info()
                0x0800acf0                __cxxabiv1::__si_class_type_info::~__si_class_type_info()
 .text._ZN10__cxxabiv120__si_class_type_infoD0Ev
                0x0800ad04       0x1c e:/dev/tools/gcc-arm-none-eabi-10-2020-q4-major/bin/../lib/gcc/arm-none-eabi/10.2.1/../../../../arm-none-eabi/lib/thumb/v7-m/nofp\libstdc++.a(si_class_type_info.o)
                0x0800ad04                __cxxabiv1::__si_class_type_info::~__si_class_type_info()
 .text._ZNK10__cxxabiv120__si_class_type_info20__do_find_public_srcEiPKvPKNS_17__class_type_infoES2_
                0x0800ad20       0x3c e:/dev/tools/gcc-arm-none-eabi-10-2020-q4-major/bin/../lib/gcc/arm-none-eabi/10.2.1/../../../../arm-none-eabi/lib/thumb/v7-m/nofp\libstdc++.a(si_class_type_info.o)
                0x0800ad20                __cxxabiv1::__si_class_type_info::__do_find_public_src(int, void const*, __cxxabiv1::__class_type_info const*, void const*) const
 .text._ZNK10__cxxabiv120__si_class_type_info12__do_dyncastEiNS_17__class_type_info10__sub_kindEPKS1_PKvS4_S6_RNS1_16__dyncast_resultE
                0x0800ad5c       0x84 e:/dev/tools/gcc-arm-none-eabi-10-2020-q4-major/bin/../lib/gcc/arm-none-eabi/10.2.1/../../../../arm-none-eabi/lib/thumb/v7-m/nofp\libstdc++.a(si_class_type_info.o)
                0x0800ad5c                __cxxabiv1::__si_class_type_info::__do_dyncast(int, __cxxabiv1::__class_type_info::__sub_kind, __cxxabiv1::__class_type_info const*, void const*, __cxxabiv1::__class_type_info const*, void const*, __cxxabiv1::__class_type_info::__dyncast_result&) const
 .text._ZNK10__cxxabiv120__si_class_type_info11__do_upcastEPKNS_17__class_type_infoEPKvRNS1_15__upcast_resultE
                0x0800ade0       0x2c e:/dev/tools/gcc-arm-none-eabi-10-2020-q4-major/bin/../lib/gcc/arm-none-eabi/10.2.1/../../../../arm-none-eabi/lib/thumb/v7-m/nofp\libstdc++.a(si_class_type_info.o)
                0x0800ade0                __cxxabiv1::__si_class_type_info::__do_upcast(__cxxabiv1::__class_type_info const*, void const*, __cxxabiv1::__class_type_info::__upcast_result&) const
 .text._ZNSt9type_infoD2Ev
                0x0800ae0c        0x4 e:/dev/tools/gcc-arm-none-eabi-10-2020-q4-major/bin/../lib/gcc/arm-none-eabi/10.2.1/../../../../arm-none-eabi/lib/thumb/v7-m/nofp\libstdc++.a(tinfo.o)
                0x0800ae0c                std::type_info::~type_info()
                0x0800ae0c                std::type_info::~type_info()
 .text._ZNKSt9type_info14__is_pointer_pEv
                0x0800ae10        0x4 e:/dev/tools/gcc-arm-none-eabi-10-2020-q4-major/bin/../lib/gcc/arm-none-eabi/10.2.1/../../../../arm-none-eabi/lib/thumb/v7-m/nofp\libstdc++.a(tinfo.o)
                0x0800ae10                std::type_info::__is_pointer_p() const
                0x0800ae10                std::type_info::__is_function_p() const
 .text._ZNKSt9type_infoeqERKS_
                0x0800ae14       0x2c e:/dev/tools/gcc-arm-none-eabi-10-2020-q4-major/bin/../lib/gcc/arm-none-eabi/10.2.1/../../../../arm-none-eabi/lib/thumb/v7-m/nofp\libstdc++.a(tinfo.o)
                0x0800ae14                std::type_info::operator==(std::type_info const&) const
 .text._ZN9__gnu_cxx27__verbose_terminate_handlerEv
                0x0800ae40      0x10c e:/dev/tools/gcc-arm-none-eabi-10-2020-q4-major/bin/../lib/gcc/arm-none-eabi/10.2.1/../../../../arm-none-eabi/lib/thumb/v7-m/nofp\libstdc++.a(vterminate.o)
                0x0800ae40                __gnu_cxx::__verbose_terminate_handler()
 .text._ZNKSt9bad_alloc4whatEv
                0x0800af4c        0x8 e:/dev/tools/gcc-arm-none-eabi-10-2020-q4-major/bin/../lib/gcc/arm-none-eabi/10.2.1/../../../../arm-none-eabi/lib/thumb/v7-m/nofp\libstdc++.a(bad_alloc.o)
                0x0800af4c                std::bad_alloc::what() const
 .text._ZNSt9bad_allocD2Ev
                0x0800af54       0x14 e:/dev/tools/gcc-arm-none-eabi-10-2020-q4-major/bin/../lib/gcc/arm-none-eabi/10.2.1/../../../../arm-none-eabi/lib/thumb/v7-m/nofp\libstdc++.a(bad_alloc.o)
                0x0800af54                std::bad_alloc::~bad_alloc()
                0x0800af54                std::bad_alloc::~bad_alloc()
 .text._ZNSt9bad_allocD0Ev
                0x0800af68       0x1c e:/dev/tools/gcc-arm-none-eabi-10-2020-q4-major/bin/../lib/gcc/arm-none-eabi/10.2.1/../../../../arm-none-eabi/lib/thumb/v7-m/nofp\libstdc++.a(bad_alloc.o)
                0x0800af68                std::bad_alloc::~bad_alloc()
 .text._ZdlPv   0x0800af84        0x4 e:/dev/tools/gcc-arm-none-eabi-10-2020-q4-major/bin/../lib/gcc/arm-none-eabi/10.2.1/../../../../arm-none-eabi/lib/thumb/v7-m/nofp\libstdc++.a(del_op.o)
                0x0800af84                operator delete(void*)
 .text._ZN12_GLOBAL__N_14pool4freeEPv.constprop.0
                0x0800af88       0x84 e:/dev/tools/gcc-arm-none-eabi-10-2020-q4-major/bin/../lib/gcc/arm-none-eabi/10.2.1/../../../../arm-none-eabi/lib/thumb/v7-m/nofp\libstdc++.a(eh_alloc.o)
 .text._ZN12_GLOBAL__N_14pool8allocateEj.constprop.0
                0x0800b00c       0x60 e:/dev/tools/gcc-arm-none-eabi-10-2020-q4-major/bin/../lib/gcc/arm-none-eabi/10.2.1/../../../../arm-none-eabi/lib/thumb/v7-m/nofp\libstdc++.a(eh_alloc.o)
 .text.__cxa_allocate_exception
                0x0800b06c       0x30 e:/dev/tools/gcc-arm-none-eabi-10-2020-q4-major/bin/../lib/gcc/arm-none-eabi/10.2.1/../../../../arm-none-eabi/lib/thumb/v7-m/nofp\libstdc++.a(eh_alloc.o)
                0x0800b06c                __cxa_allocate_exception
 .text.__cxa_free_exception
                0x0800b09c       0x20 e:/dev/tools/gcc-arm-none-eabi-10-2020-q4-major/bin/../lib/gcc/arm-none-eabi/10.2.1/../../../../arm-none-eabi/lib/thumb/v7-m/nofp\libstdc++.a(eh_alloc.o)
                0x0800b09c                __cxa_free_exception
 .text.startup._GLOBAL__sub_I__ZN9__gnu_cxx9__freeresEv
                0x0800b0bc       0x28 e:/dev/tools/gcc-arm-none-eabi-10-2020-q4-major/bin/../lib/gcc/arm-none-eabi/10.2.1/../../../../arm-none-eabi/lib/thumb/v7-m/nofp\libstdc++.a(eh_alloc.o)
 .text._ZN10__cxxabiv1L24__is_gxx_exception_classEPc
                0x0800b0e4       0x3c e:/dev/tools/gcc-arm-none-eabi-10-2020-q4-major/bin/../lib/gcc/arm-none-eabi/10.2.1/../../../../arm-none-eabi/lib/thumb/v7-m/nofp\libstdc++.a(eh_call.o)
 .text.__cxa_call_terminate
                0x0800b120       0x20 e:/dev/tools/gcc-arm-none-eabi-10-2020-q4-major/bin/../lib/gcc/arm-none-eabi/10.2.1/../../../../arm-none-eabi/lib/thumb/v7-m/nofp\libstdc++.a(eh_call.o)
                0x0800b120                __cxa_call_terminate
 .text.unlikely.__cxa_call_unexpected
                0x0800b140       0xe8 e:/dev/tools/gcc-arm-none-eabi-10-2020-q4-major/bin/../lib/gcc/arm-none-eabi/10.2.1/../../../../arm-none-eabi/lib/thumb/v7-m/nofp\libstdc++.a(eh_call.o)
                0x0800b140                __cxa_call_unexpected
 .text.__cxa_begin_catch
                0x0800b228       0x80 e:/dev/tools/gcc-arm-none-eabi-10-2020-q4-major/bin/../lib/gcc/arm-none-eabi/10.2.1/../../../../arm-none-eabi/lib/thumb/v7-m/nofp\libstdc++.a(eh_catch.o)
                0x0800b228                __cxa_begin_catch
 .text.__cxa_end_catch
                0x0800b2a8       0x88 e:/dev/tools/gcc-arm-none-eabi-10-2020-q4-major/bin/../lib/gcc/arm-none-eabi/10.2.1/../../../../arm-none-eabi/lib/thumb/v7-m/nofp\libstdc++.a(eh_catch.o)
                0x0800b2a8                __cxa_end_catch
 .text._ZL23__gxx_exception_cleanup19_Unwind_Reason_CodeP21_Unwind_Control_Block
                0x0800b330       0x44 e:/dev/tools/gcc-arm-none-eabi-10-2020-q4-major/bin/../lib/gcc/arm-none-eabi/10.2.1/../../../../arm-none-eabi/lib/thumb/v7-m/nofp\libstdc++.a(eh_throw.o)
 .text.__cxa_init_primary_exception
                0x0800b374       0x58 e:/dev/tools/gcc-arm-none-eabi-10-2020-q4-major/bin/../lib/gcc/arm-none-eabi/10.2.1/../../../../arm-none-eabi/lib/thumb/v7-m/nofp\libstdc++.a(eh_throw.o)
                0x0800b374                __cxa_init_primary_exception
 .text.__cxa_throw
                0x0800b3cc       0x38 e:/dev/tools/gcc-arm-none-eabi-10-2020-q4-major/bin/../lib/gcc/arm-none-eabi/10.2.1/../../../../arm-none-eabi/lib/thumb/v7-m/nofp\libstdc++.a(eh_throw.o)
                0x0800b3cc                __cxa_throw
 .text.__cxa_rethrow
                0x0800b404       0x70 e:/dev/tools/gcc-arm-none-eabi-10-2020-q4-major/bin/../lib/gcc/arm-none-eabi/10.2.1/../../../../arm-none-eabi/lib/thumb/v7-m/nofp\libstdc++.a(eh_throw.o)
                0x0800b404                __cxa_rethrow
 .text.__cxa_current_exception_type
                0x0800b474       0x1c e:/dev/tools/gcc-arm-none-eabi-10-2020-q4-major/bin/../lib/gcc/arm-none-eabi/10.2.1/../../../../arm-none-eabi/lib/thumb/v7-m/nofp\libstdc++.a(eh_type.o)
                0x0800b474                __cxa_current_exception_type
 .text._ZSt15get_new_handlerv
                0x0800b490       0x10 e:/dev/tools/gcc-arm-none-eabi-10-2020-q4-major/bin/../lib/gcc/arm-none-eabi/10.2.1/../../../../arm-none-eabi/lib/thumb/v7-m/nofp\libstdc++.a(new_handler.o)
                0x0800b490                std::get_new_handler()
 .text.abort    0x0800b4a0       0x10 e:/dev/tools/gcc-arm-none-eabi-10-2020-q4-major/bin/../lib/gcc/arm-none-eabi/10.2.1/../../../../arm-none-eabi/lib/thumb/v7-m/nofp\libc.a(lib_a-abort.o)
                0x0800b4a0                abort
 .text.fputc    0x0800b4b0       0x58 e:/dev/tools/gcc-arm-none-eabi-10-2020-q4-major/bin/../lib/gcc/arm-none-eabi/10.2.1/../../../../arm-none-eabi/lib/thumb/v7-m/nofp\libc.a(lib_a-fputc.o)
                0x0800b4b0                fputc
 .text._fputs_r
                0x0800b508       0x88 e:/dev/tools/gcc-arm-none-eabi-10-2020-q4-major/bin/../lib/gcc/arm-none-eabi/10.2.1/../../../../arm-none-eabi/lib/thumb/v7-m/nofp\libc.a(lib_a-fputs.o)
                0x0800b508                _fputs_r
 .text.fputs    0x0800b590       0x14 e:/dev/tools/gcc-arm-none-eabi-10-2020-q4-major/bin/../lib/gcc/arm-none-eabi/10.2.1/../../../../arm-none-eabi/lib/thumb/v7-m/nofp\libc.a(lib_a-fputs.o)
                0x0800b590                fputs
 .text.__sfvwrite_r
                0x0800b5a4      0x2f0 e:/dev/tools/gcc-arm-none-eabi-10-2020-q4-major/bin/../lib/gcc/arm-none-eabi/10.2.1/../../../../arm-none-eabi/lib/thumb/v7-m/nofp\libc.a(lib_a-fvwrite.o)
                0x0800b5a4                __sfvwrite_r
 .text._fwrite_r
                0x0800b894       0xa8 e:/dev/tools/gcc-arm-none-eabi-10-2020-q4-major/bin/../lib/gcc/arm-none-eabi/10.2.1/../../../../arm-none-eabi/lib/thumb/v7-m/nofp\libc.a(lib_a-fwrite.o)
                0x0800b894                _fwrite_r
 .text.fwrite   0x0800b93c       0x24 e:/dev/tools/gcc-arm-none-eabi-10-2020-q4-major/bin/../lib/gcc/arm-none-eabi/10.2.1/../../../../arm-none-eabi/lib/thumb/v7-m/nofp\libc.a(lib_a-fwrite.o)
                0x0800b93c                fwrite
 .text.__libc_init_array
                0x0800b960       0x48 e:/dev/tools/gcc-arm-none-eabi-10-2020-q4-major/bin/../lib/gcc/arm-none-eabi/10.2.1/../../../../arm-none-eabi/lib/thumb/v7-m/nofp\libc.a(lib_a-init.o)
                0x0800b960                __libc_init_array
 .text.__retarget_lock_init_recursive
                0x0800b9a8        0x4 e:/dev/tools/gcc-arm-none-eabi-10-2020-q4-major/bin/../lib/gcc/arm-none-eabi/10.2.1/../../../../arm-none-eabi/lib/thumb/v7-m/nofp\libc.a(lib_a-lock.o)
                0x0800b9a8                __retarget_lock_init_recursive
 .text.__retarget_lock_close_recursive
                0x0800b9ac        0x4 e:/dev/tools/gcc-arm-none-eabi-10-2020-q4-major/bin/../lib/gcc/arm-none-eabi/10.2.1/../../../../arm-none-eabi/lib/thumb/v7-m/nofp\libc.a(lib_a-lock.o)
                0x0800b9ac                __retarget_lock_close_recursive
 .text.__retarget_lock_acquire_recursive
                0x0800b9b0        0x4 e:/dev/tools/gcc-arm-none-eabi-10-2020-q4-major/bin/../lib/gcc/arm-none-eabi/10.2.1/../../../../arm-none-eabi/lib/thumb/v7-m/nofp\libc.a(lib_a-lock.o)
                0x0800b9b0                __retarget_lock_acquire_recursive
 .text.__retarget_lock_release_recursive
                0x0800b9b4        0x4 e:/dev/tools/gcc-arm-none-eabi-10-2020-q4-major/bin/../lib/gcc/arm-none-eabi/10.2.1/../../../../arm-none-eabi/lib/thumb/v7-m/nofp\libc.a(lib_a-lock.o)
                0x0800b9b4                __retarget_lock_release_recursive
 .text.malloc   0x0800b9b8       0x10 e:/dev/tools/gcc-arm-none-eabi-10-2020-q4-major/bin/../lib/gcc/arm-none-eabi/10.2.1/../../../../arm-none-eabi/lib/thumb/v7-m/nofp\libc.a(lib_a-malloc.o)
                0x0800b9b8                malloc
 .text.free     0x0800b9c8       0x10 e:/dev/tools/gcc-arm-none-eabi-10-2020-q4-major/bin/../lib/gcc/arm-none-eabi/10.2.1/../../../../arm-none-eabi/lib/thumb/v7-m/nofp\libc.a(lib_a-malloc.o)
                0x0800b9c8                free
 .text._malloc_r
                0x0800b9d8      0x558 e:/dev/tools/gcc-arm-none-eabi-10-2020-q4-major/bin/../lib/gcc/arm-none-eabi/10.2.1/../../../../arm-none-eabi/lib/thumb/v7-m/nofp\libc.a(lib_a-mallocr.o)
                0x0800b9d8                _malloc_r
 .text.memchr   0x0800bf30       0x90 e:/dev/tools/gcc-arm-none-eabi-10-2020-q4-major/bin/../lib/gcc/arm-none-eabi/10.2.1/../../../../arm-none-eabi/lib/thumb/v7-m/nofp\libc.a(lib_a-memchr-stub.o)
                0x0800bf30                memchr
 .text.memcmp   0x0800bfc0       0x68 e:/dev/tools/gcc-arm-none-eabi-10-2020-q4-major/bin/../lib/gcc/arm-none-eabi/10.2.1/../../../../arm-none-eabi/lib/thumb/v7-m/nofp\libc.a(lib_a-memcmp.o)
                0x0800bfc0                memcmp
 .text.memmove  0x0800c028       0xf8 e:/dev/tools/gcc-arm-none-eabi-10-2020-q4-major/bin/../lib/gcc/arm-none-eabi/10.2.1/../../../../arm-none-eabi/lib/thumb/v7-m/nofp\libc.a(lib_a-memmove.o)
                0x0800c028                memmove
 .text.memset   0x0800c120       0xa4 e:/dev/tools/gcc-arm-none-eabi-10-2020-q4-major/bin/../lib/gcc/arm-none-eabi/10.2.1/../../../../arm-none-eabi/lib/thumb/v7-m/nofp\libc.a(lib_a-memset.o)
                0x0800c120                memset
 .text.__malloc_lock
                0x0800c1c4        0xc e:/dev/tools/gcc-arm-none-eabi-10-2020-q4-major/bin/../lib/gcc/arm-none-eabi/10.2.1/../../../../arm-none-eabi/lib/thumb/v7-m/nofp\libc.a(lib_a-mlock.o)
                0x0800c1c4                __malloc_lock
 .text.__malloc_unlock
                0x0800c1d0        0xc e:/dev/tools/gcc-arm-none-eabi-10-2020-q4-major/bin/../lib/gcc/arm-none-eabi/10.2.1/../../../../arm-none-eabi/lib/thumb/v7-m/nofp\libc.a(lib_a-mlock.o)
                0x0800c1d0                __malloc_unlock
 .text._putc_r  0x0800c1dc       0x74 e:/dev/tools/gcc-arm-none-eabi-10-2020-q4-major/bin/../lib/gcc/arm-none-eabi/10.2.1/../../../../arm-none-eabi/lib/thumb/v7-m/nofp\libc.a(lib_a-putc.o)
                0x0800c1dc                _putc_r
 .text.realloc  0x0800c250       0x14 e:/dev/tools/gcc-arm-none-eabi-10-2020-q4-major/bin/../lib/gcc/arm-none-eabi/10.2.1/../../../../arm-none-eabi/lib/thumb/v7-m/nofp\libc.a(lib_a-realloc.o)
                0x0800c250                realloc
 .text._realloc_r
                0x0800c264      0x3dc e:/dev/tools/gcc-arm-none-eabi-10-2020-q4-major/bin/../lib/gcc/arm-none-eabi/10.2.1/../../../../arm-none-eabi/lib/thumb/v7-m/nofp\libc.a(lib_a-reallocr.o)
                0x0800c264                _realloc_r
 .text._sbrk_r  0x0800c640       0x24 e:/dev/tools/gcc-arm-none-eabi-10-2020-q4-major/bin/../lib/gcc/arm-none-eabi/10.2.1/../../../../arm-none-eabi/lib/thumb/v7-m/nofp\libc.a(lib_a-sbrkr.o)
                0x0800c640                _sbrk_r
 .text.raise    0x0800c664       0x5c e:/dev/tools/gcc-arm-none-eabi-10-2020-q4-major/bin/../lib/gcc/arm-none-eabi/10.2.1/../../../../arm-none-eabi/lib/thumb/v7-m/nofp\libc.a(lib_a-signal.o)
                0x0800c664                raise
 .text._kill_r  0x0800c6c0       0x28 e:/dev/tools/gcc-arm-none-eabi-10-2020-q4-major/bin/../lib/gcc/arm-none-eabi/10.2.1/../../../../arm-none-eabi/lib/thumb/v7-m/nofp\libc.a(lib_a-signalr.o)
                0x0800c6c0                _kill_r
 .text._getpid_r
                0x0800c6e8        0x4 e:/dev/tools/gcc-arm-none-eabi-10-2020-q4-major/bin/../lib/gcc/arm-none-eabi/10.2.1/../../../../arm-none-eabi/lib/thumb/v7-m/nofp\libc.a(lib_a-signalr.o)
                0x0800c6e8                _getpid_r
 .text.sprintf  0x0800c6ec       0x44 e:/dev/tools/gcc-arm-none-eabi-10-2020-q4-major/bin/../lib/gcc/arm-none-eabi/10.2.1/../../../../arm-none-eabi/lib/thumb/v7-m/nofp\libc.a(lib_a-sprintf.o)
                0x0800c6ec                sprintf
 .text.strlen   0x0800c730       0x5c e:/dev/tools/gcc-arm-none-eabi-10-2020-q4-major/bin/../lib/gcc/arm-none-eabi/10.2.1/../../../../arm-none-eabi/lib/thumb/v7-m/nofp\libc.a(lib_a-strlen-stub.o)
                0x0800c730                strlen
 .text.strncmp  0x0800c78c       0x7c e:/dev/tools/gcc-arm-none-eabi-10-2020-q4-major/bin/../lib/gcc/arm-none-eabi/10.2.1/../../../../arm-none-eabi/lib/thumb/v7-m/nofp\libc.a(lib_a-strncmp.o)
                0x0800c78c                strncmp
 .text._svfprintf_r
                0x0800c808     0x1aa4 e:/dev/tools/gcc-arm-none-eabi-10-2020-q4-major/bin/../lib/gcc/arm-none-eabi/10.2.1/../../../../arm-none-eabi/lib/thumb/v7-m/nofp\libc.a(lib_a-svfprintf.o)
                0x0800c808                _svfprintf_r
 .text.write    0x0800e2ac       0x1c e:/dev/tools/gcc-arm-none-eabi-10-2020-q4-major/bin/../lib/gcc/arm-none-eabi/10.2.1/../../../../arm-none-eabi/lib/thumb/v7-m/nofp\libc.a(lib_a-syswrite.o)
                0x0800e2ac                write
 .text.vsnprintf
                0x0800e2c8       0x6c e:/dev/tools/gcc-arm-none-eabi-10-2020-q4-major/bin/../lib/gcc/arm-none-eabi/10.2.1/../../../../arm-none-eabi/lib/thumb/v7-m/nofp\libc.a(lib_a-vsnprintf.o)
                0x0800e2c8                vsnprintf
 .text.__swbuf_r
                0x0800e334       0xb0 e:/dev/tools/gcc-arm-none-eabi-10-2020-q4-major/bin/../lib/gcc/arm-none-eabi/10.2.1/../../../../arm-none-eabi/lib/thumb/v7-m/nofp\libc.a(lib_a-wbuf.o)
                0x0800e334                __swbuf_r
 .text._write_r
                0x0800e3e4       0x2c e:/dev/tools/gcc-arm-none-eabi-10-2020-q4-major/bin/../lib/gcc/arm-none-eabi/10.2.1/../../../../arm-none-eabi/lib/thumb/v7-m/nofp\libc.a(lib_a-writer.o)
                0x0800e3e4                _write_r
 .text.__swsetup_r
                0x0800e410       0xd4 e:/dev/tools/gcc-arm-none-eabi-10-2020-q4-major/bin/../lib/gcc/arm-none-eabi/10.2.1/../../../../arm-none-eabi/lib/thumb/v7-m/nofp\libc.a(lib_a-wsetup.o)
                0x0800e410                __swsetup_r
 .text.startup.register_fini
                0x0800e4e4       0x14 e:/dev/tools/gcc-arm-none-eabi-10-2020-q4-major/bin/../lib/gcc/arm-none-eabi/10.2.1/../../../../arm-none-eabi/lib/thumb/v7-m/nofp\libc.a(lib_a-__call_atexit.o)
 .text.atexit   0x0800e4f8        0xc e:/dev/tools/gcc-arm-none-eabi-10-2020-q4-major/bin/../lib/gcc/arm-none-eabi/10.2.1/../../../../arm-none-eabi/lib/thumb/v7-m/nofp\libc.a(lib_a-atexit.o)
                0x0800e4f8                atexit
 .text.quorem   0x0800e504      0x12c e:/dev/tools/gcc-arm-none-eabi-10-2020-q4-major/bin/../lib/gcc/arm-none-eabi/10.2.1/../../../../arm-none-eabi/lib/thumb/v7-m/nofp\libc.a(lib_a-dtoa.o)
 .text._dtoa_r  0x0800e630      0xecc e:/dev/tools/gcc-arm-none-eabi-10-2020-q4-major/bin/../lib/gcc/arm-none-eabi/10.2.1/../../../../arm-none-eabi/lib/thumb/v7-m/nofp\libc.a(lib_a-dtoa.o)
                0x0800e630                _dtoa_r
 .text.__sflush_r
                0x0800f4fc      0x124 e:/dev/tools/gcc-arm-none-eabi-10-2020-q4-major/bin/../lib/gcc/arm-none-eabi/10.2.1/../../../../arm-none-eabi/lib/thumb/v7-m/nofp\libc.a(lib_a-fflush.o)
                0x0800f4fc                __sflush_r
 .text._fflush_r
                0x0800f620       0x5c e:/dev/tools/gcc-arm-none-eabi-10-2020-q4-major/bin/../lib/gcc/arm-none-eabi/10.2.1/../../../../arm-none-eabi/lib/thumb/v7-m/nofp\libc.a(lib_a-fflush.o)
                0x0800f620                _fflush_r
 .text._cleanup_r
                0x0800f67c        0xc e:/dev/tools/gcc-arm-none-eabi-10-2020-q4-major/bin/../lib/gcc/arm-none-eabi/10.2.1/../../../../arm-none-eabi/lib/thumb/v7-m/nofp\libc.a(lib_a-findfp.o)
                0x0800f67c                _cleanup_r
 .text.__sinit  0x0800f688      0x10c e:/dev/tools/gcc-arm-none-eabi-10-2020-q4-major/bin/../lib/gcc/arm-none-eabi/10.2.1/../../../../arm-none-eabi/lib/thumb/v7-m/nofp\libc.a(lib_a-findfp.o)
                0x0800f688                __sinit
 .text.__sfp_lock_acquire
                0x0800f794        0xc e:/dev/tools/gcc-arm-none-eabi-10-2020-q4-major/bin/../lib/gcc/arm-none-eabi/10.2.1/../../../../arm-none-eabi/lib/thumb/v7-m/nofp\libc.a(lib_a-findfp.o)
                0x0800f794                __sfp_lock_acquire
 .text.__sfp_lock_release
                0x0800f7a0        0xc e:/dev/tools/gcc-arm-none-eabi-10-2020-q4-major/bin/../lib/gcc/arm-none-eabi/10.2.1/../../../../arm-none-eabi/lib/thumb/v7-m/nofp\libc.a(lib_a-findfp.o)
                0x0800f7a0                __sfp_lock_release
 .text.__libc_fini_array
                0x0800f7ac       0x2c e:/dev/tools/gcc-arm-none-eabi-10-2020-q4-major/bin/../lib/gcc/arm-none-eabi/10.2.1/../../../../arm-none-eabi/lib/thumb/v7-m/nofp\libc.a(lib_a-fini.o)
                0x0800f7ac                __libc_fini_array
 .text._malloc_trim_r
                0x0800f7d8       0xa0 e:/dev/tools/gcc-arm-none-eabi-10-2020-q4-major/bin/../lib/gcc/arm-none-eabi/10.2.1/../../../../arm-none-eabi/lib/thumb/v7-m/nofp\libc.a(lib_a-freer.o)
                0x0800f7d8                _malloc_trim_r
 .text._free_r  0x0800f878      0x200 e:/dev/tools/gcc-arm-none-eabi-10-2020-q4-major/bin/../lib/gcc/arm-none-eabi/10.2.1/../../../../arm-none-eabi/lib/thumb/v7-m/nofp\libc.a(lib_a-freer.o)
                0x0800f878                _free_r
 .text._fwalk_reent
                0x0800fa78       0x48 e:/dev/tools/gcc-arm-none-eabi-10-2020-q4-major/bin/../lib/gcc/arm-none-eabi/10.2.1/../../../../arm-none-eabi/lib/thumb/v7-m/nofp\libc.a(lib_a-fwalk.o)
                0x0800fa78                _fwalk_reent
 .text._localeconv_r
                0x0800fac0        0x8 e:/dev/tools/gcc-arm-none-eabi-10-2020-q4-major/bin/../lib/gcc/arm-none-eabi/10.2.1/../../../../arm-none-eabi/lib/thumb/v7-m/nofp\libc.a(lib_a-localeconv.o)
                0x0800fac0                _localeconv_r
 .text.__smakebuf_r
                0x0800fac8       0xe0 e:/dev/tools/gcc-arm-none-eabi-10-2020-q4-major/bin/../lib/gcc/arm-none-eabi/10.2.1/../../../../arm-none-eabi/lib/thumb/v7-m/nofp\libc.a(lib_a-makebuf.o)
                0x0800fac8                __smakebuf_r
 .text._Balloc  0x0800fba8       0x4c e:/dev/tools/gcc-arm-none-eabi-10-2020-q4-major/bin/../lib/gcc/arm-none-eabi/10.2.1/../../../../arm-none-eabi/lib/thumb/v7-m/nofp\libc.a(lib_a-mprec.o)
                0x0800fba8                _Balloc
 .text._Bfree   0x0800fbf4       0x14 e:/dev/tools/gcc-arm-none-eabi-10-2020-q4-major/bin/../lib/gcc/arm-none-eabi/10.2.1/../../../../arm-none-eabi/lib/thumb/v7-m/nofp\libc.a(lib_a-mprec.o)
                0x0800fbf4                _Bfree
 .text.__multadd
                0x0800fc08       0xa4 e:/dev/tools/gcc-arm-none-eabi-10-2020-q4-major/bin/../lib/gcc/arm-none-eabi/10.2.1/../../../../arm-none-eabi/lib/thumb/v7-m/nofp\libc.a(lib_a-mprec.o)
                0x0800fc08                __multadd
 .text.__hi0bits
                0x0800fcac       0x40 e:/dev/tools/gcc-arm-none-eabi-10-2020-q4-major/bin/../lib/gcc/arm-none-eabi/10.2.1/../../../../arm-none-eabi/lib/thumb/v7-m/nofp\libc.a(lib_a-mprec.o)
                0x0800fcac                __hi0bits
 .text.__lo0bits
                0x0800fcec       0x58 e:/dev/tools/gcc-arm-none-eabi-10-2020-q4-major/bin/../lib/gcc/arm-none-eabi/10.2.1/../../../../arm-none-eabi/lib/thumb/v7-m/nofp\libc.a(lib_a-mprec.o)
                0x0800fcec                __lo0bits
 .text.__i2b    0x0800fd44       0x5c e:/dev/tools/gcc-arm-none-eabi-10-2020-q4-major/bin/../lib/gcc/arm-none-eabi/10.2.1/../../../../arm-none-eabi/lib/thumb/v7-m/nofp\libc.a(lib_a-mprec.o)
                0x0800fd44                __i2b
 .text.__multiply
                0x0800fda0      0x15c e:/dev/tools/gcc-arm-none-eabi-10-2020-q4-major/bin/../lib/gcc/arm-none-eabi/10.2.1/../../../../arm-none-eabi/lib/thumb/v7-m/nofp\libc.a(lib_a-mprec.o)
                0x0800fda0                __multiply
 .text.__pow5mult
                0x0800fefc       0xb8 e:/dev/tools/gcc-arm-none-eabi-10-2020-q4-major/bin/../lib/gcc/arm-none-eabi/10.2.1/../../../../arm-none-eabi/lib/thumb/v7-m/nofp\libc.a(lib_a-mprec.o)
                0x0800fefc                __pow5mult
 .text.__lshift
                0x0800ffb4       0xec e:/dev/tools/gcc-arm-none-eabi-10-2020-q4-major/bin/../lib/gcc/arm-none-eabi/10.2.1/../../../../arm-none-eabi/lib/thumb/v7-m/nofp\libc.a(lib_a-mprec.o)
                0x0800ffb4                __lshift
 .text.__mcmp   0x080100a0       0x40 e:/dev/tools/gcc-arm-none-eabi-10-2020-q4-major/bin/../lib/gcc/arm-none-eabi/10.2.1/../../../../arm-none-eabi/lib/thumb/v7-m/nofp\libc.a(lib_a-mprec.o)
                0x080100a0                __mcmp
 .text.__mdiff  0x080100e0      0x14c e:/dev/tools/gcc-arm-none-eabi-10-2020-q4-major/bin/../lib/gcc/arm-none-eabi/10.2.1/../../../../arm-none-eabi/lib/thumb/v7-m/nofp\libc.a(lib_a-mprec.o)
                0x080100e0                __mdiff
 .text.__d2b    0x0801022c       0xc4 e:/dev/tools/gcc-arm-none-eabi-10-2020-q4-major/bin/../lib/gcc/arm-none-eabi/10.2.1/../../../../arm-none-eabi/lib/thumb/v7-m/nofp\libc.a(lib_a-mprec.o)
                0x0801022c                __d2b
 .text.frexp    0x080102f0       0x70 e:/dev/tools/gcc-arm-none-eabi-10-2020-q4-major/bin/../lib/gcc/arm-none-eabi/10.2.1/../../../../arm-none-eabi/lib/thumb/v7-m/nofp\libc.a(lib_a-s_frexp.o)
                0x080102f0                frexp
 .text.__sread  0x08010360       0x24 e:/dev/tools/gcc-arm-none-eabi-10-2020-q4-major/bin/../lib/gcc/arm-none-eabi/10.2.1/../../../../arm-none-eabi/lib/thumb/v7-m/nofp\libc.a(lib_a-stdio.o)
                0x08010360                __sread
 .text.__swrite
                0x08010384       0x40 e:/dev/tools/gcc-arm-none-eabi-10-2020-q4-major/bin/../lib/gcc/arm-none-eabi/10.2.1/../../../../arm-none-eabi/lib/thumb/v7-m/nofp\libc.a(lib_a-stdio.o)
                0x08010384                __swrite
 .text.__sseek  0x080103c4       0x20 e:/dev/tools/gcc-arm-none-eabi-10-2020-q4-major/bin/../lib/gcc/arm-none-eabi/10.2.1/../../../../arm-none-eabi/lib/thumb/v7-m/nofp\libc.a(lib_a-stdio.o)
                0x080103c4                __sseek
 .text.__sclose
                0x080103e4        0x8 e:/dev/tools/gcc-arm-none-eabi-10-2020-q4-major/bin/../lib/gcc/arm-none-eabi/10.2.1/../../../../arm-none-eabi/lib/thumb/v7-m/nofp\libc.a(lib_a-stdio.o)
                0x080103e4                __sclose
 .text.strncpy  0x080103ec       0x68 e:/dev/tools/gcc-arm-none-eabi-10-2020-q4-major/bin/../lib/gcc/arm-none-eabi/10.2.1/../../../../arm-none-eabi/lib/thumb/v7-m/nofp\libc.a(lib_a-strncpy.o)
                0x080103ec                strncpy
 .text.__ssprint_r
                0x08010454       0xfc e:/dev/tools/gcc-arm-none-eabi-10-2020-q4-major/bin/../lib/gcc/arm-none-eabi/10.2.1/../../../../arm-none-eabi/lib/thumb/v7-m/nofp\libc.a(lib_a-svfiprintf.o)
                0x08010454                __ssprint_r
 .text.__register_exitproc
                0x08010550       0x8c e:/dev/tools/gcc-arm-none-eabi-10-2020-q4-major/bin/../lib/gcc/arm-none-eabi/10.2.1/../../../../arm-none-eabi/lib/thumb/v7-m/nofp\libc.a(lib_a-__atexit.o)
                0x08010550                __register_exitproc
 .text.__assert_func
                0x080105dc       0x40 e:/dev/tools/gcc-arm-none-eabi-10-2020-q4-major/bin/../lib/gcc/arm-none-eabi/10.2.1/../../../../arm-none-eabi/lib/thumb/v7-m/nofp\libc.a(lib_a-assert.o)
                0x080105dc                __assert_func
 .text._calloc_r
                0x0801061c       0x60 e:/dev/tools/gcc-arm-none-eabi-10-2020-q4-major/bin/../lib/gcc/arm-none-eabi/10.2.1/../../../../arm-none-eabi/lib/thumb/v7-m/nofp\libc.a(lib_a-callocr.o)
                0x0801061c                _calloc_r
 .text._close_r
                0x0801067c       0x24 e:/dev/tools/gcc-arm-none-eabi-10-2020-q4-major/bin/../lib/gcc/arm-none-eabi/10.2.1/../../../../arm-none-eabi/lib/thumb/v7-m/nofp\libc.a(lib_a-closer.o)
                0x0801067c                _close_r
 .text._fclose_r
                0x080106a0       0xcc e:/dev/tools/gcc-arm-none-eabi-10-2020-q4-major/bin/../lib/gcc/arm-none-eabi/10.2.1/../../../../arm-none-eabi/lib/thumb/v7-m/nofp\libc.a(lib_a-fclose.o)
                0x080106a0                _fclose_r
 .text.fiprintf
                0x0801076c       0x28 e:/dev/tools/gcc-arm-none-eabi-10-2020-q4-major/bin/../lib/gcc/arm-none-eabi/10.2.1/../../../../arm-none-eabi/lib/thumb/v7-m/nofp\libc.a(lib_a-fiprintf.o)
                0x0801076c                fiprintf
 .text._fstat_r
                0x08010794       0x28 e:/dev/tools/gcc-arm-none-eabi-10-2020-q4-major/bin/../lib/gcc/arm-none-eabi/10.2.1/../../../../arm-none-eabi/lib/thumb/v7-m/nofp\libc.a(lib_a-fstatr.o)
                0x08010794                _fstat_r
 .text._isatty_r
                0x080107bc       0x24 e:/dev/tools/gcc-arm-none-eabi-10-2020-q4-major/bin/../lib/gcc/arm-none-eabi/10.2.1/../../../../arm-none-eabi/lib/thumb/v7-m/nofp\libc.a(lib_a-isattyr.o)
                0x080107bc                _isatty_r
 .text.__locale_mb_cur_max
                0x080107e0        0xc e:/dev/tools/gcc-arm-none-eabi-10-2020-q4-major/bin/../lib/gcc/arm-none-eabi/10.2.1/../../../../arm-none-eabi/lib/thumb/v7-m/nofp\libc.a(lib_a-locale.o)
                0x080107e0                __locale_mb_cur_max
 .text._lseek_r
                0x080107ec       0x2c e:/dev/tools/gcc-arm-none-eabi-10-2020-q4-major/bin/../lib/gcc/arm-none-eabi/10.2.1/../../../../arm-none-eabi/lib/thumb/v7-m/nofp\libc.a(lib_a-lseekr.o)
                0x080107ec                _lseek_r
 .text.__ascii_mbtowc
                0x08010818       0x2c e:/dev/tools/gcc-arm-none-eabi-10-2020-q4-major/bin/../lib/gcc/arm-none-eabi/10.2.1/../../../../arm-none-eabi/lib/thumb/v7-m/nofp\libc.a(lib_a-mbtowc_r.o)
                0x08010818                __ascii_mbtowc
 .text._read_r  0x08010844       0x2c e:/dev/tools/gcc-arm-none-eabi-10-2020-q4-major/bin/../lib/gcc/arm-none-eabi/10.2.1/../../../../arm-none-eabi/lib/thumb/v7-m/nofp\libc.a(lib_a-readr.o)
                0x08010844                _read_r
 .text.__sprint_r.part.0
                0x08010870       0x78 e:/dev/tools/gcc-arm-none-eabi-10-2020-q4-major/bin/../lib/gcc/arm-none-eabi/10.2.1/../../../../arm-none-eabi/lib/thumb/v7-m/nofp\libc.a(lib_a-vfiprintf.o)
 .text._vfiprintf_r
                0x080108e8      0xd94 e:/dev/tools/gcc-arm-none-eabi-10-2020-q4-major/bin/../lib/gcc/arm-none-eabi/10.2.1/../../../../arm-none-eabi/lib/thumb/v7-m/nofp\libc.a(lib_a-vfiprintf.o)
                0x080108e8                _vfiprintf_r
 .text.__sbprintf
                0x0801167c       0x84 e:/dev/tools/gcc-arm-none-eabi-10-2020-q4-major/bin/../lib/gcc/arm-none-eabi/10.2.1/../../../../arm-none-eabi/lib/thumb/v7-m/nofp\libc.a(lib_a-vfiprintf.o)
 .text.__ascii_wctomb
                0x08011700       0x1c e:/dev/tools/gcc-arm-none-eabi-10-2020-q4-major/bin/../lib/gcc/arm-none-eabi/10.2.1/../../../../arm-none-eabi/lib/thumb/v7-m/nofp\libc.a(lib_a-wctomb_r.o)
                0x08011700                __ascii_wctomb
 .text.__fputwc
                0x0801171c       0xa0 e:/dev/tools/gcc-arm-none-eabi-10-2020-q4-major/bin/../lib/gcc/arm-none-eabi/10.2.1/../../../../arm-none-eabi/lib/thumb/v7-m/nofp\libc.a(lib_a-fputwc.o)
                0x0801171c                __fputwc
 .text._fputwc_r
                0x080117bc       0x68 e:/dev/tools/gcc-arm-none-eabi-10-2020-q4-major/bin/../lib/gcc/arm-none-eabi/10.2.1/../../../../arm-none-eabi/lib/thumb/v7-m/nofp\libc.a(lib_a-fputwc.o)
                0x080117bc                _fputwc_r
 .text._wcrtomb_r
                0x08011824       0x3c e:/dev/tools/gcc-arm-none-eabi-10-2020-q4-major/bin/../lib/gcc/arm-none-eabi/10.2.1/../../../../arm-none-eabi/lib/thumb/v7-m/nofp\libc.a(lib_a-wcrtomb.o)
                0x08011824                _wcrtomb_r
 .text.unlikely
                0x08011860        0xc e:/dev/tools/gcc-arm-none-eabi-10-2020-q4-major/bin/../lib/gcc/arm-none-eabi/10.2.1/thumb/v7-m/nofp\libgcc.a(pr-support.o)
                0x08011860                _Unwind_GetDataRelBase
                0x08011866                _Unwind_GetTextRelBase
 .text._close   0x0801186c       0x10 e:/dev/tools/gcc-arm-none-eabi-10-2020-q4-major/bin/../lib/gcc/arm-none-eabi/10.2.1/../../../../arm-none-eabi/lib/thumb/v7-m/nofp\libnosys.a(close.o)
                0x0801186c                _close
 .text._fstat   0x0801187c       0x10 e:/dev/tools/gcc-arm-none-eabi-10-2020-q4-major/bin/../lib/gcc/arm-none-eabi/10.2.1/../../../../arm-none-eabi/lib/thumb/v7-m/nofp\libnosys.a(fstat.o)
                0x0801187c                _fstat
 .text._getpid  0x0801188c       0x10 e:/dev/tools/gcc-arm-none-eabi-10-2020-q4-major/bin/../lib/gcc/arm-none-eabi/10.2.1/../../../../arm-none-eabi/lib/thumb/v7-m/nofp\libnosys.a(getpid.o)
                0x0801188c                _getpid
 .text._isatty  0x0801189c       0x10 e:/dev/tools/gcc-arm-none-eabi-10-2020-q4-major/bin/../lib/gcc/arm-none-eabi/10.2.1/../../../../arm-none-eabi/lib/thumb/v7-m/nofp\libnosys.a(isatty.o)
                0x0801189c                _isatty
 .text._kill    0x080118ac       0x10 e:/dev/tools/gcc-arm-none-eabi-10-2020-q4-major/bin/../lib/gcc/arm-none-eabi/10.2.1/../../../../arm-none-eabi/lib/thumb/v7-m/nofp\libnosys.a(kill.o)
                0x080118ac                _kill
 .text._lseek   0x080118bc       0x10 e:/dev/tools/gcc-arm-none-eabi-10-2020-q4-major/bin/../lib/gcc/arm-none-eabi/10.2.1/../../../../arm-none-eabi/lib/thumb/v7-m/nofp\libnosys.a(lseek.o)
                0x080118bc                _lseek
 .text._read    0x080118cc       0x10 e:/dev/tools/gcc-arm-none-eabi-10-2020-q4-major/bin/../lib/gcc/arm-none-eabi/10.2.1/../../../../arm-none-eabi/lib/thumb/v7-m/nofp\libnosys.a(read.o)
                0x080118cc                _read
 .text._sbrk    0x080118dc       0x1c e:/dev/tools/gcc-arm-none-eabi-10-2020-q4-major/bin/../lib/gcc/arm-none-eabi/10.2.1/../../../../arm-none-eabi/lib/thumb/v7-m/nofp\libnosys.a(sbrk.o)
                0x080118dc                _sbrk
 .text._write   0x080118f8       0x10 e:/dev/tools/gcc-arm-none-eabi-10-2020-q4-major/bin/../lib/gcc/arm-none-eabi/10.2.1/../../../../arm-none-eabi/lib/thumb/v7-m/nofp\libnosys.a(write.o)
                0x080118f8                _write
 .text._exit    0x08011908        0x4 e:/dev/tools/gcc-arm-none-eabi-10-2020-q4-major/bin/../lib/gcc/arm-none-eabi/10.2.1/../../../../arm-none-eabi/lib/thumb/v7-m/nofp\libnosys.a(_exit.o)
                0x08011908                _exit
 *(.glue_7)
 .glue_7        0x0801190c        0x0 linker stubs
 *(.glue_7t)
 .glue_7t       0x0801190c        0x0 linker stubs
 *(.eh_frame)
 .eh_frame      0x0801190c        0x0 e:/dev/tools/gcc-arm-none-eabi-10-2020-q4-major/bin/../lib/gcc/arm-none-eabi/10.2.1/thumb/v7-m/nofp/crtbegin.o
 *(.init)
 .init          0x0801190c        0x4 e:/dev/tools/gcc-arm-none-eabi-10-2020-q4-major/bin/../lib/gcc/arm-none-eabi/10.2.1/thumb/v7-m/nofp/crti.o
                0x0801190c                _init
 .init          0x08011910        0x8 e:/dev/tools/gcc-arm-none-eabi-10-2020-q4-major/bin/../lib/gcc/arm-none-eabi/10.2.1/thumb/v7-m/nofp/crtn.o
 *(.fini)
 .fini          0x08011918        0x4 e:/dev/tools/gcc-arm-none-eabi-10-2020-q4-major/bin/../lib/gcc/arm-none-eabi/10.2.1/thumb/v7-m/nofp/crti.o
                0x08011918                _fini
 .fini          0x0801191c        0x8 e:/dev/tools/gcc-arm-none-eabi-10-2020-q4-major/bin/../lib/gcc/arm-none-eabi/10.2.1/thumb/v7-m/nofp/crtn.o
                0x08011924                . = ALIGN (0x4)
                0x08011924                _etext = .

.vfp11_veneer   0x08011924        0x0
 .vfp11_veneer  0x08011924        0x0 linker stubs

.v4_bx          0x08011924        0x0
 .v4_bx         0x08011924        0x0 linker stubs

.iplt           0x08011924        0x0
 .iplt          0x08011924        0x0 e:/dev/tools/gcc-arm-none-eabi-10-2020-q4-major/bin/../lib/gcc/arm-none-eabi/10.2.1/thumb/v7-m/nofp/crtbegin.o

.rodata         0x08011928     0x1a64
                0x08011928                . = ALIGN (0x4)
 *(.rodata)
 .rodata        0x08011928      0x7cc e:/dev/tools/gcc-arm-none-eabi-10-2020-q4-major/bin/../lib/gcc/arm-none-eabi/10.2.1/../../../../arm-none-eabi/lib/thumb/v7-m/nofp\libstdc++.a(cp-demangle.o)
 *(.rodata*)
 .rodata._ZN10ClosedMode13KeyReadHandleEv.str1.4
                0x080120f4       0x2c build/Intercom.o
 .rodata._ZN8OpenMode13KeyReadHandleEv.str1.4
                0x08012120       0x34 build/Intercom.o
 .rodata._ZN12CondOpenMode13KeyReadHandleEv.str1.4
                0x08012154       0x39 build/Intercom.o
 *fill*         0x0801218d        0x3 
 .rodata._ZN10NormalMode13KeyReadHandleEv.str1.4
                0x08012190        0x8 build/Intercom.o
 .rodata._ZTI10ClosedMode
                0x08012198        0xc build/Intercom.o
                0x08012198                typeinfo for ClosedMode
 .rodata._ZTI10NormalMode
                0x080121a4        0xc build/Intercom.o
                0x080121a4                typeinfo for NormalMode
 .rodata._ZTI12CondOpenMode
                0x080121b0        0xc build/Intercom.o
                0x080121b0                typeinfo for CondOpenMode
 .rodata._ZTI4Mode
                0x080121bc        0x8 build/Intercom.o
                0x080121bc                typeinfo for Mode
 .rodata._ZTI8OpenMode
                0x080121c4        0xc build/Intercom.o
                0x080121c4                typeinfo for OpenMode
 .rodata._ZTS10ClosedMode
                0x080121d0        0xd build/Intercom.o
                0x080121d0                typeinfo name for ClosedMode
 *fill*         0x080121dd        0x3 
 .rodata._ZTS10NormalMode
                0x080121e0        0xd build/Intercom.o
                0x080121e0                typeinfo name for NormalMode
 *fill*         0x080121ed        0x3 
 .rodata._ZTS12CondOpenMode
                0x080121f0        0xf build/Intercom.o
                0x080121f0                typeinfo name for CondOpenMode
 *fill*         0x080121ff        0x1 
 .rodata._ZTS4Mode
                0x08012200        0x6 build/Intercom.o
                0x08012200                typeinfo name for Mode
 *fill*         0x08012206        0x2 
 .rodata._ZTS8OpenMode
                0x08012208        0xa build/Intercom.o
                0x08012208                typeinfo name for OpenMode
 *fill*         0x08012212        0x2 
 .rodata._ZTV10ClosedMode
                0x08012214       0x14 build/Intercom.o
                0x08012214                vtable for ClosedMode
 .rodata._ZTV10NormalMode
                0x08012228       0x14 build/Intercom.o
                0x08012228                vtable for NormalMode
 .rodata._ZTV12CondOpenMode
                0x0801223c       0x14 build/Intercom.o
                0x0801223c                vtable for CondOpenMode
 .rodata._ZTV4Mode
                0x08012250       0x14 build/Intercom.o
                0x08012250                vtable for Mode
 .rodata._ZTV8OpenMode
                0x08012264       0x14 build/Intercom.o
                0x08012264                vtable for OpenMode
 .rodata._Z14TimeTrackEventv.str1.4
                0x08012278       0x1c build/main.o
 .rodata._Z15DoorSensorEventv.str1.4
                0x08012294       0x27 build/main.o
 *fill*         0x080122bb        0x1 
 .rodata._Z18ButtonPressedEventv.str1.4
                0x080122bc       0x16 build/main.o
                                 0x61 (size before relaxing)
 *fill*         0x080122d2        0x2 
 .rodata._Z17TempOpenModeEventv.str1.4
                0x080122d4       0x62 build/main.o
 *fill*         0x08012336        0x2 
 .rodata._Z10AlarmEventv.str1.4
                0x08012338       0x28 build/main.o
 .rodata._Z10switchModev.str1.4
                0x08012360       0x98 build/main.o
 .rodata.main.str1.4
                0x080123f8        0x9 build/main.o
 *fill*         0x08012401        0x3 
 .rodata.AHBPrescTable
                0x08012404       0x10 build/system_stm32f1xx.o
                0x08012404                AHBPrescTable
 .rodata.APBPrescTable
                0x08012414        0x8 build/system_stm32f1xx.o
                0x08012414                APBPrescTable
 .rodata.HAL_RCC_GetSysClockFreq.str1.4
                0x0801241c       0x11 build/stm32f1xx_hal_rcc.o
 *fill*         0x0801242d        0x3 
 .rodata._ZTIN10__cxxabiv117__class_type_infoE
                0x08012430        0xc e:/dev/tools/gcc-arm-none-eabi-10-2020-q4-major/bin/../lib/gcc/arm-none-eabi/10.2.1/../../../../arm-none-eabi/lib/thumb/v7-m/nofp\libstdc++.a(class_type_info.o)
                0x08012430                typeinfo for __cxxabiv1::__class_type_info
 .rodata._ZTSN10__cxxabiv117__class_type_infoE
                0x0801243c       0x22 e:/dev/tools/gcc-arm-none-eabi-10-2020-q4-major/bin/../lib/gcc/arm-none-eabi/10.2.1/../../../../arm-none-eabi/lib/thumb/v7-m/nofp\libstdc++.a(class_type_info.o)
                0x0801243c                typeinfo name for __cxxabiv1::__class_type_info
 *fill*         0x0801245e        0x2 
 .rodata._ZTVN10__cxxabiv117__class_type_infoE
                0x08012460       0x2c e:/dev/tools/gcc-arm-none-eabi-10-2020-q4-major/bin/../lib/gcc/arm-none-eabi/10.2.1/../../../../arm-none-eabi/lib/thumb/v7-m/nofp\libstdc++.a(class_type_info.o)
                0x08012460                vtable for __cxxabiv1::__class_type_info
 .rodata._ZNKSt9exception4whatEv.str1.4
                0x0801248c        0xf e:/dev/tools/gcc-arm-none-eabi-10-2020-q4-major/bin/../lib/gcc/arm-none-eabi/10.2.1/../../../../arm-none-eabi/lib/thumb/v7-m/nofp\libstdc++.a(eh_exception.o)
 *fill*         0x0801249b        0x1 
 .rodata._ZNKSt13bad_exception4whatEv.str1.4
                0x0801249c       0x13 e:/dev/tools/gcc-arm-none-eabi-10-2020-q4-major/bin/../lib/gcc/arm-none-eabi/10.2.1/../../../../arm-none-eabi/lib/thumb/v7-m/nofp\libstdc++.a(eh_exception.o)
 *fill*         0x080124af        0x1 
 .rodata._ZTIN10__cxxabiv115__forced_unwindE
                0x080124b0        0x8 e:/dev/tools/gcc-arm-none-eabi-10-2020-q4-major/bin/../lib/gcc/arm-none-eabi/10.2.1/../../../../arm-none-eabi/lib/thumb/v7-m/nofp\libstdc++.a(eh_exception.o)
                0x080124b0                typeinfo for __cxxabiv1::__forced_unwind
 .rodata._ZTIN10__cxxabiv119__foreign_exceptionE
                0x080124b8        0x8 e:/dev/tools/gcc-arm-none-eabi-10-2020-q4-major/bin/../lib/gcc/arm-none-eabi/10.2.1/../../../../arm-none-eabi/lib/thumb/v7-m/nofp\libstdc++.a(eh_exception.o)
                0x080124b8                typeinfo for __cxxabiv1::__foreign_exception
 .rodata._ZTISt13bad_exception
                0x080124c0        0xc e:/dev/tools/gcc-arm-none-eabi-10-2020-q4-major/bin/../lib/gcc/arm-none-eabi/10.2.1/../../../../arm-none-eabi/lib/thumb/v7-m/nofp\libstdc++.a(eh_exception.o)
                0x080124c0                typeinfo for std::bad_exception
 .rodata._ZTISt9exception
                0x080124cc        0x8 e:/dev/tools/gcc-arm-none-eabi-10-2020-q4-major/bin/../lib/gcc/arm-none-eabi/10.2.1/../../../../arm-none-eabi/lib/thumb/v7-m/nofp\libstdc++.a(eh_exception.o)
                0x080124cc                typeinfo for std::exception
 .rodata._ZTSN10__cxxabiv115__forced_unwindE
                0x080124d4       0x20 e:/dev/tools/gcc-arm-none-eabi-10-2020-q4-major/bin/../lib/gcc/arm-none-eabi/10.2.1/../../../../arm-none-eabi/lib/thumb/v7-m/nofp\libstdc++.a(eh_exception.o)
                0x080124d4                typeinfo name for __cxxabiv1::__forced_unwind
 .rodata._ZTSN10__cxxabiv119__foreign_exceptionE
                0x080124f4       0x24 e:/dev/tools/gcc-arm-none-eabi-10-2020-q4-major/bin/../lib/gcc/arm-none-eabi/10.2.1/../../../../arm-none-eabi/lib/thumb/v7-m/nofp\libstdc++.a(eh_exception.o)
                0x080124f4                typeinfo name for __cxxabiv1::__foreign_exception
 .rodata._ZTSSt13bad_exception
                0x08012518       0x12 e:/dev/tools/gcc-arm-none-eabi-10-2020-q4-major/bin/../lib/gcc/arm-none-eabi/10.2.1/../../../../arm-none-eabi/lib/thumb/v7-m/nofp\libstdc++.a(eh_exception.o)
                0x08012518                typeinfo name for std::bad_exception
 *fill*         0x0801252a        0x2 
 .rodata._ZTSSt9exception
                0x0801252c        0xd e:/dev/tools/gcc-arm-none-eabi-10-2020-q4-major/bin/../lib/gcc/arm-none-eabi/10.2.1/../../../../arm-none-eabi/lib/thumb/v7-m/nofp\libstdc++.a(eh_exception.o)
                0x0801252c                typeinfo name for std::exception
 *fill*         0x08012539        0x3 
 .rodata._ZTVSt13bad_exception
                0x0801253c       0x14 e:/dev/tools/gcc-arm-none-eabi-10-2020-q4-major/bin/../lib/gcc/arm-none-eabi/10.2.1/../../../../arm-none-eabi/lib/thumb/v7-m/nofp\libstdc++.a(eh_exception.o)
                0x0801253c                vtable for std::bad_exception
 .rodata._ZTIN9__gnu_cxx20recursive_init_errorE
                0x08012550        0xc e:/dev/tools/gcc-arm-none-eabi-10-2020-q4-major/bin/../lib/gcc/arm-none-eabi/10.2.1/../../../../arm-none-eabi/lib/thumb/v7-m/nofp\libstdc++.a(guard_error.o)
                0x08012550                typeinfo for __gnu_cxx::recursive_init_error
 .rodata._ZTSN9__gnu_cxx20recursive_init_errorE
                0x0801255c       0x23 e:/dev/tools/gcc-arm-none-eabi-10-2020-q4-major/bin/../lib/gcc/arm-none-eabi/10.2.1/../../../../arm-none-eabi/lib/thumb/v7-m/nofp\libstdc++.a(guard_error.o)
                0x0801255c                typeinfo name for __gnu_cxx::recursive_init_error
 *fill*         0x0801257f        0x1 
 .rodata._ZTVN9__gnu_cxx20recursive_init_errorE
                0x08012580       0x14 e:/dev/tools/gcc-arm-none-eabi-10-2020-q4-major/bin/../lib/gcc/arm-none-eabi/10.2.1/../../../../arm-none-eabi/lib/thumb/v7-m/nofp\libstdc++.a(guard_error.o)
                0x08012580                vtable for __gnu_cxx::recursive_init_error
 .rodata.__cxa_pure_virtual.str1.4
                0x08012594       0x1c e:/dev/tools/gcc-arm-none-eabi-10-2020-q4-major/bin/../lib/gcc/arm-none-eabi/10.2.1/../../../../arm-none-eabi/lib/thumb/v7-m/nofp\libstdc++.a(pure.o)
 .rodata._ZTIN10__cxxabiv120__si_class_type_infoE
                0x080125b0        0xc e:/dev/tools/gcc-arm-none-eabi-10-2020-q4-major/bin/../lib/gcc/arm-none-eabi/10.2.1/../../../../arm-none-eabi/lib/thumb/v7-m/nofp\libstdc++.a(si_class_type_info.o)
                0x080125b0                typeinfo for __cxxabiv1::__si_class_type_info
 .rodata._ZTSN10__cxxabiv120__si_class_type_infoE
                0x080125bc       0x25 e:/dev/tools/gcc-arm-none-eabi-10-2020-q4-major/bin/../lib/gcc/arm-none-eabi/10.2.1/../../../../arm-none-eabi/lib/thumb/v7-m/nofp\libstdc++.a(si_class_type_info.o)
                0x080125bc                typeinfo name for __cxxabiv1::__si_class_type_info
 *fill*         0x080125e1        0x3 
 .rodata._ZTVN10__cxxabiv120__si_class_type_infoE
                0x080125e4       0x2c e:/dev/tools/gcc-arm-none-eabi-10-2020-q4-major/bin/../lib/gcc/arm-none-eabi/10.2.1/../../../../arm-none-eabi/lib/thumb/v7-m/nofp\libstdc++.a(si_class_type_info.o)
                0x080125e4                vtable for __cxxabiv1::__si_class_type_info
 .rodata._ZTISt9type_info
                0x08012610        0x8 e:/dev/tools/gcc-arm-none-eabi-10-2020-q4-major/bin/../lib/gcc/arm-none-eabi/10.2.1/../../../../arm-none-eabi/lib/thumb/v7-m/nofp\libstdc++.a(tinfo.o)
                0x08012610                typeinfo for std::type_info
 .rodata._ZTSSt9type_info
                0x08012618        0xd e:/dev/tools/gcc-arm-none-eabi-10-2020-q4-major/bin/../lib/gcc/arm-none-eabi/10.2.1/../../../../arm-none-eabi/lib/thumb/v7-m/nofp\libstdc++.a(tinfo.o)
                0x08012618                typeinfo name for std::type_info
 *fill*         0x08012625        0x3 
 .rodata._ZN9__gnu_cxx27__verbose_terminate_handlerEv.str1.4
                0x08012628       0x94 e:/dev/tools/gcc-arm-none-eabi-10-2020-q4-major/bin/../lib/gcc/arm-none-eabi/10.2.1/../../../../arm-none-eabi/lib/thumb/v7-m/nofp\libstdc++.a(vterminate.o)
 .rodata._ZNKSt9bad_alloc4whatEv.str1.4
                0x080126bc        0xf e:/dev/tools/gcc-arm-none-eabi-10-2020-q4-major/bin/../lib/gcc/arm-none-eabi/10.2.1/../../../../arm-none-eabi/lib/thumb/v7-m/nofp\libstdc++.a(bad_alloc.o)
 *fill*         0x080126cb        0x1 
 .rodata._ZTISt9bad_alloc
                0x080126cc        0xc e:/dev/tools/gcc-arm-none-eabi-10-2020-q4-major/bin/../lib/gcc/arm-none-eabi/10.2.1/../../../../arm-none-eabi/lib/thumb/v7-m/nofp\libstdc++.a(bad_alloc.o)
                0x080126cc                typeinfo for std::bad_alloc
 .rodata._ZTSSt9bad_alloc
                0x080126d8        0xd e:/dev/tools/gcc-arm-none-eabi-10-2020-q4-major/bin/../lib/gcc/arm-none-eabi/10.2.1/../../../../arm-none-eabi/lib/thumb/v7-m/nofp\libstdc++.a(bad_alloc.o)
                0x080126d8                typeinfo name for std::bad_alloc
 *fill*         0x080126e5        0x3 
 .rodata._ZTVSt9bad_alloc
                0x080126e8       0x14 e:/dev/tools/gcc-arm-none-eabi-10-2020-q4-major/bin/../lib/gcc/arm-none-eabi/10.2.1/../../../../arm-none-eabi/lib/thumb/v7-m/nofp\libstdc++.a(bad_alloc.o)
                0x080126e8                vtable for std::bad_alloc
 .rodata.str1.4
                0x080126fc      0x895 e:/dev/tools/gcc-arm-none-eabi-10-2020-q4-major/bin/../lib/gcc/arm-none-eabi/10.2.1/../../../../arm-none-eabi/lib/thumb/v7-m/nofp\libstdc++.a(cp-demangle.o)
                                0x8e9 (size before relaxing)
 *fill*         0x08012f91        0x3 
 .rodata._global_impure_ptr
                0x08012f94        0x4 e:/dev/tools/gcc-arm-none-eabi-10-2020-q4-major/bin/../lib/gcc/arm-none-eabi/10.2.1/../../../../arm-none-eabi/lib/thumb/v7-m/nofp\libc.a(lib_a-impure.o)
                0x08012f94                _global_impure_ptr
 .rodata._svfprintf_r.str1.4