Archive member included to satisfy reference by file (symbol)

e:/dev/tools/gcc-arm-none-eabi-10-2020-q4-major/bin/../lib/gcc/arm-none-eabi/10.2.1/../../../../arm-none-eabi/lib/thumb/v7-m/nofp\libc.a(lib_a-exit.o)
                              e:/dev/tools/gcc-arm-none-eabi-10-2020-q4-major/bin/../lib/gcc/arm-none-eabi/10.2.1/../../../../arm-none-eabi/lib/thumb/v7-m/nofp/crt0.o (exit)
e:/dev/tools/gcc-arm-none-eabi-10-2020-q4-major/bin/../lib/gcc/arm-none-eabi/10.2.1/../../../../arm-none-eabi/lib/thumb/v7-m/nofp\libc.a(lib_a-impure.o)
                              e:/dev/tools/gcc-arm-none-eabi-10-2020-q4-major/bin/../lib/gcc/arm-none-eabi/10.2.1/../../../../arm-none-eabi/lib/thumb/v7-m/nofp\libc.a(lib_a-exit.o) (_global_impure_ptr)
e:/dev/tools/gcc-arm-none-eabi-10-2020-q4-major/bin/../lib/gcc/arm-none-eabi/10.2.1/../../../../arm-none-eabi/lib/thumb/v7-m/nofp\libc.a(lib_a-init.o)
                              e:/dev/tools/gcc-arm-none-eabi-10-2020-q4-major/bin/../lib/gcc/arm-none-eabi/10.2.1/../../../../arm-none-eabi/lib/thumb/v7-m/nofp/crt0.o (__libc_init_array)
e:/dev/tools/gcc-arm-none-eabi-10-2020-q4-major/bin/../lib/gcc/arm-none-eabi/10.2.1/../../../../arm-none-eabi/lib/thumb/v7-m/nofp\libc.a(lib_a-memset.o)
                              e:/dev/tools/gcc-arm-none-eabi-10-2020-q4-major/bin/../lib/gcc/arm-none-eabi/10.2.1/../../../../arm-none-eabi/lib/thumb/v7-m/nofp/crt0.o (memset)
e:/dev/tools/gcc-arm-none-eabi-10-2020-q4-major/bin/../lib/gcc/arm-none-eabi/10.2.1/../../../../arm-none-eabi/lib/thumb/v7-m/nofp\libc.a(lib_a-strlen-stub.o)
                              build/main.o (strlen)
e:/dev/tools/gcc-arm-none-eabi-10-2020-q4-major/bin/../lib/gcc/arm-none-eabi/10.2.1/../../../../arm-none-eabi/lib/thumb/v7-m/nofp\libc.a(lib_a-vsnprintf.o)
                              build/main.o (vsnprintf)
e:/dev/tools/gcc-arm-none-eabi-10-2020-q4-major/bin/../lib/gcc/arm-none-eabi/10.2.1/../../../../arm-none-eabi/lib/thumb/v7-m/nofp\libc.a(lib_a-__call_atexit.o)
                              e:/dev/tools/gcc-arm-none-eabi-10-2020-q4-major/bin/../lib/gcc/arm-none-eabi/10.2.1/../../../../arm-none-eabi/lib/thumb/v7-m/nofp\libc.a(lib_a-exit.o) (__call_exitprocs)
e:/dev/tools/gcc-arm-none-eabi-10-2020-q4-major/bin/../lib/gcc/arm-none-eabi/10.2.1/../../../../arm-none-eabi/lib/thumb/v7-m/nofp\libc.a(lib_a-atexit.o)
                              e:/dev/tools/gcc-arm-none-eabi-10-2020-q4-major/bin/../lib/gcc/arm-none-eabi/10.2.1/../../../../arm-none-eabi/lib/thumb/v7-m/nofp\libc.a(lib_a-__call_atexit.o) (atexit)
e:/dev/tools/gcc-arm-none-eabi-10-2020-q4-major/bin/../lib/gcc/arm-none-eabi/10.2.1/../../../../arm-none-eabi/lib/thumb/v7-m/nofp\libc.a(lib_a-fini.o)
                              e:/dev/tools/gcc-arm-none-eabi-10-2020-q4-major/bin/../lib/gcc/arm-none-eabi/10.2.1/../../../../arm-none-eabi/lib/thumb/v7-m/nofp\libc.a(lib_a-__call_atexit.o) (__libc_fini_array)
e:/dev/tools/gcc-arm-none-eabi-10-2020-q4-major/bin/../lib/gcc/arm-none-eabi/10.2.1/../../../../arm-none-eabi/lib/thumb/v7-m/nofp\libc.a(lib_a-lock.o)
                              e:/dev/tools/gcc-arm-none-eabi-10-2020-q4-major/bin/../lib/gcc/arm-none-eabi/10.2.1/../../../../arm-none-eabi/lib/thumb/v7-m/nofp\libc.a(lib_a-__call_atexit.o) (__retarget_lock_acquire_recursive)
e:/dev/tools/gcc-arm-none-eabi-10-2020-q4-major/bin/../lib/gcc/arm-none-eabi/10.2.1/../../../../arm-none-eabi/lib/thumb/v7-m/nofp\libc.a(lib_a-svfprintf.o)
                              e:/dev/tools/gcc-arm-none-eabi-10-2020-q4-major/bin/../lib/gcc/arm-none-eabi/10.2.1/../../../../arm-none-eabi/lib/thumb/v7-m/nofp\libc.a(lib_a-vsnprintf.o) (_svfprintf_r)
e:/dev/tools/gcc-arm-none-eabi-10-2020-q4-major/bin/../lib/gcc/arm-none-eabi/10.2.1/../../../../arm-none-eabi/lib/thumb/v7-m/nofp\libc.a(lib_a-__atexit.o)
                              e:/dev/tools/gcc-arm-none-eabi-10-2020-q4-major/bin/../lib/gcc/arm-none-eabi/10.2.1/../../../../arm-none-eabi/lib/thumb/v7-m/nofp\libc.a(lib_a-atexit.o) (__register_exitproc)
e:/dev/tools/gcc-arm-none-eabi-10-2020-q4-major/bin/../lib/gcc/arm-none-eabi/10.2.1/../../../../arm-none-eabi/lib/thumb/v7-m/nofp\libc.a(lib_a-dtoa.o)
                              e:/dev/tools/gcc-arm-none-eabi-10-2020-q4-major/bin/../lib/gcc/arm-none-eabi/10.2.1/../../../../arm-none-eabi/lib/thumb/v7-m/nofp\libc.a(lib_a-svfprintf.o) (_dtoa_r)
e:/dev/tools/gcc-arm-none-eabi-10-2020-q4-major/bin/../lib/gcc/arm-none-eabi/10.2.1/../../../../arm-none-eabi/lib/thumb/v7-m/nofp\libc.a(lib_a-freer.o)
                              e:/dev/tools/gcc-arm-none-eabi-10-2020-q4-major/bin/../lib/gcc/arm-none-eabi/10.2.1/../../../../arm-none-eabi/lib/thumb/v7-m/nofp\libc.a(lib_a-svfprintf.o) (_free_r)
e:/dev/tools/gcc-arm-none-eabi-10-2020-q4-major/bin/../lib/gcc/arm-none-eabi/10.2.1/../../../../arm-none-eabi/lib/thumb/v7-m/nofp\libc.a(lib_a-localeconv.o)
[...]
Memory Configuration

Name             Origin             Length             Attributes
RAM              0x20000000         0x00018000         xrw
FLASH            0x08000000         0x00100000         xr
*default*        0x00000000         0xffffffff

Linker script and memory map

LOAD e:/dev/tools/gcc-arm-none-eabi-10-2020-q4-major/bin/../lib/gcc/arm-none-eabi/10.2.1/thumb/v7-m/nofp/crti.o
LOAD e:/dev/tools/gcc-arm-none-eabi-10-2020-q4-major/bin/../lib/gcc/arm-none-eabi/10.2.1/thumb/v7-m/nofp/crtbegin.o
LOAD e:/dev/tools/gcc-arm-none-eabi-10-2020-q4-major/bin/../lib/gcc/arm-none-eabi/10.2.1/../../../../arm-none-eabi/lib/thumb/v7-m/nofp/crt0.o
LOAD build/main.o
LOAD build/stm32f1xx_hal_msp.o
LOAD build/stm32f1xx_it.o
LOAD build/system_stm32f1xx.o
LOAD build/wiegand.o
LOAD build/stm32f1xx_hal.o
LOAD build/stm32f1xx_hal_cortex.o
LOAD build/stm32f1xx_hal_dma.o
LOAD build/stm32f1xx_hal_exti.o
LOAD build/stm32f1xx_hal_flash.o
LOAD build/stm32f1xx_hal_flash_ex.o
LOAD build/stm32f1xx_hal_gpio.o
LOAD build/stm32f1xx_hal_gpio_ex.o
LOAD build/stm32f1xx_hal_pwr.o
LOAD build/stm32f1xx_hal_rcc.o
LOAD build/stm32f1xx_hal_rcc_ex.o
LOAD build/stm32f1xx_hal_tim.o
LOAD build/stm32f1xx_hal_tim_ex.o
LOAD build/stm32f1xx_hal_uart.o
LOAD build/startup_stm32f103xg.o
LOAD e:/dev/tools/gcc-arm-none-eabi-10-2020-q4-major/bin/../lib/gcc/arm-none-eabi/10.2.1/../../../../arm-none-eabi/lib/thumb/v7-m/nofp\libnosys.a
LOAD e:/dev/tools/gcc-arm-none-eabi-10-2020-q4-major/bin/../lib/gcc/arm-none-eabi/10.2.1/../../../../arm-none-eabi/lib/thumb/v7-m/nofp\libstdc++.a
LOAD e:/dev/tools/gcc-arm-none-eabi-10-2020-q4-major/bin/../lib/gcc/arm-none-eabi/10.2.1/../../../../arm-none-eabi/lib/thumb/v7-m/nofp\libm.a
LOAD e:/dev/tools/gcc-arm-none-eabi-10-2020-q4-major/bin/../lib/gcc/arm-none-eabi/10.2.1/../../../../arm-none-eabi/lib/thumb/v7-m/nofp\libc.a
START GROUP
LOAD e:/dev/tools/gcc-arm-none-eabi-10-2020-q4-major/bin/../lib/gcc/arm-none-eabi/10.2.1/thumb/v7-m/nofp\libgcc.a
LOAD e:/dev/tools/gcc-arm-none-eabi-10-2020-q4-major/bin/../lib/gcc/arm-none-eabi/10.2.1/../../../../arm-none-eabi/lib/thumb/v7-m/nofp\libc.a
END GROUP
START GROUP
LOAD e:/dev/tools/gcc-arm-none-eabi-10-2020-q4-major/bin/../lib/gcc/arm-none-eabi/10.2.1/thumb/v7-m/nofp\libgcc.a
LOAD e:/dev/tools/gcc-arm-none-eabi-10-2020-q4-major/bin/../lib/gcc/arm-none-eabi/10.2.1/../../../../arm-none-eabi/lib/thumb/v7-m/nofp\libc.a
LOAD e:/dev/tools/gcc-arm-none-eabi-10-2020-q4-major/bin/../lib/gcc/arm-none-eabi/10.2.1/../../../../arm-none-eabi/lib/thumb/v7-m/nofp\libnosys.a
END GROUP
LOAD e:/dev/tools/gcc-arm-none-eabi-10-2020-q4-major/bin/../lib/gcc/arm-none-eabi/10.2.1/thumb/v7-m/nofp/crtend.o
LOAD e:/dev/tools/gcc-arm-none-eabi-10-2020-q4-major/bin/../lib/gcc/arm-none-eabi/10.2.1/thumb/v7-m/nofp/crtn.o
                0x20018000                _estack = 0x20018000
                0x00000200                _Min_Heap_Size = 0x200
                0x00000400                _Min_Stack_Size = 0x400

.isr_vector     0x08000000      0x1e4
                0x08000000                . = ALIGN (0x4)
 *(.isr_vector)
 .isr_vector    0x08000000      0x1e4 build/startup_stm32f103xg.o
                0x08000000                g_pfnVectors
                0x080001e4                . = ALIGN (0x4)

.text           0x080001e8     0x99b0
                0x080001e8                . = ALIGN (0x4)
 *(.text)
 .text          0x080001e8       0x40 e:/dev/tools/gcc-arm-none-eabi-10-2020-q4-major/bin/../lib/gcc/arm-none-eabi/10.2.1/thumb/v7-m/nofp/crtbegin.o
 .text          0x08000228       0xec e:/dev/tools/gcc-arm-none-eabi-10-2020-q4-major/bin/../lib/gcc/arm-none-eabi/10.2.1/../../../../arm-none-eabi/lib/thumb/v7-m/nofp\libc.a(lib_a-memcpy.o)
                0x08000228                memcpy
 .text          0x08000314      0x378 e:/dev/tools/gcc-arm-none-eabi-10-2020-q4-major/bin/../lib/gcc/arm-none-eabi/10.2.1/thumb/v7-m/nofp\libgcc.a(_arm_addsubdf3.o)
                0x08000314                __aeabi_drsub
                0x0800031c                __aeabi_dsub
                0x0800031c                __subdf3
                0x08000320                __aeabi_dadd
                0x08000320                __adddf3
                0x08000598                __floatunsidf
                0x08000598                __aeabi_ui2d
                0x080005b8                __floatsidf
                0x080005b8                __aeabi_i2d
                0x080005dc                __aeabi_f2d
                0x080005dc                __extendsfdf2
                0x08000620                __floatundidf
                0x08000620                __aeabi_ul2d
                0x08000630                __floatdidf
                0x08000630                __aeabi_l2d
 .text          0x0800068c      0x424 e:/dev/tools/gcc-arm-none-eabi-10-2020-q4-major/bin/../lib/gcc/arm-none-eabi/10.2.1/thumb/v7-m/nofp\libgcc.a(_arm_muldivdf3.o)
                0x0800068c                __aeabi_dmul
                0x0800068c                __muldf3
                0x080008e0                __divdf3
                0x080008e0                __aeabi_ddiv
 .text          0x08000ab0      0x110 e:/dev/tools/gcc-arm-none-eabi-10-2020-q4-major/bin/../lib/gcc/arm-none-eabi/10.2.1/thumb/v7-m/nofp\libgcc.a(_arm_cmpdf2.o)
                0x08000ab0                __gtdf2
                0x08000ab0                __gedf2
                0x08000ab8                __ltdf2
                0x08000ab8                __ledf2
                0x08000ac0                __nedf2
                0x08000ac0                __eqdf2
                0x08000ac0                __cmpdf2
                0x08000b3c                __aeabi_cdrcmple
                0x08000b4c                __aeabi_cdcmpeq
                0x08000b4c                __aeabi_cdcmple
                0x08000b5c                __aeabi_dcmpeq
                0x08000b70                __aeabi_dcmplt
                0x08000b84                __aeabi_dcmple
                0x08000b98                __aeabi_dcmpge
                0x08000bac                __aeabi_dcmpgt
 .text          0x08000bc0       0x2c e:/dev/tools/gcc-arm-none-eabi-10-2020-q4-major/bin/../lib/gcc/arm-none-eabi/10.2.1/thumb/v7-m/nofp\libgcc.a(_arm_unorddf2.o)
                0x08000bc0                __unorddf2
                0x08000bc0                __aeabi_dcmpun
 .text          0x08000bec       0x50 e:/dev/tools/gcc-arm-none-eabi-10-2020-q4-major/bin/../lib/gcc/arm-none-eabi/10.2.1/thumb/v7-m/nofp\libgcc.a(_arm_fixdfsi.o)
                0x08000bec                __aeabi_d2iz
                0x08000bec                __fixdfsi
 .text          0x08000c3c       0x30 e:/dev/tools/gcc-arm-none-eabi-10-2020-q4-major/bin/../lib/gcc/arm-none-eabi/10.2.1/thumb/v7-m/nofp\libgcc.a(_aeabi_uldivmod.o)
                0x08000c3c                __aeabi_uldivmod
 .text          0x08000c6c      0x2d4 e:/dev/tools/gcc-arm-none-eabi-10-2020-q4-major/bin/../lib/gcc/arm-none-eabi/10.2.1/thumb/v7-m/nofp\libgcc.a(_udivmoddi4.o)
                0x08000c6c                __udivmoddi4
 .text          0x08000f40      0x9e4 e:/dev/tools/gcc-arm-none-eabi-10-2020-q4-major/bin/../lib/gcc/arm-none-eabi/10.2.1/thumb/v7-m/nofp\libgcc.a(unwind-arm.o)
                0x08001200                _Unwind_GetCFA
                0x08001204                __gnu_Unwind_RaiseException
                0x0800126c                __gnu_Unwind_ForcedUnwind
                0x08001280                __gnu_Unwind_Resume
                0x080012c4                __gnu_Unwind_Resume_or_Rethrow
                0x080012d8                _Unwind_Complete
                0x080012dc                _Unwind_DeleteException
                0x080012e8                _Unwind_VRS_Get
                0x08001334                _Unwind_VRS_Set
                0x0800137c                __gnu_Unwind_Backtrace
                0x080016a4                __aeabi_unwind_cpp_pr0
                0x080016a8                __aeabi_unwind_cpp_pr1
                0x080016ac                __aeabi_unwind_cpp_pr2
                0x080016b0                _Unwind_VRS_Pop
 .text          0x08001924      0x1ac e:/dev/tools/gcc-arm-none-eabi-10-2020-q4-major/bin/../lib/gcc/arm-none-eabi/10.2.1/thumb/v7-m/nofp\libgcc.a(libunwind.o)
                0x08001924                __restore_core_regs
                0x08001924                restore_core_regs
                0x0800193c                __gnu_Unwind_Restore_VFP
                0x08001944                __gnu_Unwind_Save_VFP
                0x0800194c                __gnu_Unwind_Restore_VFP_D
                0x08001954                __gnu_Unwind_Save_VFP_D
                0x0800195c                __gnu_Unwind_Restore_VFP_D_16_to_31
                0x08001964                __gnu_Unwind_Save_VFP_D_16_to_31
                0x0800196c                __gnu_Unwind_Restore_WMMXD
                0x080019b0                __gnu_Unwind_Save_WMMXD
                0x080019f4                __gnu_Unwind_Restore_WMMXC
                0x08001a08                __gnu_Unwind_Save_WMMXC
                0x08001a1c                ___Unwind_RaiseException
                0x08001a1c                _Unwind_RaiseException
                0x08001a40                _Unwind_Resume
                0x08001a40                ___Unwind_Resume
                0x08001a64                _Unwind_Resume_or_Rethrow
                0x08001a64                ___Unwind_Resume_or_Rethrow
                0x08001a88                _Unwind_ForcedUnwind
                0x08001a88                ___Unwind_ForcedUnwind
                0x08001aac                ___Unwind_Backtrace
                0x08001aac                _Unwind_Backtrace
 .text          0x08001ad0      0x38c e:/dev/tools/gcc-arm-none-eabi-10-2020-q4-major/bin/../lib/gcc/arm-none-eabi/10.2.1/thumb/v7-m/nofp\libgcc.a(pr-support.o)
                0x08001b28                __gnu_unwind_execute
                0x08001e0c                __gnu_unwind_frame
                0x08001e3c                _Unwind_GetRegionStart
                0x08001e48                _Unwind_GetLanguageSpecificData
 .text          0x08001e5c        0x4 e:/dev/tools/gcc-arm-none-eabi-10-2020-q4-major/bin/../lib/gcc/arm-none-eabi/10.2.1/thumb/v7-m/nofp\libgcc.a(_dvmd_tls.o)
                0x08001e5c                __aeabi_idiv0
                0x08001e5c                __aeabi_ldiv0
 *(.text*)
 .text._Z41__static_initialization_and_destruction_0ii
                0x08001e60       0x34 build/main.o
 .text._ZL12MX_GPIO_Initv
                0x08001e94      0x114 build/main.o
 .text._Z15greenLightEventv
                0x08001fa8       0x68 build/main.o
                0x08001fa8                greenLightEvent()
 .text._Z9bellEventv
                0x08002010       0xa4 build/main.o
                0x08002010                bellEvent()
 .text.HAL_GPIO_EXTI_Callback
                0x080020b4       0xd4 build/main.o
                0x080020b4                HAL_GPIO_EXTI_Callback
 .text._Z11UART_PrintfPKcz
                0x08002188       0x3c build/main.o
                0x08002188                UART_Printf(char const*, ...)
 .text._Z14timeTrackEventv
                0x080021c4       0x50 build/main.o
                0x080021c4                timeTrackEvent()
 .text._Z18buttonPressedEventv
                0x08002214       0xa8 build/main.o
                0x08002214                buttonPressedEvent()
 .text._Z14doorCheckEventv
                0x080022bc       0x88 build/main.o
                0x080022bc                doorCheckEvent()
 .text._Z21doorChangedStateEventv
                0x08002344       0x78 build/main.o
                0x08002344                doorChangedStateEvent()
 .text._Z10verifyCodem
                0x080023bc       0x1c build/main.o
                0x080023bc                verifyCode(unsigned long)
 .text._Z16intercomKeyEventv
                0x080023d8       0xb8 build/main.o
                0x080023d8                intercomKeyEvent()
 .text._Z10switchModev
                0x08002490       0xf8 build/main.o
                0x08002490                switchMode()
 .text._Z15changeModeEventv
                0x08002588       0x3c build/main.o
                0x08002588                changeModeEvent()
 .text.Error_Handler
                0x080025c4        0x4 build/main.o
                0x080025c4                Error_Handler
 .text._Z18SystemClock_Configv
                0x080025c8       0x62 build/main.o
                0x080025c8                SystemClock_Config()
 *fill*         0x0800262a        0x2 
 .text._ZL19MX_USART1_UART_Initv
                0x0800262c       0x34 build/main.o
 .text.main     0x08002660       0x40 build/main.o
                0x08002660                main
 .text._GLOBAL__sub_I_huart1
                0x080026a0        0xe build/main.o
 *fill*         0x080026ae        0x2 
 .text.HAL_MspInit
                0x080026b0       0x40 build/stm32f1xx_hal_msp.o
                0x080026b0                HAL_MspInit
 .text.HAL_UART_MspInit
                0x080026f0       0x88 build/stm32f1xx_hal_msp.o
                0x080026f0                HAL_UART_MspInit
 .text.NMI_Handler
                0x08002778        0x2 build/stm32f1xx_it.o
                0x08002778                NMI_Handler
 .text.HardFault_Handler
                0x0800277a        0x2 build/stm32f1xx_it.o
                0x0800277a                HardFault_Handler
 .text.MemManage_Handler
                0x0800277c        0x2 build/stm32f1xx_it.o
                0x0800277c                MemManage_Handler
 .text.BusFault_Handler
                0x0800277e        0x2 build/stm32f1xx_it.o
                0x0800277e                BusFault_Handler
 .text.UsageFault_Handler
                0x08002780        0x2 build/stm32f1xx_it.o
                0x08002780                UsageFault_Handler
 .text.SVC_Handler
                0x08002782        0x2 build/stm32f1xx_it.o
                0x08002782                SVC_Handler
 .text.DebugMon_Handler
                0x08002784        0x2 build/stm32f1xx_it.o
                0x08002784                DebugMon_Handler
 .text.PendSV_Handler
                0x08002786        0x2 build/stm32f1xx_it.o
                0x08002786                PendSV_Handler
 .text.SysTick_Handler
                0x08002788        0x8 build/stm32f1xx_it.o
                0x08002788                SysTick_Handler
 .text.EXTI0_IRQHandler
                0x08002790        0xa build/stm32f1xx_it.o
                0x08002790                EXTI0_IRQHandler
 .text.EXTI1_IRQHandler
                0x0800279a        0xa build/stm32f1xx_it.o
                0x0800279a                EXTI1_IRQHandler
 .text.EXTI2_IRQHandler
                0x080027a4        0xa build/stm32f1xx_it.o
                0x080027a4                EXTI2_IRQHandler
 .text.EXTI3_IRQHandler
                0x080027ae        0xa build/stm32f1xx_it.o
                0x080027ae                EXTI3_IRQHandler
 .text.EXTI9_5_IRQHandler
                0x080027b8       0x18 build/stm32f1xx_it.o
                0x080027b8                EXTI9_5_IRQHandler
 .text.USART1_IRQHandler
                0x080027d0       0x10 build/stm32f1xx_it.o
                0x080027d0                USART1_IRQHandler
 .text.SystemInit
                0x080027e0        0x2 build/system_stm32f1xx.o
                0x080027e0                SystemInit
 *fill*         0x080027e2        0x2 
 .text.getCode  0x080027e4        0xc build/wiegand.o
                0x080027e4                getCode
 .text.ReadD0   0x080027f0       0x54 build/wiegand.o
                0x080027f0                ReadD0
 .text.ReadD1   0x08002844       0x64 build/wiegand.o
                0x08002844                ReadD1
 .text.GetCardId
                0x080028a8       0x30 build/wiegand.o
                0x080028a8                GetCardId
 .text.translateEnterEscapeKeyPress
                0x080028d8       0x10 build/wiegand.o
                0x080028d8                translateEnterEscapeKeyPress
 .text.wig_available
                0x080028e8      0x148 build/wiegand.o
                0x080028e8                wig_available
 .text.HAL_InitTick
                0x08002a30       0x4c build/stm32f1xx_hal.o
                0x08002a30                HAL_InitTick
 .text.HAL_Init
                0x08002a7c       0x24 build/stm32f1xx_hal.o
                0x08002a7c                HAL_Init
 .text.HAL_IncTick
                0x08002aa0       0x18 build/stm32f1xx_hal.o
                0x08002aa0                HAL_IncTick
 .text.HAL_GetTick
                0x08002ab8        0xc build/stm32f1xx_hal.o
                0x08002ab8                HAL_GetTick
 .text.HAL_NVIC_SetPriorityGrouping
                0x08002ac4       0x24 build/stm32f1xx_hal_cortex.o
                0x08002ac4                HAL_NVIC_SetPriorityGrouping
 .text.HAL_NVIC_SetPriority
                0x08002ae8       0x70 build/stm32f1xx_hal_cortex.o
                0x08002ae8                HAL_NVIC_SetPriority
 .text.HAL_NVIC_EnableIRQ
                0x08002b58       0x1c build/stm32f1xx_hal_cortex.o
                0x08002b58                HAL_NVIC_EnableIRQ
 .text.HAL_SYSTICK_Config
                0x08002b74       0x28 build/stm32f1xx_hal_cortex.o
                0x08002b74                HAL_SYSTICK_Config
 .text.HAL_DMA_Abort_IT
                0x08002b9c      0x168 build/stm32f1xx_hal_dma.o
                0x08002b9c                HAL_DMA_Abort_IT
 .text.HAL_GPIO_Init
                0x08002d04      0x240 build/stm32f1xx_hal_gpio.o
                0x08002d04                HAL_GPIO_Init
 .text.HAL_GPIO_ReadPin
                0x08002f44        0xe build/stm32f1xx_hal_gpio.o
                0x08002f44                HAL_GPIO_ReadPin
 .text.HAL_GPIO_WritePin
                0x08002f52        0xc build/stm32f1xx_hal_gpio.o
                0x08002f52                HAL_GPIO_WritePin
 *fill*         0x08002f5e        0x2 
 .text.HAL_GPIO_EXTI_IRQHandler
                0x08002f60       0x1c build/stm32f1xx_hal_gpio.o
                0x08002f60                HAL_GPIO_EXTI_IRQHandler
 .text.RCC_Delay
                0x08002f7c       0x2c build/stm32f1xx_hal_rcc.o
 .text.HAL_RCC_OscConfig
                0x08002fa8      0x410 build/stm32f1xx_hal_rcc.o
                0x08002fa8                HAL_RCC_OscConfig
 .text.HAL_RCC_GetSysClockFreq
                0x080033b8       0x6c build/stm32f1xx_hal_rcc.o
                0x080033b8                HAL_RCC_GetSysClockFreq
 .text.HAL_RCC_ClockConfig
                0x08003424      0x16c build/stm32f1xx_hal_rcc.o
                0x08003424                HAL_RCC_ClockConfig
 .text.HAL_RCC_GetHCLKFreq
                0x08003590        0xc build/stm32f1xx_hal_rcc.o
                0x08003590                HAL_RCC_GetHCLKFreq
 .text.HAL_RCC_GetPCLK1Freq
                0x0800359c       0x20 build/stm32f1xx_hal_rcc.o
                0x0800359c                HAL_RCC_GetPCLK1Freq
 .text.HAL_RCC_GetPCLK2Freq
                0x080035bc       0x20 build/stm32f1xx_hal_rcc.o
                0x080035bc                HAL_RCC_GetPCLK2Freq
 .text.UART_EndRxTransfer
                0x080035dc       0x1c build/stm32f1xx_hal_uart.o
 .text.UART_Transmit_IT
                0x080035f8       0x60 build/stm32f1xx_hal_uart.o
 .text.UART_SetConfig
                0x08003658       0x94 build/stm32f1xx_hal_uart.o
 .text.UART_WaitOnFlagUntilTimeout
                0x080036ec       0x6c build/stm32f1xx_hal_uart.o
 .text.HAL_UART_Init
                0x08003758       0x5e build/stm32f1xx_hal_uart.o
                0x08003758                HAL_UART_Init
 .text.HAL_UART_Transmit
                0x080037b6       0xd8 build/stm32f1xx_hal_uart.o
                0x080037b6                HAL_UART_Transmit
 .text.HAL_UART_TxCpltCallback
                0x0800388e        0x2 build/stm32f1xx_hal_uart.o
                0x0800388e                HAL_UART_TxCpltCallback
 .text.UART_EndTransmit_IT
                0x08003890       0x1a build/stm32f1xx_hal_uart.o
 .text.HAL_UART_RxCpltCallback
                0x080038aa        0x2 build/stm32f1xx_hal_uart.o
                0x080038aa                HAL_UART_RxCpltCallback
 .text.UART_Receive_IT
                0x080038ac       0x94 build/stm32f1xx_hal_uart.o
 .text.HAL_UART_ErrorCallback
                0x08003940        0x2 build/stm32f1xx_hal_uart.o
                0x08003940                HAL_UART_ErrorCallback
 *fill*         0x08003942        0x2 
 .text.HAL_UART_IRQHandler
                0x08003944      0x128 build/stm32f1xx_hal_uart.o
                0x08003944                HAL_UART_IRQHandler
 .text.UART_DMAAbortOnError
                0x08003a6c       0x10 build/stm32f1xx_hal_uart.o
 .text.Reset_Handler
                0x08003a7c       0x48 build/startup_stm32f103xg.o
                0x08003a7c                Reset_Handler
 .text.Default_Handler
                0x08003ac4        0x2 build/startup_stm32f103xg.o
                0x08003ac4                RTC_Alarm_IRQHandler
                0x08003ac4                TIM8_CC_IRQHandler
                0x08003ac4                TIM1_CC_IRQHandler
                0x08003ac4                TIM6_IRQHandler
                0x08003ac4                PVD_IRQHandler
                0x08003ac4                SDIO_IRQHandler
                0x08003ac4                TIM8_TRG_COM_TIM14_IRQHandler
                0x08003ac4                TIM1_UP_TIM10_IRQHandler
                0x08003ac4                TIM8_UP_TIM13_IRQHandler
                0x08003ac4                I2C2_EV_IRQHandler
                0x08003ac4                ADC1_2_IRQHandler
                0x08003ac4                SPI1_IRQHandler
                0x08003ac4                TAMPER_IRQHandler
                0x08003ac4                TIM1_BRK_TIM9_IRQHandler
                0x08003ac4                DMA2_Channel2_IRQHandler
                0x08003ac4                DMA1_Channel4_IRQHandler
                0x08003ac4                USART3_IRQHandler
                0x08003ac4                RTC_IRQHandler
                0x08003ac4                DMA1_Channel7_IRQHandler
                0x08003ac4                CAN1_RX1_IRQHandler
                0x08003ac4                UART5_IRQHandler
                0x08003ac4                ADC3_IRQHandler
                0x08003ac4                TIM4_IRQHandler
                0x08003ac4                DMA2_Channel1_IRQHandler
                0x08003ac4                I2C1_EV_IRQHandler
                0x08003ac4                DMA1_Channel6_IRQHandler
                0x08003ac4                UART4_IRQHandler
                0x08003ac4                TIM3_IRQHandler
                0x08003ac4                RCC_IRQHandler
                0x08003ac4                TIM8_BRK_TIM12_IRQHandler
                0x08003ac4                DMA1_Channel1_IRQHandler
                0x08003ac4                Default_Handler
                0x08003ac4                EXTI15_10_IRQHandler
                0x08003ac4                TIM7_IRQHandler
                0x08003ac4                TIM5_IRQHandler
                0x08003ac4                SPI2_IRQHandler
                0x08003ac4                DMA1_Channel5_IRQHandler
                0x08003ac4                EXTI4_IRQHandler
                0x08003ac4                USB_LP_CAN1_RX0_IRQHandler
                0x08003ac4                USB_HP_CAN1_TX_IRQHandler
                0x08003ac4                DMA1_Channel3_IRQHandler
                0x08003ac4                FSMC_IRQHandler
                0x08003ac4                WWDG_IRQHandler
                0x08003ac4                TIM2_IRQHandler
                0x08003ac4                TIM1_TRG_COM_TIM11_IRQHandler
                0x08003ac4                DMA2_Channel4_5_IRQHandler
                0x08003ac4                USART2_IRQHandler
                0x08003ac4                I2C2_ER_IRQHandler
                0x08003ac4                DMA1_Channel2_IRQHandler
                0x08003ac4                CAN1_SCE_IRQHandler
                0x08003ac4                FLASH_IRQHandler
                0x08003ac4                SPI3_IRQHandler
                0x08003ac4                I2C1_ER_IRQHandler
                0x08003ac4                USBWakeUp_IRQHandler
                0x08003ac4                DMA2_Channel3_IRQHandler
 *fill*         0x08003ac6        0x2 
 .text.__libc_init_array
                0x08003ac8       0x48 e:/dev/tools/gcc-arm-none-eabi-10-2020-q4-major/bin/../lib/gcc/arm-none-eabi/10.2.1/../../../../arm-none-eabi/lib/thumb/v7-m/nofp\libc.a(lib_a-init.o)
                0x08003ac8                __libc_init_array
 .text.memset   0x08003b10       0xa4 e:/dev/tools/gcc-arm-none-eabi-10-2020-q4-major/bin/../lib/gcc/arm-none-eabi/10.2.1/../../../../arm-none-eabi/lib/thumb/v7-m/nofp\libc.a(lib_a-memset.o)
                0x08003b10                memset
 .text.strlen   0x08003bb4       0x5c e:/dev/tools/gcc-arm-none-eabi-10-2020-q4-major/bin/../lib/gcc/arm-none-eabi/10.2.1/../../../../arm-none-eabi/lib/thumb/v7-m/nofp\libc.a(lib_a-strlen-stub.o)
                0x08003bb4                strlen
 .text.vsnprintf
                0x08003c10       0x6c e:/dev/tools/gcc-arm-none-eabi-10-2020-q4-major/bin/../lib/gcc/arm-none-eabi/10.2.1/../../../../arm-none-eabi/lib/thumb/v7-m/nofp\libc.a(lib_a-vsnprintf.o)
                0x08003c10                vsnprintf
 .text.startup.register_fini
                0x08003c7c       0x14 e:/dev/tools/gcc-arm-none-eabi-10-2020-q4-major/bin/../lib/gcc/arm-none-eabi/10.2.1/../../../../arm-none-eabi/lib/thumb/v7-m/nofp\libc.a(lib_a-__call_atexit.o)
 .text.atexit   0x08003c90        0xc e:/dev/tools/gcc-arm-none-eabi-10-2020-q4-major/bin/../lib/gcc/arm-none-eabi/10.2.1/../../../../arm-none-eabi/lib/thumb/v7-m/nofp\libc.a(lib_a-atexit.o)
                0x08003c90                atexit
 .text.__libc_fini_array
                0x08003c9c       0x2c e:/dev/tools/gcc-arm-none-eabi-10-2020-q4-major/bin/../lib/gcc/arm-none-eabi/10.2.1/../../../../arm-none-eabi/lib/thumb/v7-m/nofp\libc.a(lib_a-fini.o)
                0x08003c9c                __libc_fini_array
 .text.__retarget_lock_init_recursive
                0x08003cc8        0x4 e:/dev/tools/gcc-arm-none-eabi-10-2020-q4-major/bin/../lib/gcc/arm-none-eabi/10.2.1/../../../../arm-none-eabi/lib/thumb/v7-m/nofp\libc.a(lib_a-lock.o)
                0x08003cc8                __retarget_lock_init_recursive
 .text.__retarget_lock_close_recursive
                0x08003ccc        0x4 e:/dev/tools/gcc-arm-none-eabi-10-2020-q4-major/bin/../lib/gcc/arm-none-eabi/10.2.1/../../../../arm-none-eabi/lib/thumb/v7-m/nofp\libc.a(lib_a-lock.o)
                0x08003ccc                __retarget_lock_close_recursive
 .text.__retarget_lock_acquire_recursive
                0x08003cd0        0x4 e:/dev/tools/gcc-arm-none-eabi-10-2020-q4-major/bin/../lib/gcc/arm-none-eabi/10.2.1/../../../../arm-none-eabi/lib/thumb/v7-m/nofp\libc.a(lib_a-lock.o)
                0x08003cd0                __retarget_lock_acquire_recursive
 .text.__retarget_lock_release_recursive
                0x08003cd4        0x4 e:/dev/tools/gcc-arm-none-eabi-10-2020-q4-major/bin/../lib/gcc/arm-none-eabi/10.2.1/../../../../arm-none-eabi/lib/thumb/v7-m/nofp\libc.a(lib_a-lock.o)
                0x08003cd4                __retarget_lock_release_recursive
 .text._svfprintf_r
                0x08003cd8     0x1aa4 e:/dev/tools/gcc-arm-none-eabi-10-2020-q4-major/bin/../lib/gcc/arm-none-eabi/10.2.1/../../../../arm-none-eabi/lib/thumb/v7-m/nofp\libc.a(lib_a-svfprintf.o)
                0x08003cd8                _svfprintf_r
 .text.__register_exitproc
                0x0800577c       0x8c e:/dev/tools/gcc-arm-none-eabi-10-2020-q4-major/bin/../lib/gcc/arm-none-eabi/10.2.1/../../../../arm-none-eabi/lib/thumb/v7-m/nofp\libc.a(lib_a-__atexit.o)
                0x0800577c                __register_exitproc
 .text.quorem   0x08005808      0x12c e:/dev/tools/gcc-arm-none-eabi-10-2020-q4-major/bin/../lib/gcc/arm-none-eabi/10.2.1/../../../../arm-none-eabi/lib/thumb/v7-m/nofp\libc.a(lib_a-dtoa.o)
 *fill*         0x08005934        0x4 
 .text._dtoa_r  0x08005938      0xecc e:/dev/tools/gcc-arm-none-eabi-10-2020-q4-major/bin/../lib/gcc/arm-none-eabi/10.2.1/../../../../arm-none-eabi/lib/thumb/v7-m/nofp\libc.a(lib_a-dtoa.o)
                0x08005938                _dtoa_r
 .text._malloc_trim_r
                0x08006804       0xa0 e:/dev/tools/gcc-arm-none-eabi-10-2020-q4-major/bin/../lib/gcc/arm-none-eabi/10.2.1/../../../../arm-none-eabi/lib/thumb/v7-m/nofp\libc.a(lib_a-freer.o)
                0x08006804                _malloc_trim_r
 .text._free_r  0x080068a4      0x200 e:/dev/tools/gcc-arm-none-eabi-10-2020-q4-major/bin/../lib/gcc/arm-none-eabi/10.2.1/../../../../arm-none-eabi/lib/thumb/v7-m/nofp\libc.a(lib_a-freer.o)
                0x080068a4                _free_r
 .text._localeconv_r
                0x08006aa4        0x8 e:/dev/tools/gcc-arm-none-eabi-10-2020-q4-major/bin/../lib/gcc/arm-none-eabi/10.2.1/../../../../arm-none-eabi/lib/thumb/v7-m/nofp\libc.a(lib_a-localeconv.o)
                0x08006aa4                _localeconv_r
 .text._malloc_r
                0x08006aac      0x558 e:/dev/tools/gcc-arm-none-eabi-10-2020-q4-major/bin/../lib/gcc/arm-none-eabi/10.2.1/../../../../arm-none-eabi/lib/thumb/v7-m/nofp\libc.a(lib_a-mallocr.o)
                0x08006aac                _malloc_r
 .text.memchr   0x08007004       0x90 e:/dev/tools/gcc-arm-none-eabi-10-2020-q4-major/bin/../lib/gcc/arm-none-eabi/10.2.1/../../../../arm-none-eabi/lib/thumb/v7-m/nofp\libc.a(lib_a-memchr-stub.o)
                0x08007004                memchr
 .text.__malloc_lock
                0x08007094        0xc e:/dev/tools/gcc-arm-none-eabi-10-2020-q4-major/bin/../lib/gcc/arm-none-eabi/10.2.1/../../../../arm-none-eabi/lib/thumb/v7-m/nofp\libc.a(lib_a-mlock.o)
                0x08007094                __malloc_lock
 .text.__malloc_unlock
                0x080070a0        0xc e:/dev/tools/gcc-arm-none-eabi-10-2020-q4-major/bin/../lib/gcc/arm-none-eabi/10.2.1/../../../../arm-none-eabi/lib/thumb/v7-m/nofp\libc.a(lib_a-mlock.o)
                0x080070a0                __malloc_unlock
 .text._Balloc  0x080070ac       0x4c e:/dev/tools/gcc-arm-none-eabi-10-2020-q4-major/bin/../lib/gcc/arm-none-eabi/10.2.1/../../../../arm-none-eabi/lib/thumb/v7-m/nofp\libc.a(lib_a-mprec.o)
                0x080070ac                _Balloc
 .text._Bfree   0x080070f8       0x14 e:/dev/tools/gcc-arm-none-eabi-10-2020-q4-major/bin/../lib/gcc/arm-none-eabi/10.2.1/../../../../arm-none-eabi/lib/thumb/v7-m/nofp\libc.a(lib_a-mprec.o)
                0x080070f8                _Bfree
 .text.__multadd
                0x0800710c       0xa4 e:/dev/tools/gcc-arm-none-eabi-10-2020-q4-major/bin/../lib/gcc/arm-none-eabi/10.2.1/../../../../arm-none-eabi/lib/thumb/v7-m/nofp\libc.a(lib_a-mprec.o)
                0x0800710c                __multadd
 .text.__hi0bits
                0x080071b0       0x40 e:/dev/tools/gcc-arm-none-eabi-10-2020-q4-major/bin/../lib/gcc/arm-none-eabi/10.2.1/../../../../arm-none-eabi/lib/thumb/v7-m/nofp\libc.a(lib_a-mprec.o)
                0x080071b0                __hi0bits
 .text.__lo0bits
                0x080071f0       0x58 e:/dev/tools/gcc-arm-none-eabi-10-2020-q4-major/bin/../lib/gcc/arm-none-eabi/10.2.1/../../../../arm-none-eabi/lib/thumb/v7-m/nofp\libc.a(lib_a-mprec.o)
                0x080071f0                __lo0bits
 .text.__i2b    0x08007248       0x5c e:/dev/tools/gcc-arm-none-eabi-10-2020-q4-major/bin/../lib/gcc/arm-none-eabi/10.2.1/../../../../arm-none-eabi/lib/thumb/v7-m/nofp\libc.a(lib_a-mprec.o)
                0x08007248                __i2b
 .text.__multiply
                0x080072a4      0x15c e:/dev/tools/gcc-arm-none-eabi-10-2020-q4-major/bin/../lib/gcc/arm-none-eabi/10.2.1/../../../../arm-none-eabi/lib/thumb/v7-m/nofp\libc.a(lib_a-mprec.o)
                0x080072a4                __multiply
 .text.__pow5mult
                0x08007400       0xb8 e:/dev/tools/gcc-arm-none-eabi-10-2020-q4-major/bin/../lib/gcc/arm-none-eabi/10.2.1/../../../../arm-none-eabi/lib/thumb/v7-m/nofp\libc.a(lib_a-mprec.o)
                0x08007400                __pow5mult
 .text.__lshift
                0x080074b8       0xec e:/dev/tools/gcc-arm-none-eabi-10-2020-q4-major/bin/../lib/gcc/arm-none-eabi/10.2.1/../../../../arm-none-eabi/lib/thumb/v7-m/nofp\libc.a(lib_a-mprec.o)
                0x080074b8                __lshift
 .text.__mcmp   0x080075a4       0x40 e:/dev/tools/gcc-arm-none-eabi-10-2020-q4-major/bin/../lib/gcc/arm-none-eabi/10.2.1/../../../../arm-none-eabi/lib/thumb/v7-m/nofp\libc.a(lib_a-mprec.o)
                0x080075a4                __mcmp
 .text.__mdiff  0x080075e4      0x14c e:/dev/tools/gcc-arm-none-eabi-10-2020-q4-major/bin/../lib/gcc/arm-none-eabi/10.2.1/../../../../arm-none-eabi/lib/thumb/v7-m/nofp\libc.a(lib_a-mprec.o)
                0x080075e4                __mdiff
 .text.__d2b    0x08007730       0xc4 e:/dev/tools/gcc-arm-none-eabi-10-2020-q4-major/bin/../lib/gcc/arm-none-eabi/10.2.1/../../../../arm-none-eabi/lib/thumb/v7-m/nofp\libc.a(lib_a-mprec.o)
                0x08007730                __d2b
 .text.frexp    0x080077f4       0x70 e:/dev/tools/gcc-arm-none-eabi-10-2020-q4-major/bin/../lib/gcc/arm-none-eabi/10.2.1/../../../../arm-none-eabi/lib/thumb/v7-m/nofp\libc.a(lib_a-s_frexp.o)
                0x080077f4                frexp
 .text._sbrk_r  0x08007864       0x24 e:/dev/tools/gcc-arm-none-eabi-10-2020-q4-major/bin/../lib/gcc/arm-none-eabi/10.2.1/../../../../arm-none-eabi/lib/thumb/v7-m/nofp\libc.a(lib_a-sbrkr.o)
                0x08007864                _sbrk_r
 .text.strncpy  0x08007888       0x68 e:/dev/tools/gcc-arm-none-eabi-10-2020-q4-major/bin/../lib/gcc/arm-none-eabi/10.2.1/../../../../arm-none-eabi/lib/thumb/v7-m/nofp\libc.a(lib_a-strncpy.o)
                0x08007888                strncpy
 .text.__ssprint_r
                0x080078f0       0xfc e:/dev/tools/gcc-arm-none-eabi-10-2020-q4-major/bin/../lib/gcc/arm-none-eabi/10.2.1/../../../../arm-none-eabi/lib/thumb/v7-m/nofp\libc.a(lib_a-svfiprintf.o)
                0x080078f0                __ssprint_r
 .text.__assert_func
                0x080079ec       0x40 e:/dev/tools/gcc-arm-none-eabi-10-2020-q4-major/bin/../lib/gcc/arm-none-eabi/10.2.1/../../../../arm-none-eabi/lib/thumb/v7-m/nofp\libc.a(lib_a-assert.o)
                0x080079ec                __assert_func
 .text._calloc_r
                0x08007a2c       0x60 e:/dev/tools/gcc-arm-none-eabi-10-2020-q4-major/bin/../lib/gcc/arm-none-eabi/10.2.1/../../../../arm-none-eabi/lib/thumb/v7-m/nofp\libc.a(lib_a-callocr.o)
                0x08007a2c                _calloc_r
 .text.fiprintf
                0x08007a8c       0x28 e:/dev/tools/gcc-arm-none-eabi-10-2020-q4-major/bin/../lib/gcc/arm-none-eabi/10.2.1/../../../../arm-none-eabi/lib/thumb/v7-m/nofp\libc.a(lib_a-fiprintf.o)
                0x08007a8c                fiprintf
 .text.__locale_mb_cur_max
                0x08007ab4        0xc e:/dev/tools/gcc-arm-none-eabi-10-2020-q4-major/bin/../lib/gcc/arm-none-eabi/10.2.1/../../../../arm-none-eabi/lib/thumb/v7-m/nofp\libc.a(lib_a-locale.o)
                0x08007ab4                __locale_mb_cur_max
 .text.__ascii_mbtowc
                0x08007ac0       0x2c e:/dev/tools/gcc-arm-none-eabi-10-2020-q4-major/bin/../lib/gcc/arm-none-eabi/10.2.1/../../../../arm-none-eabi/lib/thumb/v7-m/nofp\libc.a(lib_a-mbtowc_r.o)
                0x08007ac0                __ascii_mbtowc
 .text.memmove  0x08007aec       0xf8 e:/dev/tools/gcc-arm-none-eabi-10-2020-q4-major/bin/../lib/gcc/arm-none-eabi/10.2.1/../../../../arm-none-eabi/lib/thumb/v7-m/nofp\libc.a(lib_a-memmove.o)
                0x08007aec                memmove
 .text._realloc_r
                0x08007be4      0x3dc e:/dev/tools/gcc-arm-none-eabi-10-2020-q4-major/bin/../lib/gcc/arm-none-eabi/10.2.1/../../../../arm-none-eabi/lib/thumb/v7-m/nofp\libc.a(lib_a-reallocr.o)
                0x08007be4                _realloc_r
 .text.__sprint_r.part.0
                0x08007fc0       0x78 e:/dev/tools/gcc-arm-none-eabi-10-2020-q4-major/bin/../lib/gcc/arm-none-eabi/10.2.1/../../../../arm-none-eabi/lib/thumb/v7-m/nofp\libc.a(lib_a-vfiprintf.o)
 .text._vfiprintf_r
                0x08008038      0xd94 e:/dev/tools/gcc-arm-none-eabi-10-2020-q4-major/bin/../lib/gcc/arm-none-eabi/10.2.1/../../../../arm-none-eabi/lib/thumb/v7-m/nofp\libc.a(lib_a-vfiprintf.o)
                0x08008038                _vfiprintf_r
 .text.__sbprintf
                0x08008dcc       0x84 e:/dev/tools/gcc-arm-none-eabi-10-2020-q4-major/bin/../lib/gcc/arm-none-eabi/10.2.1/../../../../arm-none-eabi/lib/thumb/v7-m/nofp\libc.a(lib_a-vfiprintf.o)
 .text.__ascii_wctomb
                0x08008e50       0x1c e:/dev/tools/gcc-arm-none-eabi-10-2020-q4-major/bin/../lib/gcc/arm-none-eabi/10.2.1/../../../../arm-none-eabi/lib/thumb/v7-m/nofp\libc.a(lib_a-wctomb_r.o)
                0x08008e50                __ascii_wctomb
 .text.__swsetup_r
                0x08008e6c       0xd4 e:/dev/tools/gcc-arm-none-eabi-10-2020-q4-major/bin/../lib/gcc/arm-none-eabi/10.2.1/../../../../arm-none-eabi/lib/thumb/v7-m/nofp\libc.a(lib_a-wsetup.o)
                0x08008e6c                __swsetup_r
 .text.abort    0x08008f40       0x10 e:/dev/tools/gcc-arm-none-eabi-10-2020-q4-major/bin/../lib/gcc/arm-none-eabi/10.2.1/../../../../arm-none-eabi/lib/thumb/v7-m/nofp\libc.a(lib_a-abort.o)
                0x08008f40                abort
 .text.__sflush_r
                0x08008f50      0x124 e:/dev/tools/gcc-arm-none-eabi-10-2020-q4-major/bin/../lib/gcc/arm-none-eabi/10.2.1/../../../../arm-none-eabi/lib/thumb/v7-m/nofp\libc.a(lib_a-fflush.o)
                0x08008f50                __sflush_r
 .text._fflush_r
                0x08009074       0x5c e:/dev/tools/gcc-arm-none-eabi-10-2020-q4-major/bin/../lib/gcc/arm-none-eabi/10.2.1/../../../../arm-none-eabi/lib/thumb/v7-m/nofp\libc.a(lib_a-fflush.o)
                0x08009074                _fflush_r
 .text._cleanup_r
                0x080090d0        0xc e:/dev/tools/gcc-arm-none-eabi-10-2020-q4-major/bin/../lib/gcc/arm-none-eabi/10.2.1/../../../../arm-none-eabi/lib/thumb/v7-m/nofp\libc.a(lib_a-findfp.o)
                0x080090d0                _cleanup_r
 .text.__sinit  0x080090dc      0x10c e:/dev/tools/gcc-arm-none-eabi-10-2020-q4-major/bin/../lib/gcc/arm-none-eabi/10.2.1/../../../../arm-none-eabi/lib/thumb/v7-m/nofp\libc.a(lib_a-findfp.o)
                0x080090dc                __sinit
 .text.__sfp_lock_acquire
                0x080091e8        0xc e:/dev/tools/gcc-arm-none-eabi-10-2020-q4-major/bin/../lib/gcc/arm-none-eabi/10.2.1/../../../../arm-none-eabi/lib/thumb/v7-m/nofp\libc.a(lib_a-findfp.o)
                0x080091e8                __sfp_lock_acquire
 .text.__sfp_lock_release
                0x080091f4        0xc e:/dev/tools/gcc-arm-none-eabi-10-2020-q4-major/bin/../lib/gcc/arm-none-eabi/10.2.1/../../../../arm-none-eabi/lib/thumb/v7-m/nofp\libc.a(lib_a-findfp.o)
                0x080091f4                __sfp_lock_release
 .text.__fputwc
                0x08009200       0xa0 e:/dev/tools/gcc-arm-none-eabi-10-2020-q4-major/bin/../lib/gcc/arm-none-eabi/10.2.1/../../../../arm-none-eabi/lib/thumb/v7-m/nofp\libc.a(lib_a-fputwc.o)
                0x08009200                __fputwc
 .text._fputwc_r
                0x080092a0       0x68 e:/dev/tools/gcc-arm-none-eabi-10-2020-q4-major/bin/../lib/gcc/arm-none-eabi/10.2.1/../../../../arm-none-eabi/lib/thumb/v7-m/nofp\libc.a(lib_a-fputwc.o)
                0x080092a0                _fputwc_r
 .text.__sfvwrite_r
                0x08009308      0x2f0 e:/dev/tools/gcc-arm-none-eabi-10-2020-q4-major/bin/../lib/gcc/arm-none-eabi/10.2.1/../../../../arm-none-eabi/lib/thumb/v7-m/nofp\libc.a(lib_a-fvwrite.o)
                0x08009308                __sfvwrite_r
 .text._fwalk_reent
                0x080095f8       0x48 e:/dev/tools/gcc-arm-none-eabi-10-2020-q4-major/bin/../lib/gcc/arm-none-eabi/10.2.1/../../../../arm-none-eabi/lib/thumb/v7-m/nofp\libc.a(lib_a-fwalk.o)
                0x080095f8                _fwalk_reent
 .text.__smakebuf_r
                0x08009640       0xe0 e:/dev/tools/gcc-arm-none-eabi-10-2020-q4-major/bin/../lib/gcc/arm-none-eabi/10.2.1/../../../../arm-none-eabi/lib/thumb/v7-m/nofp\libc.a(lib_a-makebuf.o)
                0x08009640                __smakebuf_r
 .text.raise    0x08009720       0x5c e:/dev/tools/gcc-arm-none-eabi-10-2020-q4-major/bin/../lib/gcc/arm-none-eabi/10.2.1/../../../../arm-none-eabi/lib/thumb/v7-m/nofp\libc.a(lib_a-signal.o)
                0x08009720                raise
 .text._kill_r  0x0800977c       0x28 e:/dev/tools/gcc-arm-none-eabi-10-2020-q4-major/bin/../lib/gcc/arm-none-eabi/10.2.1/../../../../arm-none-eabi/lib/thumb/v7-m/nofp\libc.a(lib_a-signalr.o)
                0x0800977c                _kill_r
 .text._getpid_r
                0x080097a4        0x4 e:/dev/tools/gcc-arm-none-eabi-10-2020-q4-major/bin/../lib/gcc/arm-none-eabi/10.2.1/../../../../arm-none-eabi/lib/thumb/v7-m/nofp\libc.a(lib_a-signalr.o)
                0x080097a4                _getpid_r
 .text.__sread  0x080097a8       0x24 e:/dev/tools/gcc-arm-none-eabi-10-2020-q4-major/bin/../lib/gcc/arm-none-eabi/10.2.1/../../../../arm-none-eabi/lib/thumb/v7-m/nofp\libc.a(lib_a-stdio.o)
                0x080097a8                __sread
 .text.__swrite
                0x080097cc       0x40 e:/dev/tools/gcc-arm-none-eabi-10-2020-q4-major/bin/../lib/gcc/arm-none-eabi/10.2.1/../../../../arm-none-eabi/lib/thumb/v7-m/nofp\libc.a(lib_a-stdio.o)
                0x080097cc                __swrite
 .text.__sseek  0x0800980c       0x20 e:/dev/tools/gcc-arm-none-eabi-10-2020-q4-major/bin/../lib/gcc/arm-none-eabi/10.2.1/../../../../arm-none-eabi/lib/thumb/v7-m/nofp\libc.a(lib_a-stdio.o)
                0x0800980c                __sseek
 .text.__sclose
                0x0800982c        0x8 e:/dev/tools/gcc-arm-none-eabi-10-2020-q4-major/bin/../lib/gcc/arm-none-eabi/10.2.1/../../../../arm-none-eabi/lib/thumb/v7-m/nofp\libc.a(lib_a-stdio.o)
                0x0800982c                __sclose
 .text.__swbuf_r
                0x08009834       0xb0 e:/dev/tools/gcc-arm-none-eabi-10-2020-q4-major/bin/../lib/gcc/arm-none-eabi/10.2.1/../../../../arm-none-eabi/lib/thumb/v7-m/nofp\libc.a(lib_a-wbuf.o)
                0x08009834                __swbuf_r
 .text._wcrtomb_r
                0x080098e4       0x3c e:/dev/tools/gcc-arm-none-eabi-10-2020-q4-major/bin/../lib/gcc/arm-none-eabi/10.2.1/../../../../arm-none-eabi/lib/thumb/v7-m/nofp\libc.a(lib_a-wcrtomb.o)
                0x080098e4                _wcrtomb_r
 .text._write_r
                0x08009920       0x2c e:/dev/tools/gcc-arm-none-eabi-10-2020-q4-major/bin/../lib/gcc/arm-none-eabi/10.2.1/../../../../arm-none-eabi/lib/thumb/v7-m/nofp\libc.a(lib_a-writer.o)
                0x08009920                _write_r
 .text._close_r
                0x0800994c       0x24 e:/dev/tools/gcc-arm-none-eabi-10-2020-q4-major/bin/../lib/gcc/arm-none-eabi/10.2.1/../../../../arm-none-eabi/lib/thumb/v7-m/nofp\libc.a(lib_a-closer.o)
                0x0800994c                _close_r
 .text._fclose_r
                0x08009970       0xcc e:/dev/tools/gcc-arm-none-eabi-10-2020-q4-major/bin/../lib/gcc/arm-none-eabi/10.2.1/../../../../arm-none-eabi/lib/thumb/v7-m/nofp\libc.a(lib_a-fclose.o)
                0x08009970                _fclose_r
 .text._fstat_r
                0x08009a3c       0x28 e:/dev/tools/gcc-arm-none-eabi-10-2020-q4-major/bin/../lib/gcc/arm-none-eabi/10.2.1/../../../../arm-none-eabi/lib/thumb/v7-m/nofp\libc.a(lib_a-fstatr.o)
                0x08009a3c                _fstat_r
 .text._isatty_r
                0x08009a64       0x24 e:/dev/tools/gcc-arm-none-eabi-10-2020-q4-major/bin/../lib/gcc/arm-none-eabi/10.2.1/../../../../arm-none-eabi/lib/thumb/v7-m/nofp\libc.a(lib_a-isattyr.o)
                0x08009a64                _isatty_r
 .text._lseek_r
                0x08009a88       0x2c e:/dev/tools/gcc-arm-none-eabi-10-2020-q4-major/bin/../lib/gcc/arm-none-eabi/10.2.1/../../../../arm-none-eabi/lib/thumb/v7-m/nofp\libc.a(lib_a-lseekr.o)
                0x08009a88                _lseek_r
 .text._read_r  0x08009ab4       0x2c e:/dev/tools/gcc-arm-none-eabi-10-2020-q4-major/bin/../lib/gcc/arm-none-eabi/10.2.1/../../../../arm-none-eabi/lib/thumb/v7-m/nofp\libc.a(lib_a-readr.o)
                0x08009ab4                _read_r
 .text._close   0x08009ae0       0x10 e:/dev/tools/gcc-arm-none-eabi-10-2020-q4-major/bin/../lib/gcc/arm-none-eabi/10.2.1/../../../../arm-none-eabi/lib/thumb/v7-m/nofp\libnosys.a(close.o)
                0x08009ae0                _close
 .text._fstat   0x08009af0       0x10 e:/dev/tools/gcc-arm-none-eabi-10-2020-q4-major/bin/../lib/gcc/arm-none-eabi/10.2.1/../../../../arm-none-eabi/lib/thumb/v7-m/nofp\libnosys.a(fstat.o)
                0x08009af0                _fstat
 .text._getpid  0x08009b00       0x10 e:/dev/tools/gcc-arm-none-eabi-10-2020-q4-major/bin/../lib/gcc/arm-none-eabi/10.2.1/../../../../arm-none-eabi/lib/thumb/v7-m/nofp\libnosys.a(getpid.o)
                0x08009b00                _getpid
 .text._isatty  0x08009b10       0x10 e:/dev/tools/gcc-arm-none-eabi-10-2020-q4-major/bin/../lib/gcc/arm-none-eabi/10.2.1/../../../../arm-none-eabi/lib/thumb/v7-m/nofp\libnosys.a(isatty.o)
                0x08009b10                _isatty
 .text._kill    0x08009b20       0x10 e:/dev/tools/gcc-arm-none-eabi-10-2020-q4-major/bin/../lib/gcc/arm-none-eabi/10.2.1/../../../../arm-none-eabi/lib/thumb/v7-m/nofp\libnosys.a(kill.o)
                0x08009b20                _kill
 .text._lseek   0x08009b30       0x10 e:/dev/tools/gcc-arm-none-eabi-10-2020-q4-major/bin/../lib/gcc/arm-none-eabi/10.2.1/../../../../arm-none-eabi/lib/thumb/v7-m/nofp\libnosys.a(lseek.o)
                0x08009b30                _lseek
 .text._read    0x08009b40       0x10 e:/dev/tools/gcc-arm-none-eabi-10-2020-q4-major/bin/../lib/gcc/arm-none-eabi/10.2.1/../../../../arm-none-eabi/lib/thumb/v7-m/nofp\libnosys.a(read.o)
                0x08009b40                _read
 .text._sbrk    0x08009b50       0x1c e:/dev/tools/gcc-arm-none-eabi-10-2020-q4-major/bin/../lib/gcc/arm-none-eabi/10.2.1/../../../../arm-none-eabi/lib/thumb/v7-m/nofp\libnosys.a(sbrk.o)
                0x08009b50                _sbrk
 .text._write   0x08009b6c       0x10 e:/dev/tools/gcc-arm-none-eabi-10-2020-q4-major/bin/../lib/gcc/arm-none-eabi/10.2.1/../../../../arm-none-eabi/lib/thumb/v7-m/nofp\libnosys.a(write.o)
                0x08009b6c                _write
 .text._exit    0x08009b7c        0x4 e:/dev/tools/gcc-arm-none-eabi-10-2020-q4-major/bin/../lib/gcc/arm-none-eabi/10.2.1/../../../../arm-none-eabi/lib/thumb/v7-m/nofp\libnosys.a(_exit.o)
                0x08009b7c                _exit
 *(.glue_7)
 .glue_7        0x08009b80        0x0 linker stubs
 *(.glue_7t)
 .glue_7t       0x08009b80        0x0 linker stubs
 *(.eh_frame)
 .eh_frame      0x08009b80        0x0 e:/dev/tools/gcc-arm-none-eabi-10-2020-q4-major/bin/../lib/gcc/arm-none-eabi/10.2.1/thumb/v7-m/nofp/crtbegin.o
 *(.init)
 .init          0x08009b80        0x4 e:/dev/tools/gcc-arm-none-eabi-10-2020-q4-major/bin/../lib/gcc/arm-none-eabi/10.2.1/thumb/v7-m/nofp/crti.o
                0x08009b80                _init
 .init          0x08009b84        0x8 e:/dev/tools/gcc-arm-none-eabi-10-2020-q4-major/bin/../lib/gcc/arm-none-eabi/10.2.1/thumb/v7-m/nofp/crtn.o
 *(.fini)
 .fini          0x08009b8c        0x4 e:/dev/tools/gcc-arm-none-eabi-10-2020-q4-major/bin/../lib/gcc/arm-none-eabi/10.2.1/thumb/v7-m/nofp/crti.o
                0x08009b8c                _fini
 .fini          0x08009b90        0x8 e:/dev/tools/gcc-arm-none-eabi-10-2020-q4-major/bin/../lib/gcc/arm-none-eabi/10.2.1/thumb/v7-m/nofp/crtn.o
                0x08009b98                . = ALIGN (0x4)
                0x08009b98                _etext = .

.vfp11_veneer   0x08009b98        0x0
 .vfp11_veneer  0x08009b98        0x0 linker stubs

.v4_bx          0x08009b98        0x0
 .v4_bx         0x08009b98        0x0 linker stubs

.iplt           0x08009b98        0x0
 .iplt          0x08009b98        0x0 e:/dev/tools/gcc-arm-none-eabi-10-2020-q4-major/bin/../lib/gcc/arm-none-eabi/10.2.1/thumb/v7-m/nofp/crtbegin.o

.rodata         0x08009b98      0x63c
                0x08009b98                . = ALIGN (0x4)
 *(.rodata)
 *(.rodata*)
 .rodata._Z14timeTrackEventv.str1.4
                0x08009b98       0x1c build/main.o
 .rodata._Z18buttonPressedEventv.str1.4
                0x08009bb4       0x75 build/main.o
 *fill*         0x08009c29        0x3 
 .rodata._Z14doorCheckEventv.str1.4
                0x08009c2c       0x45 build/main.o
 *fill*         0x08009c71        0x3 
 .rodata._Z21doorChangedStateEventv.str1.4
                0x08009c74       0x27 build/main.o
 *fill*         0x08009c9b        0x1 
 .rodata._Z16intercomKeyEventv.str1.4
                0x08009c9c       0x6a build/main.o
 *fill*         0x08009d06        0x2 
 .rodata._Z10switchModev.str1.4
                0x08009d08       0x98 build/main.o
 .rodata._Z15changeModeEventv.str1.4
                0x08009da0       0x10 build/main.o
 .rodata.AHBPrescTable
                0x08009db0       0x10 build/system_stm32f1xx.o
                0x08009db0                AHBPrescTable
 .rodata.APBPrescTable
                0x08009dc0        0x8 build/system_stm32f1xx.o
                0x08009dc0                APBPrescTable
 .rodata.HAL_RCC_GetSysClockFreq.str1.4
                0x08009dc8       0x11 build/stm32f1xx_hal_rcc.o
 *fill*         0x08009dd9        0x3 
 .rodata._global_impure_ptr
                0x08009ddc        0x4 e:/dev/tools/gcc-arm-none-eabi-10-2020-q4-major/bin/../lib/gcc/arm-none-eabi/10.2.1/../../../../arm-none-eabi/lib/thumb/v7-m/nofp\libc.a(lib_a-impure.o)
                0x08009ddc                _global_impure_ptr
 .rodata._svfprintf_r.str1.4
                0x08009de0       0x42 e:/dev/tools/gcc-arm-none-eabi-10-2020-q4-major/bin/../lib/gcc/arm-none-eabi/10.2.1/../../../../arm-none-eabi/lib/thumb/v7-m/nofp\libc.a(lib_a-svfprintf.o)
 *fill*         0x08009e22        0x2 
 .rodata.blanks.1
                0x08009e24       0x10 e:/dev/tools/gcc-arm-none-eabi-10-2020-q4-major/bin/../lib/gcc/arm-none-eabi/10.2.1/../../../../arm-none-eabi/lib/thumb/v7-m/nofp\libc.a(lib_a-svfprintf.o)
 .rodata.zeroes.0
                0x08009e34       0x10 e:/dev/tools/gcc-arm-none-eabi-10-2020-q4-major/bin/../lib/gcc/arm-none-eabi/10.2.1/../../../../arm-none-eabi/lib/thumb/v7-m/nofp\libc.a(lib_a-svfprintf.o)
 .rodata._dtoa_r.str1.4
                0x08009e44       0xa1 e:/dev/tools/gcc-arm-none-eabi-10-2020-q4-major/bin/../lib/gcc/arm-none-eabi/10.2.1/../../../../arm-none-eabi/lib/thumb/v7-m/nofp\libc.a(lib_a-dtoa.o)
                                 0xa5 (size before relaxing)
 *fill*         0x08009ee5        0x3 
 .rodata.__multadd.str1.4
                0x08009ee8       0x7e e:/dev/tools/gcc-arm-none-eabi-10-2020-q4-major/bin/../lib/gcc/arm-none-eabi/10.2.1/../../../../arm-none-eabi/lib/thumb/v7-m/nofp\libc.a(lib_a-mprec.o)
                                 0x92 (size before relaxing)
 *fill*         0x08009f66        0x2 
 .rodata.__mprec_bigtens
                0x08009f68       0x28 e:/dev/tools/gcc-arm-none-eabi-10-2020-q4-major/bin/../lib/gcc/arm-none-eabi/10.2.1/../../../../arm-none-eabi/lib/thumb/v7-m/nofp\libc.a(lib_a-mprec.o)
                0x08009f68                __mprec_bigtens
 .rodata.__mprec_tens
                0x08009f90       0xc8 e:/dev/tools/gcc-arm-none-eabi-10-2020-q4-major/bin/../lib/gcc/arm-none-eabi/10.2.1/../../../../arm-none-eabi/lib/thumb/v7-m/nofp\libc.a(lib_a-mprec.o)
                0x08009f90                __mprec_tens
 .rodata.p05.0  0x0800a058        0xc e:/dev/tools/gcc-arm-none-eabi-10-2020-q4-major/bin/../lib/gcc/arm-none-eabi/10.2.1/../../../../arm-none-eabi/lib/thumb/v7-m/nofp\libc.a(lib_a-mprec.o)
 .rodata.__assert_func.str1.4
                0x0800a064       0x3f e:/dev/tools/gcc-arm-none-eabi-10-2020-q4-major/bin/../lib/gcc/arm-none-eabi/10.2.1/../../../../arm-none-eabi/lib/thumb/v7-m/nofp\libc.a(lib_a-assert.o)
                                 0x43 (size before relaxing)
 *fill*         0x0800a0a3        0x1 
 .rodata._setlocale_r.str1.4
                0x0800a0a4        0xa e:/dev/tools/gcc-arm-none-eabi-10-2020-q4-major/bin/../lib/gcc/arm-none-eabi/10.2.1/../../../../arm-none-eabi/lib/thumb/v7-m/nofp\libc.a(lib_a-locale.o)
                                  0xd (size before relaxing)
 .rodata.str1.4
                0x0800a0ae        0xa e:/dev/tools/gcc-arm-none-eabi-10-2020-q4-major/bin/../lib/gcc/arm-none-eabi/10.2.1/../../../../arm-none-eabi/lib/thumb/v7-m/nofp\libc.a(lib_a-locale.o)
                                  0x2 (size before relaxing)
 .rodata._vfiprintf_r.str1.4
                0x0800a0ae       0x2f e:/dev/tools/gcc-arm-none-eabi-10-2020-q4-major/bin/../lib/gcc/arm-none-eabi/10.2.1/../../../../arm-none-eabi/lib/thumb/v7-m/nofp\libc.a(lib_a-vfiprintf.o)
 *fill*         0x0800a0ae        0x2 
 .rodata.blanks.1
                0x0800a0b0       0x10 e:/dev/tools/gcc-arm-none-eabi-10-2020-q4-major/bin/../lib/gcc/arm-none-eabi/10.2.1/../../../../arm-none-eabi/lib/thumb/v7-m/nofp\libc.a(lib_a-vfiprintf.o)
 .rodata.zeroes.0
                0x0800a0c0       0x10 e:/dev/tools/gcc-arm-none-eabi-10-2020-q4-major/bin/../lib/gcc/arm-none-eabi/10.2.1/../../../../arm-none-eabi/lib/thumb/v7-m/nofp\libc.a(lib_a-vfiprintf.o)
 .rodata._ctype_
                0x0800a0d0      0x101 e:/dev/tools/gcc-arm-none-eabi-10-2020-q4-major/bin/../lib/gcc/arm-none-eabi/10.2.1/../../../../arm-none-eabi/lib/thumb/v7-m/nofp\libc.a(lib_a-ctype_.o)
                0x0800a0d0                _ctype_
                0x0800a1d4                . = ALIGN (0x4)
 *fill*         0x0800a1d1        0x3 

.ARM.extab      0x0800a1d4       0x84
 *(.ARM.extab* .gnu.linkonce.armextab.*)
 .ARM.extab.text.HAL_GPIO_EXTI_Callback
                0x0800a1d4        0xc build/main.o
 .ARM.extab.text._Z11UART_PrintfPKcz
                0x0800a1e0        0xc build/main.o
 .ARM.extab.text._Z14timeTrackEventv
                0x0800a1ec        0xc build/main.o
 .ARM.extab.text._Z14doorCheckEventv
                0x0800a1f8        0xc build/main.o
 .ARM.extab.text._Z21doorChangedStateEventv
                0x0800a204        0xc build/main.o
 .ARM.extab.text._Z10switchModev
                0x0800a210        0xc build/main.o
 .ARM.extab.text._Z15changeModeEventv
                0x0800a21c        0xc build/main.o
 .ARM.extab.text._ZL19MX_USART1_UART_Initv
                0x0800a228        0xc build/main.o
 .ARM.extab.text.main
                0x0800a234        0xc build/main.o
 .ARM.extab     0x0800a240       0x18 e:/dev/tools/gcc-arm-none-eabi-10-2020-q4-major/bin/../lib/gcc/arm-none-eabi/10.2.1/thumb/v7-m/nofp\libgcc.a(pr-support.o)

.ARM            0x0800a258      0x148
                0x0800a258                __exidx_start = .
 *(.ARM.exidx*)
 .ARM.exidx.text._Z41__static_initialization_and_destruction_0ii
                0x0800a310        0x0 build/main.o
                                  0x8 (size before relaxing)
 .ARM.exidx.text._ZL12MX_GPIO_Initv
                0x0800a310        0x8 build/main.o
 .ARM.exidx.text._Z15greenLightEventv
                0x0800a318        0x8 build/main.o
 .ARM.exidx.text._Z9bellEventv
                0x0800a320        0x8 build/main.o
 .ARM.exidx.text.HAL_GPIO_EXTI_Callback
                0x0800a328        0x8 build/main.o
 .ARM.exidx.text._Z11UART_PrintfPKcz
                0x0800a330        0x8 build/main.o
 .ARM.exidx.text._Z14timeTrackEventv
                0x0800a338        0x8 build/main.o
 .ARM.exidx.text._Z18buttonPressedEventv
                0x0800a340        0x8 build/main.o
 .ARM.exidx.text._Z14doorCheckEventv
                0x0800a348        0x8 build/main.o
 .ARM.exidx.text._Z21doorChangedStateEventv
                0x0800a350        0x8 build/main.o
 .ARM.exidx.text._Z10verifyCodem
                0x0800a358        0x8 build/main.o
 .ARM.exidx.text._Z16intercomKeyEventv
                0x0800a360        0x8 build/main.o
 .ARM.exidx.text._Z10switchModev
                0x0800a368        0x8 build/main.o
 .ARM.exidx.text._Z15changeModeEventv
                0x0800a370        0x8 build/main.o
 .ARM.exidx.text.Error_Handler
                0x0800a378        0x8 build/main.o
 .ARM.exidx.text._Z18SystemClock_Configv
                0x0800a380        0x8 build/main.o
 .ARM.exidx.text._ZL19MX_USART1_UART_Initv
                0x0800a388        0x8 build/main.o
 .ARM.exidx.text.main
                0x0800a390        0x8 build/main.o
 .ARM.exidx.text._GLOBAL__sub_I_huart1
                0x0800a398        0x8 build/main.o
 .ARM.exidx     0x0800a258        0x8 e:/dev/tools/gcc-arm-none-eabi-10-2020-q4-major/bin/../lib/gcc/arm-none-eabi/10.2.1/thumb/v7-m/nofp\libgcc.a(_udivmoddi4.o)
 .ARM.exidx     0x0800a260       0x78 e:/dev/tools/gcc-arm-none-eabi-10-2020-q4-major/bin/../lib/gcc/arm-none-eabi/10.2.1/thumb/v7-m/nofp\libgcc.a(unwind-arm.o)
                                 0xd8 (size before relaxing)
 .ARM.exidx     0x0800a2d8       0x38 e:/dev/tools/gcc-arm-none-eabi-10-2020-q4-major/bin/../lib/gcc/arm-none-eabi/10.2.1/thumb/v7-m/nofp\libgcc.a(pr-support.o)
                0x0800a3a0                __exidx_end = .

.rel.dyn        0x0800a3a0        0x0
 .rel.iplt      0x0800a3a0        0x0 e:/dev/tools/gcc-arm-none-eabi-10-2020-q4-major/bin/../lib/gcc/arm-none-eabi/10.2.1/thumb/v7-m/nofp/crtbegin.o

.preinit_array  0x0800a3a0        0x0
                0x0800a3a0                PROVIDE (__preinit_array_start = .)
 *(.preinit_array*)
                0x0800a3a0                PROVIDE (__preinit_array_end = .)

.init_array     0x0800a3a0        0xc
                0x0800a3a0                PROVIDE (__init_array_start = .)
 *(SORT_BY_NAME(.init_array.*))
 .init_array.00000
                0x0800a3a0        0x4 e:/dev/tools/gcc-arm-none-eabi-10-2020-q4-major/bin/../lib/gcc/arm-none-eabi/10.2.1/../../../../arm-none-eabi/lib/thumb/v7-m/nofp\libc.a(lib_a-__call_atexit.o)
 *(.init_array*)
 .init_array    0x0800a3a4        0x4 e:/dev/tools/gcc-arm-none-eabi-10-2020-q4-major/bin/../lib/gcc/arm-none-eabi/10.2.1/thumb/v7-m/nofp/crtbegin.o
 .init_array    0x0800a3a8        0x4 build/main.o
                0x0800a3ac                PROVIDE (__init_array_end = .)

.fini_array     0x0800a3ac        0x4
                0x0800a3ac                PROVIDE (__fini_array_start = .)
 *(SORT_BY_NAME(.fini_array.*))
 *(.fini_array*)
 .fini_array    0x0800a3ac        0x4 e:/dev/tools/gcc-arm-none-eabi-10-2020-q4-major/bin/../lib/gcc/arm-none-eabi/10.2.1/thumb/v7-m/nofp/crtbegin.o
                0x0800a3b0                PROVIDE (__fini_array_end = .)
                0x0800a3b0                _sidata = LOADADDR (.data)

.data           0x20000000      0x9c0 load address 0x0800a3b0
                0x20000000                . = ALIGN (0x4)
                0x20000000                _sdata = .
 *(.data)
 *(.data*)
 .data.wig_flag_inrt
                0x20000000        0x1 build/main.o
                0x20000000                wig_flag_inrt
 *fill*         0x20000001        0x3 
 .data.SystemCoreClock
                0x20000004        0x4 build/system_stm32f1xx.o
                0x20000004                SystemCoreClock
 .data.uwTickFreq
                0x20000008        0x1 build/stm32f1xx_hal.o
                0x20000008                uwTickFreq
 *fill*         0x20000009        0x3 
 .data.uwTickPrio
                0x2000000c        0x4 build/stm32f1xx_hal.o
                0x2000000c                uwTickPrio
 .data._impure_ptr
                0x20000010        0x4 e:/dev/tools/gcc-arm-none-eabi-10-2020-q4-major/bin/../lib/gcc/arm-none-eabi/10.2.1/../../../../arm-none-eabi/lib/thumb/v7-m/nofp\libc.a(lib_a-impure.o)
                0x20000010                _impure_ptr
 *fill*         0x20000014        0x4 
 .data.impure_data
                0x20000018      0x428 e:/dev/tools/gcc-arm-none-eabi-10-2020-q4-major/bin/../lib/gcc/arm-none-eabi/10.2.1/../../../../arm-none-eabi/lib/thumb/v7-m/nofp\libc.a(lib_a-impure.o)
 .data.__atexit_recursive_mutex
                0x20000440        0x4 e:/dev/tools/gcc-arm-none-eabi-10-2020-q4-major/bin/../lib/gcc/arm-none-eabi/10.2.1/../../../../arm-none-eabi/lib/thumb/v7-m/nofp\libc.a(lib_a-__call_atexit.o)
                0x20000440                __atexit_recursive_mutex
 .data.__malloc_av_
                0x20000444      0x408 e:/dev/tools/gcc-arm-none-eabi-10-2020-q4-major/bin/../lib/gcc/arm-none-eabi/10.2.1/../../../../arm-none-eabi/lib/thumb/v7-m/nofp\libc.a(lib_a-mallocr.o)
                0x20000444                __malloc_av_
 .data.__malloc_sbrk_base
                0x2000084c        0x4 e:/dev/tools/gcc-arm-none-eabi-10-2020-q4-major/bin/../lib/gcc/arm-none-eabi/10.2.1/../../../../arm-none-eabi/lib/thumb/v7-m/nofp\libc.a(lib_a-mallocr.o)
                0x2000084c                __malloc_sbrk_base
 .data.__malloc_trim_threshold
                0x20000850        0x4 e:/dev/tools/gcc-arm-none-eabi-10-2020-q4-major/bin/../lib/gcc/arm-none-eabi/10.2.1/../../../../arm-none-eabi/lib/thumb/v7-m/nofp\libc.a(lib_a-mallocr.o)
                0x20000850                __malloc_trim_threshold
 .data.__global_locale
                0x20000854      0x16c e:/dev/tools/gcc-arm-none-eabi-10-2020-q4-major/bin/../lib/gcc/arm-none-eabi/10.2.1/../../../../arm-none-eabi/lib/thumb/v7-m/nofp\libc.a(lib_a-locale.o)
                0x20000854                __global_locale
                0x200009c0                . = ALIGN (0x4)
                0x200009c0                _edata = .

.igot.plt       0x200009c0        0x0 load address 0x0800ad70
 .igot.plt      0x200009c0        0x0 e:/dev/tools/gcc-arm-none-eabi-10-2020-q4-major/bin/../lib/gcc/arm-none-eabi/10.2.1/thumb/v7-m/nofp/crtbegin.o
                0x200009c0                . = ALIGN (0x4)

.bss            0x200009c0       0xec load address 0x0800ad70
                0x200009c0                _sbss = .
                0x200009c0                __bss_start__ = _sbss
 *(.bss)
 .bss           0x200009c0       0x1c e:/dev/tools/gcc-arm-none-eabi-10-2020-q4-major/bin/../lib/gcc/arm-none-eabi/10.2.1/thumb/v7-m/nofp/crtbegin.o
 *(.bss*)
 .bss.bell      0x200009dc        0xc build/main.o
                0x200009dc                bell
 .bss.door      0x200009e8        0x2 build/main.o
                0x200009e8                door
 *fill*         0x200009ea        0x2 
 .bss.huart1    0x200009ec       0x40 build/main.o
                0x200009ec                huart1
 .bss.insideButtonPressed
                0x20000a2c        0x1 build/main.o
                0x20000a2c                insideButtonPressed
 .bss.insideKeyRead
                0x20000a2d        0x1 build/main.o
                0x20000a2d                insideKeyRead
 .bss.outsideButtonPressed
                0x20000a2e        0x1 build/main.o
                0x20000a2e                outsideButtonPressed
 .bss.outsideKeyRead
                0x20000a2f        0x1 build/main.o
                0x20000a2f                outsideKeyRead
 .bss.previousWorkMode
                0x20000a30        0x1 build/main.o
                0x20000a30                previousWorkMode
 *fill*         0x20000a31        0x3 
 .bss.relay     0x20000a34        0x8 build/main.o
                0x20000a34                relay
 .bss.timme     0x20000a3c        0x4 build/main.o
                0x20000a3c                timme
 .bss.timmeTrack
                0x20000a40        0x4 build/main.o
                0x20000a40                timmeTrack
 .bss.workMode  0x20000a44        0x1 build/main.o
                0x20000a44                workMode
 *fill*         0x20000a45        0x1 
 .bss.bitCount  0x20000a46        0x2 build/wiegand.o
                0x20000a46                bitCount
 .bss.cardTemp  0x20000a48        0x4 build/wiegand.o
                0x20000a48                cardTemp
 .bss.cardTempHigh
                0x20000a4c        0x4 build/wiegand.o
                0x20000a4c                cardTempHigh
 .bss.code      0x20000a50        0x4 build/wiegand.o
                0x20000a50                code
 .bss.lastWiegand
                0x20000a54        0x4 build/wiegand.o
                0x20000a54                lastWiegand
 .bss.wiegandType
                0x20000a58        0x2 build/wiegand.o
                0x20000a58                wiegandType
 *fill*         0x20000a5a        0x2 
 .bss.uwTick    0x20000a5c        0x4 build/stm32f1xx_hal.o
                0x20000a5c                uwTick
 .bss.__lock___atexit_recursive_mutex
                0x20000a60        0x1 e:/dev/tools/gcc-arm-none-eabi-10-2020-q4-major/bin/../lib/gcc/arm-none-eabi/10.2.1/../../../../arm-none-eabi/lib/thumb/v7-m/nofp\libc.a(lib_a-lock.o)
                0x20000a60                __lock___atexit_recursive_mutex
 *fill*         0x20000a61        0x3 
 .bss.__lock___malloc_recursive_mutex
                0x20000a64        0x1 e:/dev/tools/gcc-arm-none-eabi-10-2020-q4-major/bin/../lib/gcc/arm-none-eabi/10.2.1/../../../../arm-none-eabi/lib/thumb/v7-m/nofp\libc.a(lib_a-lock.o)
                0x20000a64                __lock___malloc_recursive_mutex
 *fill*         0x20000a65        0x3 
 .bss.__lock___sfp_recursive_mutex
                0x20000a68        0x1 e:/dev/tools/gcc-arm-none-eabi-10-2020-q4-major/bin/../lib/gcc/arm-none-eabi/10.2.1/../../../../arm-none-eabi/lib/thumb/v7-m/nofp\libc.a(lib_a-lock.o)
                0x20000a68                __lock___sfp_recursive_mutex
 *fill*         0x20000a69        0x3 
 .bss.__lock___sinit_recursive_mutex
                0x20000a6c        0x1 e:/dev/tools/gcc-arm-none-eabi-10-2020-q4-major/bin/../lib/gcc/arm-none-eabi/10.2.1/../../../../arm-none-eabi/lib/thumb/v7-m/nofp\libc.a(lib_a-lock.o)
                0x20000a6c                __lock___sinit_recursive_mutex
 *fill*         0x20000a6d        0x3 
 .bss.__malloc_current_mallinfo
                0x20000a70       0x28 e:/dev/tools/gcc-arm-none-eabi-10-2020-q4-major/bin/../lib/gcc/arm-none-eabi/10.2.1/../../../../arm-none-eabi/lib/thumb/v7-m/nofp\libc.a(lib_a-mallocr.o)
                0x20000a70                __malloc_current_mallinfo
 .bss.__malloc_max_sbrked_mem
                0x20000a98        0x4 e:/dev/tools/gcc-arm-none-eabi-10-2020-q4-major/bin/../lib/gcc/arm-none-eabi/10.2.1/../../../../arm-none-eabi/lib/thumb/v7-m/nofp\libc.a(lib_a-mallocr.o)
                0x20000a98                __malloc_max_sbrked_mem
 .bss.__malloc_max_total_mem
                0x20000a9c        0x4 e:/dev/tools/gcc-arm-none-eabi-10-2020-q4-major/bin/../lib/gcc/arm-none-eabi/10.2.1/../../../../arm-none-eabi/lib/thumb/v7-m/nofp\libc.a(lib_a-mallocr.o)
                0x20000a9c                __malloc_max_total_mem
 .bss.__malloc_top_pad
                0x20000aa0        0x4 e:/dev/tools/gcc-arm-none-eabi-10-2020-q4-major/bin/../lib/gcc/arm-none-eabi/10.2.1/../../../../arm-none-eabi/lib/thumb/v7-m/nofp\libc.a(lib_a-mallocr.o)
                0x20000aa0                __malloc_top_pad
 .bss.errno     0x20000aa4        0x4 e:/dev/tools/gcc-arm-none-eabi-10-2020-q4-major/bin/../lib/gcc/arm-none-eabi/10.2.1/../../../../arm-none-eabi/lib/thumb/v7-m/nofp\libc.a(lib_a-reent.o)
                0x20000aa4                errno
 .bss.heap_end.0
                0x20000aa8        0x4 e:/dev/tools/gcc-arm-none-eabi-10-2020-q4-major/bin/../lib/gcc/arm-none-eabi/10.2.1/../../../../arm-none-eabi/lib/thumb/v7-m/nofp\libnosys.a(sbrk.o)
 *(COMMON)
                0x20000aac                . = ALIGN (0x4)
                0x20000aac                _ebss = .
                0x20000aac                __bss_end__ = _ebss

._user_heap_stack
                0x20000aac      0x604 load address 0x0800ad70
                0x20000ab0                . = ALIGN (0x8)
 *fill*         0x20000aac        0x4 
                0x20000ab0                PROVIDE (end = .)
                [!provide]                PROVIDE (_end = .)
                0x20000cb0                . = (. + _Min_Heap_Size)
 *fill*         0x20000ab0      0x200 
                0x200010b0                . = (. + _Min_Stack_Size)
 *fill*         0x20000cb0      0x400 
                0x200010b0                . = ALIGN (0x8)

/DISCARD/
 libc.a(*)
 libm.a(*)
 libgcc.a(*)

.ARM.attributes
                0x00000000       0x29
 *(.ARM.attributes)
 .ARM.attributes
                0x00000000       0x1d e:/dev/tools/gcc-arm-none-eabi-10-2020-q4-major/bin/../lib/gcc/arm-none-eabi/10.2.1/thumb/v7-m/nofp/crti.o
 .ARM.attributes
                0x0000001d       0x2d e:/dev/tools/gcc-arm-none-eabi-10-2020-q4-major/bin/../lib/gcc/arm-none-eabi/10.2.1/thumb/v7-m/nofp/crtbegin.o
 .ARM.attributes
                0x0000004a       0x2d build/main.o
 .ARM.attributes
                0x00000077       0x2d build/stm32f1xx_hal_msp.o
 .ARM.attributes
                0x000000a4       0x2d build/stm32f1xx_it.o
 .ARM.attributes
                0x000000d1       0x2d build/system_stm32f1xx.o
 .ARM.attributes
                0x000000fe       0x2d build/wiegand.o
 .ARM.attributes
                0x0000012b       0x2d build/stm32f1xx_hal.o
 .ARM.attributes
                0x00000158       0x2d build/stm32f1xx_hal_cortex.o
 .ARM.attributes
                0x00000185       0x2d build/stm32f1xx_hal_dma.o
 .ARM.attributes
                0x000001b2       0x2d build/stm32f1xx_hal_gpio.o
 .ARM.attributes
                0x000001df       0x2d build/stm32f1xx_hal_rcc.o
 .ARM.attributes
                0x0000020c       0x2d build/stm32f1xx_hal_uart.o
 .ARM.attributes
                0x00000239       0x21 build/startup_stm32f103xg.o
 .ARM.attributes
                0x0000025a       0x2d e:/dev/tools/gcc-arm-none-eabi-10-2020-q4-major/bin/../lib/gcc/arm-none-eabi/10.2.1/../../../../arm-none-eabi/lib/thumb/v7-m/nofp\libc.a(lib_a-impure.o)
 .ARM.attributes
                0x00000287       0x2d e:/dev/tools/gcc-arm-none-eabi-10-2020-q4-major/bin/../lib/gcc/arm-none-eabi/10.2.1/../../../../arm-none-eabi/lib/thumb/v7-m/nofp\libc.a(lib_a-init.o)
 .ARM.attributes
                0x000002b4       0x2d e:/dev/tools/gcc-arm-none-eabi-10-2020-q4-major/bin/../lib/gcc/arm-none-eabi/10.2.1/../../../../arm-none-eabi/lib/thumb/v7-m/nofp\libc.a(lib_a-memset.o)
 .ARM.attributes
                0x000002e1       0x2d e:/dev/tools/gcc-arm-none-eabi-10-2020-q4-major/bin/../lib/gcc/arm-none-eabi/10.2.1/../../../../arm-none-eabi/lib/thumb/v7-m/nofp\libc.a(lib_a-strlen-stub.o)
 .ARM.attributes
                0x0000030e       0x2d e:/dev/tools/gcc-arm-none-eabi-10-2020-q4-major/bin/../lib/gcc/arm-none-eabi/10.2.1/../../../../arm-none-eabi/lib/thumb/v7-m/nofp\libc.a(lib_a-vsnprintf.o)
 .ARM.attributes
                0x0000033b       0x2d e:/dev/tools/gcc-arm-none-eabi-10-2020-q4-major/bin/../lib/gcc/arm-none-eabi/10.2.1/../../../../arm-none-eabi/lib/thumb/v7-m/nofp\libc.a(lib_a-__call_atexit.o)
 .ARM.attributes
                0x00000368       0x2d e:/dev/tools/gcc-arm-none-eabi-10-2020-q4-major/bin/../lib/gcc/arm-none-eabi/10.2.1/../../../../arm-none-eabi/lib/thumb/v7-m/nofp\libc.a(lib_a-atexit.o)
 .ARM.attributes
                0x00000395       0x2d e:/dev/tools/gcc-arm-none-eabi-10-2020-q4-major/bin/../lib/gcc/arm-none-eabi/10.2.1/../../../../arm-none-eabi/lib/thumb/v7-m/nofp\libc.a(lib_a-fini.o)
 .ARM.attributes
                0x000003c2       0x2d e:/dev/tools/gcc-arm-none-eabi-10-2020-q4-major/bin/../lib/gcc/arm-none-eabi/10.2.1/../../../../arm-none-eabi/lib/thumb/v7-m/nofp\libc.a(lib_a-lock.o)
 .ARM.attributes
                0x000003ef       0x2d e:/dev/tools/gcc-arm-none-eabi-10-2020-q4-major/bin/../lib/gcc/arm-none-eabi/10.2.1/../../../../arm-none-eabi/lib/thumb/v7-m/nofp\libc.a(lib_a-svfprintf.o)
 .ARM.attributes
                0x0000041c       0x2d e:/dev/tools/gcc-arm-none-eabi-10-2020-q4-major/bin/../lib/gcc/arm-none-eabi/10.2.1/../../../../arm-none-eabi/lib/thumb/v7-m/nofp\libc.a(lib_a-__atexit.o)
 .ARM.attributes
                0x00000449       0x2d e:/dev/tools/gcc-arm-none-eabi-10-2020-q4-major/bin/../lib/gcc/arm-none-eabi/10.2.1/../../../../arm-none-eabi/lib/thumb/v7-m/nofp\libc.a(lib_a-dtoa.o)
 .ARM.attributes
                0x00000476       0x2d e:/dev/tools/gcc-arm-none-eabi-10-2020-q4-major/bin/../lib/gcc/arm-none-eabi/10.2.1/../../../../arm-none-eabi/lib/thumb/v7-m/nofp\libc.a(lib_a-freer.o)
 .ARM.attributes
                0x000004a3       0x2d e:/dev/tools/gcc-arm-none-eabi-10-2020-q4-major/bin/../lib/gcc/arm-none-eabi/10.2.1/../../../../arm-none-eabi/lib/thumb/v7-m/nofp\libc.a(lib_a-localeconv.o)
 .ARM.attributes
                0x000004d0       0x2d e:/dev/tools/gcc-arm-none-eabi-10-2020-q4-major/bin/../lib/gcc/arm-none-eabi/10.2.1/../../../../arm-none-eabi/lib/thumb/v7-m/nofp\libc.a(lib_a-mallocr.o)
 .ARM.attributes
                0x000004fd       0x2d e:/dev/tools/gcc-arm-none-eabi-10-2020-q4-major/bin/../lib/gcc/arm-none-eabi/10.2.1/../../../../arm-none-eabi/lib/thumb/v7-m/nofp\libc.a(lib_a-memchr-stub.o)
 .ARM.attributes
                0x0000052a       0x1b e:/dev/tools/gcc-arm-none-eabi-10-2020-q4-major/bin/../lib/gcc/arm-none-eabi/10.2.1/../../../../arm-none-eabi/lib/thumb/v7-m/nofp\libc.a(lib_a-memcpy.o)
 .ARM.attributes
                0x00000545       0x2d e:/dev/tools/gcc-arm-none-eabi-10-2020-q4-major/bin/../lib/gcc/arm-none-eabi/10.2.1/../../../../arm-none-eabi/lib/thumb/v7-m/nofp\libc.a(lib_a-mlock.o)
 .ARM.attributes
                0x00000572       0x2d e:/dev/tools/gcc-arm-none-eabi-10-2020-q4-major/bin/../lib/gcc/arm-none-eabi/10.2.1/../../../../arm-none-eabi/lib/thumb/v7-m/nofp\libc.a(lib_a-mprec.o)
 .ARM.attributes
                0x0000059f       0x2d e:/dev/tools/gcc-arm-none-eabi-10-2020-q4-major/bin/../lib/gcc/arm-none-eabi/10.2.1/../../../../arm-none-eabi/lib/thumb/v7-m/nofp\libc.a(lib_a-s_frexp.o)
 .ARM.attributes
                0x000005cc       0x2d e:/dev/tools/gcc-arm-none-eabi-10-2020-q4-major/bin/../lib/gcc/arm-none-eabi/10.2.1/../../../../arm-none-eabi/lib/thumb/v7-m/nofp\libc.a(lib_a-sbrkr.o)
 .ARM.attributes
                0x000005f9       0x2d e:/dev/tools/gcc-arm-none-eabi-10-2020-q4-major/bin/../lib/gcc/arm-none-eabi/10.2.1/../../../../arm-none-eabi/lib/thumb/v7-m/nofp\libc.a(lib_a-strncpy.o)
 .ARM.attributes
                0x00000626       0x2d e:/dev/tools/gcc-arm-none-eabi-10-2020-q4-major/bin/../lib/gcc/arm-none-eabi/10.2.1/../../../../arm-none-eabi/lib/thumb/v7-m/nofp\libc.a(lib_a-svfiprintf.o)
 .ARM.attributes
                0x00000653       0x2d e:/dev/tools/gcc-arm-none-eabi-10-2020-q4-major/bin/../lib/gcc/arm-none-eabi/10.2.1/../../../../arm-none-eabi/lib/thumb/v7-m/nofp\libc.a(lib_a-assert.o)
 .ARM.attributes
                0x00000680       0x2d e:/dev/tools/gcc-arm-none-eabi-10-2020-q4-major/bin/../lib/gcc/arm-none-eabi/10.2.1/../../../../arm-none-eabi/lib/thumb/v7-m/nofp\libc.a(lib_a-callocr.o)
 .ARM.attributes
                0x000006ad       0x2d e:/dev/tools/gcc-arm-none-eabi-10-2020-q4-major/bin/../lib/gcc/arm-none-eabi/10.2.1/../../../../arm-none-eabi/lib/thumb/v7-m/nofp\libc.a(lib_a-fiprintf.o)
 .ARM.attributes
                0x000006da       0x2d e:/dev/tools/gcc-arm-none-eabi-10-2020-q4-major/bin/../lib/gcc/arm-none-eabi/10.2.1/../../../../arm-none-eabi/lib/thumb/v7-m/nofp\libc.a(lib_a-locale.o)
 .ARM.attributes
                0x00000707       0x2d e:/dev/tools/gcc-arm-none-eabi-10-2020-q4-major/bin/../lib/gcc/arm-none-eabi/10.2.1/../../../../arm-none-eabi/lib/thumb/v7-m/nofp\libc.a(lib_a-mbtowc_r.o)
 .ARM.attributes
                0x00000734       0x2d e:/dev/tools/gcc-arm-none-eabi-10-2020-q4-major/bin/../lib/gcc/arm-none-eabi/10.2.1/../../../../arm-none-eabi/lib/thumb/v7-m/nofp\libc.a(lib_a-memmove.o)
 .ARM.attributes
                0x00000761       0x2d e:/dev/tools/gcc-arm-none-eabi-10-2020-q4-major/bin/../lib/gcc/arm-none-eabi/10.2.1/../../../../arm-none-eabi/lib/thumb/v7-m/nofp\libc.a(lib_a-reallocr.o)
 .ARM.attributes
                0x0000078e       0x2d e:/dev/tools/gcc-arm-none-eabi-10-2020-q4-major/bin/../lib/gcc/arm-none-eabi/10.2.1/../../../../arm-none-eabi/lib/thumb/v7-m/nofp\libc.a(lib_a-reent.o)
 .ARM.attributes
                0x000007bb       0x2d e:/dev/tools/gcc-arm-none-eabi-10-2020-q4-major/bin/../lib/gcc/arm-none-eabi/10.2.1/../../../../arm-none-eabi/lib/thumb/v7-m/nofp\libc.a(lib_a-vfiprintf.o)
 .ARM.attributes
                0x000007e8       0x2d e:/dev/tools/gcc-arm-none-eabi-10-2020-q4-major/bin/../lib/gcc/arm-none-eabi/10.2.1/../../../../arm-none-eabi/lib/thumb/v7-m/nofp\libc.a(lib_a-wctomb_r.o)
 .ARM.attributes
                0x00000815       0x2d e:/dev/tools/gcc-arm-none-eabi-10-2020-q4-major/bin/../lib/gcc/arm-none-eabi/10.2.1/../../../../arm-none-eabi/lib/thumb/v7-m/nofp\libc.a(lib_a-wsetup.o)
 .ARM.attributes
                0x00000842       0x2d e:/dev/tools/gcc-arm-none-eabi-10-2020-q4-major/bin/../lib/gcc/arm-none-eabi/10.2.1/../../../../arm-none-eabi/lib/thumb/v7-m/nofp\libc.a(lib_a-abort.o)
 .ARM.attributes
                0x0000086f       0x2d e:/dev/tools/gcc-arm-none-eabi-10-2020-q4-major/bin/../lib/gcc/arm-none-eabi/10.2.1/../../../../arm-none-eabi/lib/thumb/v7-m/nofp\libc.a(lib_a-ctype_.o)
 .ARM.attributes
                0x0000089c       0x2d e:/dev/tools/gcc-arm-none-eabi-10-2020-q4-major/bin/../lib/gcc/arm-none-eabi/10.2.1/../../../../arm-none-eabi/lib/thumb/v7-m/nofp\libc.a(lib_a-fflush.o)
 .ARM.attributes
                0x000008c9       0x2d e:/dev/tools/gcc-arm-none-eabi-10-2020-q4-major/bin/../lib/gcc/arm-none-eabi/10.2.1/../../../../arm-none-eabi/lib/thumb/v7-m/nofp\libc.a(lib_a-findfp.o)
 .ARM.attributes
                0x000008f6       0x2d e:/dev/tools/gcc-arm-none-eabi-10-2020-q4-major/bin/../lib/gcc/arm-none-eabi/10.2.1/../../../../arm-none-eabi/lib/thumb/v7-m/nofp\libc.a(lib_a-fputwc.o)
 .ARM.attributes
                0x00000923       0x2d e:/dev/tools/gcc-arm-none-eabi-10-2020-q4-major/bin/../lib/gcc/arm-none-eabi/10.2.1/../../../../arm-none-eabi/lib/thumb/v7-m/nofp\libc.a(lib_a-fvwrite.o)
 .ARM.attributes
                0x00000950       0x2d e:/dev/tools/gcc-arm-none-eabi-10-2020-q4-major/bin/../lib/gcc/arm-none-eabi/10.2.1/../../../../arm-none-eabi/lib/thumb/v7-m/nofp\libc.a(lib_a-fwalk.o)
 .ARM.attributes
                0x0000097d       0x2d e:/dev/tools/gcc-arm-none-eabi-10-2020-q4-major/bin/../lib/gcc/arm-none-eabi/10.2.1/../../../../arm-none-eabi/lib/thumb/v7-m/nofp\libc.a(lib_a-makebuf.o)
 .ARM.attributes
                0x000009aa       0x2d e:/dev/tools/gcc-arm-none-eabi-10-2020-q4-major/bin/../lib/gcc/arm-none-eabi/10.2.1/../../../../arm-none-eabi/lib/thumb/v7-m/nofp\libc.a(lib_a-signal.o)
 .ARM.attributes
                0x000009d7       0x2d e:/dev/tools/gcc-arm-none-eabi-10-2020-q4-major/bin/../lib/gcc/arm-none-eabi/10.2.1/../../../../arm-none-eabi/lib/thumb/v7-m/nofp\libc.a(lib_a-signalr.o)
 .ARM.attributes
                0x00000a04       0x2d e:/dev/tools/gcc-arm-none-eabi-10-2020-q4-major/bin/../lib/gcc/arm-none-eabi/10.2.1/../../../../arm-none-eabi/lib/thumb/v7-m/nofp\libc.a(lib_a-stdio.o)
 .ARM.attributes
                0x00000a31       0x2d e:/dev/tools/gcc-arm-none-eabi-10-2020-q4-major/bin/../lib/gcc/arm-none-eabi/10.2.1/../../../../arm-none-eabi/lib/thumb/v7-m/nofp\libc.a(lib_a-wbuf.o)
 .ARM.attributes
                0x00000a5e       0x2d e:/dev/tools/gcc-arm-none-eabi-10-2020-q4-major/bin/../lib/gcc/arm-none-eabi/10.2.1/../../../../arm-none-eabi/lib/thumb/v7-m/nofp\libc.a(lib_a-wcrtomb.o)
 .ARM.attributes
                0x00000a8b       0x2d e:/dev/tools/gcc-arm-none-eabi-10-2020-q4-major/bin/../lib/gcc/arm-none-eabi/10.2.1/../../../../arm-none-eabi/lib/thumb/v7-m/nofp\libc.a(lib_a-writer.o)
 .ARM.attributes
                0x00000ab8       0x2d e:/dev/tools/gcc-arm-none-eabi-10-2020-q4-major/bin/../lib/gcc/arm-none-eabi/10.2.1/../../../../arm-none-eabi/lib/thumb/v7-m/nofp\libc.a(lib_a-closer.o)
 .ARM.attributes
                0x00000ae5       0x2d e:/dev/tools/gcc-arm-none-eabi-10-2020-q4-major/bin/../lib/gcc/arm-none-eabi/10.2.1/../../../../arm-none-eabi/lib/thumb/v7-m/nofp\libc.a(lib_a-fclose.o)
 .ARM.attributes
                0x00000b12       0x2d e:/dev/tools/gcc-arm-none-eabi-10-2020-q4-major/bin/../lib/gcc/arm-none-eabi/10.2.1/../../../../arm-none-eabi/lib/thumb/v7-m/nofp\libc.a(lib_a-fstatr.o)
 .ARM.attributes
                0x00000b3f       0x2d e:/dev/tools/gcc-arm-none-eabi-10-2020-q4-major/bin/../lib/gcc/arm-none-eabi/10.2.1/../../../../arm-none-eabi/lib/thumb/v7-m/nofp\libc.a(lib_a-isattyr.o)
 .ARM.attributes
                0x00000b6c       0x2d e:/dev/tools/gcc-arm-none-eabi-10-2020-q4-major/bin/../lib/gcc/arm-none-eabi/10.2.1/../../../../arm-none-eabi/lib/thumb/v7-m/nofp\libc.a(lib_a-lseekr.o)
 .ARM.attributes
                0x00000b99       0x2d e:/dev/tools/gcc-arm-none-eabi-10-2020-q4-major/bin/../lib/gcc/arm-none-eabi/10.2.1/../../../../arm-none-eabi/lib/thumb/v7-m/nofp\libc.a(lib_a-readr.o)
 .ARM.attributes
                0x00000bc6       0x1d e:/dev/tools/gcc-arm-none-eabi-10-2020-q4-major/bin/../lib/gcc/arm-none-eabi/10.2.1/thumb/v7-m/nofp\libgcc.a(_arm_addsubdf3.o)
 .ARM.attributes
                0x00000be3       0x1d e:/dev/tools/gcc-arm-none-eabi-10-2020-q4-major/bin/../lib/gcc/arm-none-eabi/10.2.1/thumb/v7-m/nofp\libgcc.a(_arm_muldivdf3.o)
 .ARM.attributes
                0x00000c00       0x1d e:/dev/tools/gcc-arm-none-eabi-10-2020-q4-major/bin/../lib/gcc/arm-none-eabi/10.2.1/thumb/v7-m/nofp\libgcc.a(_arm_cmpdf2.o)
 .ARM.attributes
                0x00000c1d       0x1d e:/dev/tools/gcc-arm-none-eabi-10-2020-q4-major/bin/../lib/gcc/arm-none-eabi/10.2.1/thumb/v7-m/nofp\libgcc.a(_arm_unorddf2.o)
 .ARM.attributes
                0x00000c3a       0x1d e:/dev/tools/gcc-arm-none-eabi-10-2020-q4-major/bin/../lib/gcc/arm-none-eabi/10.2.1/thumb/v7-m/nofp\libgcc.a(_arm_fixdfsi.o)
 .ARM.attributes
                0x00000c57       0x1d e:/dev/tools/gcc-arm-none-eabi-10-2020-q4-major/bin/../lib/gcc/arm-none-eabi/10.2.1/thumb/v7-m/nofp\libgcc.a(_aeabi_uldivmod.o)
 .ARM.attributes
                0x00000c74       0x2d e:/dev/tools/gcc-arm-none-eabi-10-2020-q4-major/bin/../lib/gcc/arm-none-eabi/10.2.1/thumb/v7-m/nofp\libgcc.a(_udivmoddi4.o)
 .ARM.attributes
                0x00000ca1       0x2d e:/dev/tools/gcc-arm-none-eabi-10-2020-q4-major/bin/../lib/gcc/arm-none-eabi/10.2.1/thumb/v7-m/nofp\libgcc.a(unwind-arm.o)
 .ARM.attributes
                0x00000cce       0x1d e:/dev/tools/gcc-arm-none-eabi-10-2020-q4-major/bin/../lib/gcc/arm-none-eabi/10.2.1/thumb/v7-m/nofp\libgcc.a(libunwind.o)
 .ARM.attributes
                0x00000ceb       0x2d e:/dev/tools/gcc-arm-none-eabi-10-2020-q4-major/bin/../lib/gcc/arm-none-eabi/10.2.1/thumb/v7-m/nofp\libgcc.a(pr-support.o)
 .ARM.attributes
                0x00000d18       0x1d e:/dev/tools/gcc-arm-none-eabi-10-2020-q4-major/bin/../lib/gcc/arm-none-eabi/10.2.1/thumb/v7-m/nofp\libgcc.a(_dvmd_tls.o)
 .ARM.attributes
                0x00000d35       0x2d e:/dev/tools/gcc-arm-none-eabi-10-2020-q4-major/bin/../lib/gcc/arm-none-eabi/10.2.1/../../../../arm-none-eabi/lib/thumb/v7-m/nofp\libnosys.a(close.o)
 .ARM.attributes
                0x00000d62       0x2d e:/dev/tools/gcc-arm-none-eabi-10-2020-q4-major/bin/../lib/gcc/arm-none-eabi/10.2.1/../../../../arm-none-eabi/lib/thumb/v7-m/nofp\libnosys.a(fstat.o)
 .ARM.attributes
                0x00000d8f       0x2d e:/dev/tools/gcc-arm-none-eabi-10-2020-q4-major/bin/../lib/gcc/arm-none-eabi/10.2.1/../../../../arm-none-eabi/lib/thumb/v7-m/nofp\libnosys.a(getpid.o)
 .ARM.attributes
                0x00000dbc       0x2d e:/dev/tools/gcc-arm-none-eabi-10-2020-q4-major/bin/../lib/gcc/arm-none-eabi/10.2.1/../../../../arm-none-eabi/lib/thumb/v7-m/nofp\libnosys.a(isatty.o)
 .ARM.attributes
                0x00000de9       0x2d e:/dev/tools/gcc-arm-none-eabi-10-2020-q4-major/bin/../lib/gcc/arm-none-eabi/10.2.1/../../../../arm-none-eabi/lib/thumb/v7-m/nofp\libnosys.a(kill.o)
 .ARM.attributes
                0x00000e16       0x2d e:/dev/tools/gcc-arm-none-eabi-10-2020-q4-major/bin/../lib/gcc/arm-none-eabi/10.2.1/../../../../arm-none-eabi/lib/thumb/v7-m/nofp\libnosys.a(lseek.o)
 .ARM.attributes
                0x00000e43       0x2d e:/dev/tools/gcc-arm-none-eabi-10-2020-q4-major/bin/../lib/gcc/arm-none-eabi/10.2.1/../../../../arm-none-eabi/lib/thumb/v7-m/nofp\libnosys.a(read.o)
 .ARM.attributes
                0x00000e70       0x2d e:/dev/tools/gcc-arm-none-eabi-10-2020-q4-major/bin/../lib/gcc/arm-none-eabi/10.2.1/../../../../arm-none-eabi/lib/thumb/v7-m/nofp\libnosys.a(sbrk.o)
 .ARM.attributes
                0x00000e9d       0x2d e:/dev/tools/gcc-arm-none-eabi-10-2020-q4-major/bin/../lib/gcc/arm-none-eabi/10.2.1/../../../../arm-none-eabi/lib/thumb/v7-m/nofp\libnosys.a(write.o)
 .ARM.attributes
                0x00000eca       0x2d e:/dev/tools/gcc-arm-none-eabi-10-2020-q4-major/bin/../lib/gcc/arm-none-eabi/10.2.1/../../../../arm-none-eabi/lib/thumb/v7-m/nofp\libnosys.a(_exit.o)
 .ARM.attributes
                0x00000ef7       0x1d e:/dev/tools/gcc-arm-none-eabi-10-2020-q4-major/bin/../lib/gcc/arm-none-eabi/10.2.1/thumb/v7-m/nofp/crtn.o
OUTPUT(build/TestProject.elf elf32-littlearm)
LOAD linker stubs
LOAD e:/dev/tools/gcc-arm-none-eabi-10-2020-q4-major/bin/../lib/gcc/arm-none-eabi/10.2.1/../../../../arm-none-eabi/lib/thumb/v7-m/nofp\libc.a
LOAD e:/dev/tools/gcc-arm-none-eabi-10-2020-q4-major/bin/../lib/gcc/arm-none-eabi/10.2.1/../../../../arm-none-eabi/lib/thumb/v7-m/nofp\libm.a
LOAD e:/dev/tools/gcc-arm-none-eabi-10-2020-q4-major/bin/../lib/gcc/arm-none-eabi/10.2.1/thumb/v7-m/nofp\libgcc.a

.debug_info     0x00000000     0x8f25
 .debug_info    0x00000000     0x27f8 build/main.o
 .debug_info    0x000027f8      0xb32 build/stm32f1xx_hal_msp.o
 .debug_info    0x0000332a      0x7b0 build/stm32f1xx_it.o
 .debug_info    0x00003ada      0x26e build/system_stm32f1xx.o
 .debug_info    0x00003d48      0x2fa build/wiegand.o
 .debug_info    0x00004042      0x92b build/stm32f1xx_hal.o
 .debug_info    0x0000496d     0x10fc build/stm32f1xx_hal_cortex.o
 .debug_info    0x00005a69      0x8ba build/stm32f1xx_hal_dma.o
 .debug_info    0x00006323      0x6d7 build/stm32f1xx_hal_gpio.o
 .debug_info    0x000069fa      0xb5c build/stm32f1xx_hal_rcc.o
 .debug_info    0x00007556     0x19ad build/stm32f1xx_hal_uart.o
 .debug_info    0x00008f03       0x22 build/startup_stm32f103xg.o

.debug_abbrev   0x00000000     0x1a7e
 .debug_abbrev  0x00000000      0x517 build/main.o
 .debug_abbrev  0x00000517      0x1d0 build/stm32f1xx_hal_msp.o
 .debug_abbrev  0x000006e7      0x1ab build/stm32f1xx_it.o
 .debug_abbrev  0x00000892      0x140 build/system_stm32f1xx.o
 .debug_abbrev  0x000009d2      0x146 build/wiegand.o
 .debug_abbrev  0x00000b18      0x209 build/stm32f1xx_hal.o
 .debug_abbrev  0x00000d21      0x382 build/stm32f1xx_hal_cortex.o
 .debug_abbrev  0x000010a3      0x262 build/stm32f1xx_hal_dma.o
 .debug_abbrev  0x00001305      0x222 build/stm32f1xx_hal_gpio.o
 .debug_abbrev  0x00001527      0x29a build/stm32f1xx_hal_rcc.o
 .debug_abbrev  0x000017c1      0x2ab build/stm32f1xx_hal_uart.o
 .debug_abbrev  0x00001a6c       0x12 build/startup_stm32f103xg.o

.debug_loc      0x00000000     0x4bf1
 .debug_loc     0x00000000      0x95d build/main.o
 .debug_loc     0x0000095d      0x129 build/stm32f1xx_hal_msp.o
 .debug_loc     0x00000a86       0xe0 build/stm32f1xx_it.o
 .debug_loc     0x00000b66       0xff build/system_stm32f1xx.o
 .debug_loc     0x00000c65      0x1d9 build/wiegand.o
 .debug_loc     0x00000e3e      0x1e1 build/stm32f1xx_hal.o
 .debug_loc     0x0000101f      0x7a4 build/stm32f1xx_hal_cortex.o
 .debug_loc     0x000017c3      0x8ea build/stm32f1xx_hal_dma.o
 .debug_loc     0x000020ad      0x551 build/stm32f1xx_hal_gpio.o
 .debug_loc     0x000025fe      0x7ee build/stm32f1xx_hal_rcc.o
 .debug_loc     0x00002dec     0x1e05 build/stm32f1xx_hal_uart.o

.debug_aranges  0x00000000      0x6e0
 .debug_aranges
                0x00000000       0xc0 build/main.o
 .debug_aranges
                0x000000c0       0x30 build/stm32f1xx_hal_msp.o
 .debug_aranges
                0x000000f0       0x90 build/stm32f1xx_it.o
 .debug_aranges
                0x00000180       0x28 build/system_stm32f1xx.o
 .debug_aranges
                0x000001a8       0x50 build/wiegand.o
 .debug_aranges
                0x000001f8       0xe0 build/stm32f1xx_hal.o
 .debug_aranges
                0x000002d8       0xa8 build/stm32f1xx_hal_cortex.o
 .debug_aranges
                0x00000380       0x80 build/stm32f1xx_hal_dma.o
 .debug_aranges
                0x00000400       0x58 build/stm32f1xx_hal_gpio.o
 .debug_aranges
                0x00000458       0x90 build/stm32f1xx_hal_rcc.o
 .debug_aranges
                0x000004e8      0x1d0 build/stm32f1xx_hal_uart.o
 .debug_aranges
                0x000006b8       0x28 build/startup_stm32f103xg.o

.debug_ranges   0x00000000      0x6d8
 .debug_ranges  0x00000000       0xe0 build/main.o
 .debug_ranges  0x000000e0       0x20 build/stm32f1xx_hal_msp.o
 .debug_ranges  0x00000100       0x80 build/stm32f1xx_it.o
 .debug_ranges  0x00000180       0x18 build/system_stm32f1xx.o
 .debug_ranges  0x00000198       0x40 build/wiegand.o
 .debug_ranges  0x000001d8       0xd0 build/stm32f1xx_hal.o
 .debug_ranges  0x000002a8       0xf8 build/stm32f1xx_hal_cortex.o
 .debug_ranges  0x000003a0       0x70 build/stm32f1xx_hal_dma.o
 .debug_ranges  0x00000410       0x48 build/stm32f1xx_hal_gpio.o
 .debug_ranges  0x00000458       0xa0 build/stm32f1xx_hal_rcc.o
 .debug_ranges  0x000004f8      0x1c0 build/stm32f1xx_hal_uart.o
 .debug_ranges  0x000006b8       0x20 build/startup_stm32f103xg.o

.debug_line     0x00000000     0x63a7
 .debug_line    0x00000000      0xff8 build/main.o
 .debug_line    0x00000ff8      0x29f build/stm32f1xx_hal_msp.o
 .debug_line    0x00001297      0x361 build/stm32f1xx_it.o
 .debug_line    0x000015f8      0x224 build/system_stm32f1xx.o
 .debug_line    0x0000181c      0x45b build/wiegand.o
 .debug_line    0x00001c77      0x50c build/stm32f1xx_hal.o
 .debug_line    0x00002183      0x772 build/stm32f1xx_hal_cortex.o
 .debug_line    0x000028f5      0xcc9 build/stm32f1xx_hal_dma.o
 .debug_line    0x000035be      0x5d5 build/stm32f1xx_hal_gpio.o
 .debug_line    0x00003b93      0xc0a build/stm32f1xx_hal_rcc.o
 .debug_line    0x0000479d     0x1b96 build/stm32f1xx_hal_uart.o
 .debug_line    0x00006333       0x74 build/startup_stm32f103xg.o

.debug_str      0x00000000     0x2973
 .debug_str     0x00000000     0x1471 build/main.o
                               0x16a1 (size before relaxing)
 .debug_str     0x00001471      0x134 build/stm32f1xx_hal_msp.o
                                0xa42 (size before relaxing)
 .debug_str     0x000015a5      0x14a build/stm32f1xx_it.o
                                0x653 (size before relaxing)
 .debug_str     0x000016ef       0x7b build/system_stm32f1xx.o
                                0x227 (size before relaxing)
 .debug_str     0x0000176a       0xdb build/wiegand.o
                                0x27f (size before relaxing)
 .debug_str     0x00001845      0x2a3 build/stm32f1xx_hal.o
                                0x918 (size before relaxing)
 .debug_str     0x00001ae8      0x493 build/stm32f1xx_hal_cortex.o
                                0xae0 (size before relaxing)
 .debug_str     0x00001f7b      0x241 build/stm32f1xx_hal_dma.o
                                0x5d0 (size before relaxing)
 .debug_str     0x000021bc       0xba build/stm32f1xx_hal_gpio.o
                                0x3d3 (size before relaxing)
 .debug_str     0x00002276      0x1d7 build/stm32f1xx_hal_rcc.o
                                0x618 (size before relaxing)
 .debug_str     0x0000244d      0x502 build/stm32f1xx_hal_uart.o
                                0xb75 (size before relaxing)
 .debug_str     0x0000294f       0x24 build/startup_stm32f103xg.o
                                 0x46 (size before relaxing)

.comment        0x00000000       0x4d
 .comment       0x00000000       0x4d build/main.o
                                 0x4e (size before relaxing)
 .comment       0x0000004d       0x4e build/stm32f1xx_hal_msp.o
 .comment       0x0000004d       0x4e build/stm32f1xx_it.o
 .comment       0x0000004d       0x4e build/system_stm32f1xx.o
 .comment       0x0000004d       0x4e build/wiegand.o
 .comment       0x0000004d       0x4e build/stm32f1xx_hal.o
 .comment       0x0000004d       0x4e build/stm32f1xx_hal_cortex.o
 .comment       0x0000004d       0x4e build/stm32f1xx_hal_dma.o
 .comment       0x0000004d       0x4e build/stm32f1xx_hal_gpio.o
 .comment       0x0000004d       0x4e build/stm32f1xx_hal_rcc.o
 .comment       0x0000004d       0x4e build/stm32f1xx_hal_uart.o

.debug_frame    0x00000000     0x2ac4
 .debug_frame   0x00000000      0x214 build/main.o
 .debug_frame   0x00000214       0x64 build/stm32f1xx_hal_msp.o
 .debug_frame   0x00000278      0x138 build/stm32f1xx_it.o
 .debug_frame   0x000003b0       0x30 build/system_stm32f1xx.o
 .debug_frame   0x000003e0       0x9c build/wiegand.o
 .debug_frame   0x0000047c      0x1cc build/stm32f1xx_hal.o
 .debug_frame   0x00000648      0x148 build/stm32f1xx_hal_cortex.o
 .debug_frame   0x00000790      0x140 build/stm32f1xx_hal_dma.o
 .debug_frame   0x000008d0       0xe4 build/stm32f1xx_hal_gpio.o
 .debug_frame   0x000009b4      0x190 build/stm32f1xx_hal_rcc.o
 .debug_frame   0x00000b44      0x4e8 build/stm32f1xx_hal_uart.o
 .debug_frame   0x0000102c       0x2c e:/dev/tools/gcc-arm-none-eabi-10-2020-q4-major/bin/../lib/gcc/arm-none-eabi/10.2.1/../../../../arm-none-eabi/lib/thumb/v7-m/nofp\libc.a(lib_a-init.o)
 .debug_frame   0x00001058       0x2c e:/dev/tools/gcc-arm-none-eabi-10-2020-q4-major/bin/../lib/gcc/arm-none-eabi/10.2.1/../../../../arm-none-eabi/lib/thumb/v7-m/nofp\libc.a(lib_a-memset.o)
 .debug_frame   0x00001084       0x20 e:/dev/tools/gcc-arm-none-eabi-10-2020-q4-major/bin/../lib/gcc/arm-none-eabi/10.2.1/../../../../arm-none-eabi/lib/thumb/v7-m/nofp\libc.a(lib_a-strlen-stub.o)
 .debug_frame   0x000010a4       0x60 e:/dev/tools/gcc-arm-none-eabi-10-2020-q4-major/bin/../lib/gcc/arm-none-eabi/10.2.1/../../../../arm-none-eabi/lib/thumb/v7-m/nofp\libc.a(lib_a-vsnprintf.o)
 .debug_frame   0x00001104       0x5c e:/dev/tools/gcc-arm-none-eabi-10-2020-q4-major/bin/../lib/gcc/arm-none-eabi/10.2.1/../../../../arm-none-eabi/lib/thumb/v7-m/nofp\libc.a(lib_a-__call_atexit.o)
 .debug_frame   0x00001160       0x20 e:/dev/tools/gcc-arm-none-eabi-10-2020-q4-major/bin/../lib/gcc/arm-none-eabi/10.2.1/../../../../arm-none-eabi/lib/thumb/v7-m/nofp\libc.a(lib_a-atexit.o)
 .debug_frame   0x00001180       0x34 e:/dev/tools/gcc-arm-none-eabi-10-2020-q4-major/bin/../lib/gcc/arm-none-eabi/10.2.1/../../../../arm-none-eabi/lib/thumb/v7-m/nofp\libc.a(lib_a-fini.o)